Archive member included to satisfy reference by file (symbol)

/opt/libdragon/bin/../lib/gcc/mips64-elf/14.2.0/../../../../mips64-elf/lib/libdragon.a(n64sys.o)
                              /mnt/c/Users/lesli/workspace/tiny3d_Rum//build/libt3d.a (data_cache_hit_writeback)
/opt/libdragon/bin/../lib/gcc/mips64-elf/14.2.0/../../../../mips64-elf/lib/libdragon.a(interrupt.o)
                              /opt/libdragon/bin/../lib/gcc/mips64-elf/14.2.0/../../../../mips64-elf/lib/libdragon.a(n64sys.o) (disable_interrupts)
/opt/libdragon/bin/../lib/gcc/mips64-elf/14.2.0/../../../../mips64-elf/lib/libdragon.a(fmath.o)
                              /mnt/c/Users/lesli/workspace/tiny3d_Rum//build/libt3d.a (fm_sinf)
/opt/libdragon/bin/../lib/gcc/mips64-elf/14.2.0/../../../../mips64-elf/lib/libdragon.a(entrypoint.o)
                              (_start)
/opt/libdragon/bin/../lib/gcc/mips64-elf/14.2.0/../../../../mips64-elf/lib/libdragon.a(debug.o)
                              build/main.o (debug_init_usblog)
/opt/libdragon/bin/../lib/gcc/mips64-elf/14.2.0/../../../../mips64-elf/lib/libdragon.a(usb.o)
                              /opt/libdragon/bin/../lib/gcc/mips64-elf/14.2.0/../../../../mips64-elf/lib/libdragon.a(debug.o) (usb_write)
/opt/libdragon/bin/../lib/gcc/mips64-elf/14.2.0/../../../../mips64-elf/lib/libdragon.a(cart.o)
                              /opt/libdragon/bin/../lib/gcc/mips64-elf/14.2.0/../../../../mips64-elf/lib/libdragon.a(debug.o) (cart_init)
/opt/libdragon/bin/../lib/gcc/mips64-elf/14.2.0/../../../../mips64-elf/lib/libdragon.a(ff.o)
                              /opt/libdragon/bin/../lib/gcc/mips64-elf/14.2.0/../../../../mips64-elf/lib/libdragon.a(debug.o) (f_mount)
/opt/libdragon/bin/../lib/gcc/mips64-elf/14.2.0/../../../../mips64-elf/lib/libdragon.a(ffunicode.o)
                              /opt/libdragon/bin/../lib/gcc/mips64-elf/14.2.0/../../../../mips64-elf/lib/libdragon.a(ff.o) (ff_uni2oem)
/opt/libdragon/bin/../lib/gcc/mips64-elf/14.2.0/../../../../mips64-elf/lib/libdragon.a(fat.o)
                              /opt/libdragon/bin/../lib/gcc/mips64-elf/14.2.0/../../../../mips64-elf/lib/libdragon.a(ff.o) (disk_initialize)
/opt/libdragon/bin/../lib/gcc/mips64-elf/14.2.0/../../../../mips64-elf/lib/libdragon.a(dragonfs.o)
                              build/main.o (dfs_init)
/opt/libdragon/bin/../lib/gcc/mips64-elf/14.2.0/../../../../mips64-elf/lib/libdragon.a(audio.o)
                              build/music.o (audio_init)
/opt/libdragon/bin/../lib/gcc/mips64-elf/14.2.0/../../../../mips64-elf/lib/libdragon.a(display.o)
                              build/main.o (display_init)
/opt/libdragon/bin/../lib/gcc/mips64-elf/14.2.0/../../../../mips64-elf/lib/libdragon.a(surface.o)
                              /opt/libdragon/bin/../lib/gcc/mips64-elf/14.2.0/../../../../mips64-elf/lib/libdragon.a(display.o) (surface_alloc)
/opt/libdragon/bin/../lib/gcc/mips64-elf/14.2.0/../../../../mips64-elf/lib/libdragon.a(asset.o)
                              build/main.o (__asset_init_compression_lvl2)
/opt/libdragon/bin/../lib/gcc/mips64-elf/14.2.0/../../../../mips64-elf/lib/libdragon.a(lz4_dec.o)
                              /opt/libdragon/bin/../lib/gcc/mips64-elf/14.2.0/../../../../mips64-elf/lib/libdragon.a(asset.o) (decompress_lz4_full_inplace)
/opt/libdragon/bin/../lib/gcc/mips64-elf/14.2.0/../../../../mips64-elf/lib/libdragon.a(lz4_dec_fast.o)
                              /opt/libdragon/bin/../lib/gcc/mips64-elf/14.2.0/../../../../mips64-elf/lib/libdragon.a(lz4_dec.o) (decompress_lz4_full_fast)
/opt/libdragon/bin/../lib/gcc/mips64-elf/14.2.0/../../../../mips64-elf/lib/libdragon.a(ringbuf.o)
                              /opt/libdragon/bin/../lib/gcc/mips64-elf/14.2.0/../../../../mips64-elf/lib/libdragon.a(lz4_dec.o) (__ringbuf_init)
/opt/libdragon/bin/../lib/gcc/mips64-elf/14.2.0/../../../../mips64-elf/lib/libdragon.a(aplib_dec.o)
                              /opt/libdragon/bin/../lib/gcc/mips64-elf/14.2.0/../../../../mips64-elf/lib/libdragon.a(asset.o) (decompress_aplib_init)
/opt/libdragon/bin/../lib/gcc/mips64-elf/14.2.0/../../../../mips64-elf/lib/libdragon.a(shrinkler_dec.o)
                              /opt/libdragon/bin/../lib/gcc/mips64-elf/14.2.0/../../../../mips64-elf/lib/libdragon.a(asset.o) (decompress_shrinkler_full_inplace)
/opt/libdragon/bin/../lib/gcc/mips64-elf/14.2.0/../../../../mips64-elf/lib/libdragon.a(joypad.o)
                              build/menu.o (joypad_poll)
/opt/libdragon/bin/../lib/gcc/mips64-elf/14.2.0/../../../../mips64-elf/lib/libdragon.a(joypad_accessory.o)
                              /opt/libdragon/bin/../lib/gcc/mips64-elf/14.2.0/../../../../mips64-elf/lib/libdragon.a(joypad.o) (joypad_accessory_detect_async)
/opt/libdragon/bin/../lib/gcc/mips64-elf/14.2.0/../../../../mips64-elf/lib/libdragon.a(rsp.o)
                              /opt/libdragon/bin/../lib/gcc/mips64-elf/14.2.0/../../../../mips64-elf/lib/libdragon.a(display.o) (__rsp_crash)
[...]
Memory Configuration

Name             Origin             Length             Attributes
*default*        0x00000000         0xffffffff

Linker script and memory map

LOAD /opt/libdragon/bin/../lib/gcc/mips64-elf/14.2.0/crti.o
LOAD /opt/libdragon/bin/../lib/gcc/mips64-elf/14.2.0/crtbegin.o
LOAD build/banners.o
LOAD build/bullets.o
LOAD build/camera.o
LOAD build/collision.o
LOAD build/level_update.o
LOAD build/levels.o
LOAD build/main.o
LOAD build/map.o
LOAD build/menu.o
LOAD build/music.o
LOAD build/slayer.o
LOAD build/tutorial.o
LOAD build/zombie.o
LOAD /mnt/c/Users/lesli/workspace/tiny3d_Rum//build/libt3d.a
LOAD /opt/libdragon/bin/../lib/gcc/mips64-elf/14.2.0/../../../../mips64-elf/lib/libdragon.a
LOAD /opt/libdragon/bin/../lib/gcc/mips64-elf/14.2.0/../../../../mips64-elf/lib/libm.a
LOAD /opt/libdragon/bin/../lib/gcc/mips64-elf/14.2.0/../../../../mips64-elf/lib/libdragonsys.a

.intvectors     0x80000000      0x188
                0x80000000                        . = ALIGN (0x20)
 *(.intvectors)
 .intvectors    0x80000000      0x188 /opt/libdragon/bin/../lib/gcc/mips64-elf/14.2.0/../../../../mips64-elf/lib/libdragon.a(inthandler.o)
                0x80000188                        __intvectors_end = .

.text           0x80000400    0x446b0
                0x80000400                        __text_start = .
 *(.boot)
 .boot          0x80000400       0x74 /opt/libdragon/bin/../lib/gcc/mips64-elf/14.2.0/../../../../mips64-elf/lib/libdragon.a(entrypoint.o)
                0x80000400                _start
                0x80000480                        . = ALIGN (0x10)
 *fill*         0x80000474        0xc 
 *(.text)
 .text          0x80000480      0x400 /opt/libdragon/bin/../lib/gcc/mips64-elf/14.2.0/../../../../mips64-elf/lib/libdragon.a(inthandler.o)
                0x80000480                inthandler
                0x80000880                inthandler_end
 .text          0x80000880      0x1c0 /opt/libdragon/bin/../lib/gcc/mips64-elf/14.2.0/../../../../mips64-elf/lib/libm.a(libm_a-s_floor.o)
                0x80000880                floor
 .text          0x80000a40        0x8 /opt/libdragon/bin/../lib/gcc/mips64-elf/14.2.0/../../../../mips64-elf/lib/libm.a(libm_a-wf_atan2.o)
                0x80000a40                atan2f
 .text          0x80000a48       0x80 /opt/libdragon/bin/../lib/gcc/mips64-elf/14.2.0/../../../../mips64-elf/lib/libm.a(libm_a-wf_fmod.o)
                0x80000a48                fmodf
 .text          0x80000ac8      0x110 /opt/libdragon/bin/../lib/gcc/mips64-elf/14.2.0/../../../../mips64-elf/lib/libm.a(libm_a-sf_ceil.o)
                0x80000ac8                ceilf
 .text          0x80000bd8       0xe8 /opt/libdragon/bin/../lib/gcc/mips64-elf/14.2.0/../../../../mips64-elf/lib/libm.a(libm_a-sf_cos.o)
                0x80000bd8                cosf
 .text          0x80000cc0       0x20 /opt/libdragon/bin/../lib/gcc/mips64-elf/14.2.0/../../../../mips64-elf/lib/libm.a(libm_a-sf_fabs.o)
                0x80000cc0                fabsf
 .text          0x80000ce0      0x110 /opt/libdragon/bin/../lib/gcc/mips64-elf/14.2.0/../../../../mips64-elf/lib/libm.a(libm_a-sf_floor.o)
                0x80000ce0                floorf
 .text          0x80000df0       0xe8 /opt/libdragon/bin/../lib/gcc/mips64-elf/14.2.0/../../../../mips64-elf/lib/libm.a(libm_a-sf_sin.o)
                0x80000df0                sinf
 .text          0x80000ed8       0x80 /opt/libdragon/bin/../lib/gcc/mips64-elf/14.2.0/../../../../mips64-elf/lib/libm.a(libm_a-sf_tan.o)
                0x80000ed8                tanf
 .text          0x80000f58       0x98 /opt/libdragon/bin/../lib/gcc/mips64-elf/14.2.0/../../../../mips64-elf/lib/libm.a(libm_a-sf_round.o)
                0x80000f58                roundf
 .text          0x80000ff0      0x190 /opt/libdragon/bin/../lib/gcc/mips64-elf/14.2.0/../../../../mips64-elf/lib/libm.a(libm_a-kf_cos.o)
                0x80000ff0                __kernel_cosf
 .text          0x80001180       0xd0 /opt/libdragon/bin/../lib/gcc/mips64-elf/14.2.0/../../../../mips64-elf/lib/libm.a(libm_a-kf_sin.o)
                0x80001180                __kernel_sinf
 .text          0x80001250      0x2b0 /opt/libdragon/bin/../lib/gcc/mips64-elf/14.2.0/../../../../mips64-elf/lib/libm.a(libm_a-kf_tan.o)
                0x80001250                __kernel_tanf
 .text          0x80001500      0x218 /opt/libdragon/bin/../lib/gcc/mips64-elf/14.2.0/../../../../mips64-elf/lib/libm.a(libm_a-ef_atan2.o)
                0x80001500                __ieee754_atan2f
 .text          0x80001718      0x2b8 /opt/libdragon/bin/../lib/gcc/mips64-elf/14.2.0/../../../../mips64-elf/lib/libm.a(libm_a-ef_fmod.o)
                0x80001718                __ieee754_fmodf
 .text          0x800019d0      0x370 /opt/libdragon/bin/../lib/gcc/mips64-elf/14.2.0/../../../../mips64-elf/lib/libm.a(libm_a-ef_rem_pio2.o)
                0x800019d0                __ieee754_rem_pio2f
 .text          0x80001d40      0x2b8 /opt/libdragon/bin/../lib/gcc/mips64-elf/14.2.0/../../../../mips64-elf/lib/libm.a(libm_a-sf_atan.o)
                0x80001d40                atanf
 .text          0x80001ff8      0x9a0 /opt/libdragon/bin/../lib/gcc/mips64-elf/14.2.0/../../../../mips64-elf/lib/libm.a(libm_a-kf_rem_pio2.o)
                0x80001ff8                __kernel_rem_pio2f
 .text          0x80002998      0x188 /opt/libdragon/bin/../lib/gcc/mips64-elf/14.2.0/../../../../mips64-elf/lib/libm.a(libm_a-sf_scalbn.o)
                0x80002998                scalbnf
 .text          0x80002b20       0x18 /opt/libdragon/bin/../lib/gcc/mips64-elf/14.2.0/../../../../mips64-elf/lib/libc.a(libc_a-abort.o)
                0x80002b20                abort
 .text          0x80002b38       0x18 /opt/libdragon/bin/../lib/gcc/mips64-elf/14.2.0/../../../../mips64-elf/lib/libc.a(libc_a-calloc.o)
                0x80002b38                calloc
 .text          0x80002b50      0x120 /opt/libdragon/bin/../lib/gcc/mips64-elf/14.2.0/../../../../mips64-elf/lib/libc.a(libc_a-callocr.o)
                0x80002b50                _calloc_r
 .text          0x80002c70       0x20 /opt/libdragon/bin/../lib/gcc/mips64-elf/14.2.0/../../../../mips64-elf/lib/libc.a(libc_a-malloc.o)
                0x80002c70                malloc
                0x80002c80                free
 .text          0x80002c90      0x8c8 /opt/libdragon/bin/../lib/gcc/mips64-elf/14.2.0/../../../../mips64-elf/lib/libc.a(libc_a-mallocr.o)
                0x80002c90                _malloc_r
 .text          0x80003558       0x20 /opt/libdragon/bin/../lib/gcc/mips64-elf/14.2.0/../../../../mips64-elf/lib/libc.a(libc_a-mlock.o)
                0x80003558                __malloc_lock
                0x80003568                __malloc_unlock
 .text          0x80003578       0xc0 /opt/libdragon/bin/../lib/gcc/mips64-elf/14.2.0/../../../../mips64-elf/lib/libc.a(libc_a-mstats.o)
                0x80003578                mallinfo
                0x800035a8                malloc_stats
                0x800035b0                mallopt
                0x800035c8                _mstats_r
                0x80003600                mstats
 .text          0x80003638       0x18 /opt/libdragon/bin/../lib/gcc/mips64-elf/14.2.0/../../../../mips64-elf/lib/libc.a(libc_a-realloc.o)
                0x80003638                realloc
 .text          0x80003650      0x600 /opt/libdragon/bin/../lib/gcc/mips64-elf/14.2.0/../../../../mips64-elf/lib/libc.a(libc_a-reallocr.o)
                0x80003650                _realloc_r
 .text          0x80003c50       0x18 /opt/libdragon/bin/../lib/gcc/mips64-elf/14.2.0/../../../../mips64-elf/lib/libc.a(libc_a-malign.o)
                0x80003c50                memalign
 .text          0x80003c68      0x200 /opt/libdragon/bin/../lib/gcc/mips64-elf/14.2.0/../../../../mips64-elf/lib/libc.a(libc_a-malignr.o)
                0x80003c68                _memalign_r
 .text          0x80003e68       0xf8 /opt/libdragon/bin/../lib/gcc/mips64-elf/14.2.0/../../../../mips64-elf/lib/libc.a(libc_a-malloptr.o)
                0x80003e68                _mallopt_r
 .text          0x80003f60      0xb00 /opt/libdragon/bin/../lib/gcc/mips64-elf/14.2.0/../../../../mips64-elf/lib/libc.a(libc_a-qsort.o)
                0x80003f60                qsort
 .text          0x80004a60       0x68 /opt/libdragon/bin/../lib/gcc/mips64-elf/14.2.0/../../../../mips64-elf/lib/libc.a(libc_a-fiprintf.o)
                0x80004a60                _fiprintf_r
                0x80004a88                fiprintf
 .text          0x80004ac8     0x2a08 /opt/libdragon/bin/../lib/gcc/mips64-elf/14.2.0/../../../../mips64-elf/lib/libc.a(libc_a-vfprintf.o)
                0x80004ac8                _vfprintf_r
                0x800073b8                vfprintf
 .text          0x800074d0     0x1500 /opt/libdragon/bin/../lib/gcc/mips64-elf/14.2.0/../../../../mips64-elf/lib/libc.a(libc_a-vfiprintf.o)
                0x800074d0                _vfiprintf_r
                0x800088b8                vfiprintf
 .text          0x800089d0       0x40 /opt/libdragon/bin/../lib/gcc/mips64-elf/14.2.0/../../../../mips64-elf/lib/libc.a(libc_a-sprint_r.o)
                0x800089d0                __sprint_r
 .text          0x80008a10      0x1b0 /opt/libdragon/bin/../lib/gcc/mips64-elf/14.2.0/../../../../mips64-elf/lib/libc.a(libc_a-fclose.o)
                0x80008a10                _fclose_r
                0x80008bb0                fclose
 .text          0x80008bc0      0x458 /opt/libdragon/bin/../lib/gcc/mips64-elf/14.2.0/../../../../mips64-elf/lib/libc.a(libc_a-fflush.o)
                0x80008bc0                __sflush_r
                0x80008e18                _fflush_r
                0x80008f20                fflush
 .text          0x80009018      0x510 /opt/libdragon/bin/../lib/gcc/mips64-elf/14.2.0/../../../../mips64-elf/lib/libc.a(libc_a-findfp.o)
                0x800092b0                __sfp
                0x80009420                __sinit
                0x80009498                __sfp_lock_acquire
                0x800094a8                __sfp_lock_release
                0x800094b8                __fp_lock_all
                0x800094f0                __fp_unlock_all
 .text          0x80009528       0x68 /opt/libdragon/bin/../lib/gcc/mips64-elf/14.2.0/../../../../mips64-elf/lib/libc.a(libc_a-fprintf.o)
                0x80009528                _fprintf_r
                0x80009550                fprintf
 .text          0x80009590      0x190 /opt/libdragon/bin/../lib/gcc/mips64-elf/14.2.0/../../../../mips64-elf/lib/libc.a(libc_a-fputc.o)
                0x80009590                _fputc_r
                0x80009658                fputc
 .text          0x80009720      0x180 /opt/libdragon/bin/../lib/gcc/mips64-elf/14.2.0/../../../../mips64-elf/lib/libc.a(libc_a-fputs.o)
                0x80009720                _fputs_r
                0x80009888                fputs
 .text          0x800098a0      0x3d0 /opt/libdragon/bin/../lib/gcc/mips64-elf/14.2.0/../../../../mips64-elf/lib/libc.a(libc_a-fread.o)
                0x800098a0                _fread_r
                0x80009c40                fread
 .text          0x80009c70       0x20 /opt/libdragon/bin/../lib/gcc/mips64-elf/14.2.0/../../../../mips64-elf/lib/libc.a(libc_a-fseek.o)
                0x80009c70                _fseek_r
                0x80009c78                fseek
 .text          0x80009c90      0x508 /opt/libdragon/bin/../lib/gcc/mips64-elf/14.2.0/../../../../mips64-elf/lib/libc.a(libc_a-fvwrite.o)
                0x80009c90                __sfvwrite_r
 .text          0x8000a198       0xc0 /opt/libdragon/bin/../lib/gcc/mips64-elf/14.2.0/../../../../mips64-elf/lib/libc.a(libc_a-fwalk.o)
                0x8000a198                _fwalk_sglue
 .text          0x8000a258      0x250 /opt/libdragon/bin/../lib/gcc/mips64-elf/14.2.0/../../../../mips64-elf/lib/libc.a(libc_a-fwrite.o)
                0x8000a258                _fwrite_r
                0x8000a478                fwrite
 .text          0x8000a4a8       0x78 /opt/libdragon/bin/../lib/gcc/mips64-elf/14.2.0/../../../../mips64-elf/lib/libc.a(libc_a-printf.o)
                0x8000a4a8                _printf_r
                0x8000a4e0                printf
 .text          0x8000a520      0x240 /opt/libdragon/bin/../lib/gcc/mips64-elf/14.2.0/../../../../mips64-elf/lib/libc.a(libc_a-putc.o)
                0x8000a520                _putc_r
                0x8000a630                putc
 .text          0x8000a760       0x20 /opt/libdragon/bin/../lib/gcc/mips64-elf/14.2.0/../../../../mips64-elf/lib/libc.a(libc_a-putchar.o)
                0x8000a760                _putchar_r
                0x8000a768                putchar
 .text          0x8000a780      0x1a8 /opt/libdragon/bin/../lib/gcc/mips64-elf/14.2.0/../../../../mips64-elf/lib/libc.a(libc_a-puts.o)
                0x8000a780                _puts_r
                0x8000a918                puts
 .text          0x8000a928      0x200 /opt/libdragon/bin/../lib/gcc/mips64-elf/14.2.0/../../../../mips64-elf/lib/libc.a(libc_a-refill.o)
                0x8000a950                __srefill_r
 .text          0x8000ab28       0x78 /opt/libdragon/bin/../lib/gcc/mips64-elf/14.2.0/../../../../mips64-elf/lib/libc.a(libc_a-rewind.o)
                0x8000ab28                _rewind_r
                0x8000ab60                rewind
 .text          0x8000aba0      0x2f0 /opt/libdragon/bin/../lib/gcc/mips64-elf/14.2.0/../../../../mips64-elf/lib/libc.a(libc_a-setvbuf.o)
                0x8000aba0                setvbuf
 .text          0x8000ae90      0x1c8 /opt/libdragon/bin/../lib/gcc/mips64-elf/14.2.0/../../../../mips64-elf/lib/libc.a(libc_a-snprintf.o)
                0x8000ae90                _snprintf_r
                0x8000af70                snprintf
 .text          0x8000b058       0xe0 /opt/libdragon/bin/../lib/gcc/mips64-elf/14.2.0/../../../../mips64-elf/lib/libc.a(libc_a-sprintf.o)
                0x8000b058                _sprintf_r
                0x8000b0c0                sprintf
 .text          0x8000b138      0x190 /opt/libdragon/bin/../lib/gcc/mips64-elf/14.2.0/../../../../mips64-elf/lib/libc.a(libc_a-stdio.o)
                0x8000b138                __sread
                0x8000b190                __seofread
                0x8000b198                __swrite
                0x8000b258                __sseek
                0x8000b2c0                __sclose
 .text          0x8000b2c8       0x30 /opt/libdragon/bin/../lib/gcc/mips64-elf/14.2.0/../../../../mips64-elf/lib/libc.a(libc_a-vprintf.o)
                0x8000b2c8                vprintf
                0x8000b2e0                _vprintf_r
 .text          0x8000b2f8       0xc0 /opt/libdragon/bin/../lib/gcc/mips64-elf/14.2.0/../../../../mips64-elf/lib/libc.a(libc_a-vsprintf.o)
                0x8000b2f8                vsprintf
                0x8000b360                _vsprintf_r
 .text          0x8000b3b8      0x1d0 /opt/libdragon/bin/../lib/gcc/mips64-elf/14.2.0/../../../../mips64-elf/lib/libc.a(libc_a-wbuf.o)
                0x8000b3b8                __swbuf_r
                0x8000b570                __swbuf
 .text          0x8000b588      0x1e0 /opt/libdragon/bin/../lib/gcc/mips64-elf/14.2.0/../../../../mips64-elf/lib/libc.a(libc_a-wsetup.o)
                0x8000b588                __swsetup_r
 .text          0x8000b768      0x550 /opt/libdragon/bin/../lib/gcc/mips64-elf/14.2.0/../../../../mips64-elf/lib/libc.a(libc_a-fseeko.o)
                0x8000b768                _fseeko_r
                0x8000bca0                fseeko
 .text          0x8000bcb8      0x488 /opt/libdragon/bin/../lib/gcc/mips64-elf/14.2.0/../../../../mips64-elf/lib/libc.a(libc_a-funopen.o)
                0x8000bf18                _funopen_r
                0x8000c108                funopen
 .text          0x8000c140      0x168 /opt/libdragon/bin/../lib/gcc/mips64-elf/14.2.0/../../../../mips64-elf/lib/libc.a(libc_a-vasnprintf.o)
                0x8000c140                _vasnprintf_r
                0x8000c1f0                vasnprintf
 .text          0x8000c2a8       0xf0 /opt/libdragon/bin/../lib/gcc/mips64-elf/14.2.0/../../../../mips64-elf/lib/libc.a(libc_a-memchr.o)
                0x8000c2a8                memchr
 .text          0x8000c398       0x80 /opt/libdragon/bin/../lib/gcc/mips64-elf/14.2.0/../../../../mips64-elf/lib/libc.a(libc_a-memcmp.o)
                0x8000c398                memcmp
 .text          0x8000c418      0x168 /opt/libdragon/bin/../lib/gcc/mips64-elf/14.2.0/../../../../mips64-elf/lib/libc.a(libc_a-memmove.o)
                0x8000c418                memmove
 .text          0x8000c580       0x98 /opt/libdragon/bin/../lib/gcc/mips64-elf/14.2.0/../../../../mips64-elf/lib/libc.a(libc_a-strcat.o)
                0x8000c580                strcat
 .text          0x8000c618      0x188 /opt/libdragon/bin/../lib/gcc/mips64-elf/14.2.0/../../../../mips64-elf/lib/libc.a(libc_a-strchr.o)
                0x8000c618                strchr
 .text          0x8000c7a0       0xa8 /opt/libdragon/bin/../lib/gcc/mips64-elf/14.2.0/../../../../mips64-elf/lib/libc.a(libc_a-strcpy.o)
                0x8000c7a0                strcpy
 .text          0x8000c848      0x460 /opt/libdragon/bin/../lib/gcc/mips64-elf/14.2.0/../../../../mips64-elf/lib/libc.a(libc_a-strerror.o)
                0x8000c848                _strerror_r
                0x8000cc78                strerror
                0x8000cc90                strerror_l
 .text          0x8000cca8       0x70 /opt/libdragon/bin/../lib/gcc/mips64-elf/14.2.0/../../../../mips64-elf/lib/libc.a(libc_a-strrchr.o)
                0x8000cca8                strrchr
 .text          0x8000cd18      0xbb8 /opt/libdragon/bin/../lib/gcc/mips64-elf/14.2.0/../../../../mips64-elf/lib/libc.a(libc_a-strstr.o)
                0x8000d5d0                strstr
 .text          0x8000d8d0        0x8 /opt/libdragon/bin/../lib/gcc/mips64-elf/14.2.0/../../../../mips64-elf/lib/libc.a(libc_a-u_strerr.o)
                0x8000d8d0                _user_strerror
 .text          0x8000d8d8       0x90 /opt/libdragon/bin/../lib/gcc/mips64-elf/14.2.0/../../../../mips64-elf/lib/libc.a(libc_a-stpcpy.o)
                0x8000d8d8                stpcpy
 .text          0x8000d968      0x598 /opt/libdragon/bin/../lib/gcc/mips64-elf/14.2.0/../../../../mips64-elf/lib/libc.a(libc_a-signal.o)
                0x8000d968                _init_signal_r
                0x8000d9d0                _signal_r
                0x8000da80                _raise_r
                0x8000db38                __sigtramp_r
                0x8000dc28                raise
                0x8000dcf0                signal
                0x8000dda8                _init_signal
                0x8000de18                __sigtramp
 .text          0x8000df00       0x28 /opt/libdragon/bin/../lib/gcc/mips64-elf/14.2.0/../../../../mips64-elf/lib/libc.a(libc_a-localeconv.o)
                0x8000df00                __localeconv_l
                0x8000df08                _localeconv_r
                0x8000df18                localeconv
 .text          0x8000df28       0x50 /opt/libdragon/bin/../lib/gcc/mips64-elf/14.2.0/../../../../mips64-elf/lib/libc.a(libc_a-closer.o)
                0x8000df28                _close_r
 .text          0x8000df78       0x58 /opt/libdragon/bin/../lib/gcc/mips64-elf/14.2.0/../../../../mips64-elf/lib/libc.a(libc_a-fstatr.o)
                0x8000df78                _fstat_r
 .text          0x8000dfd0       0x60 /opt/libdragon/bin/../lib/gcc/mips64-elf/14.2.0/../../../../mips64-elf/lib/libc.a(libc_a-lseekr.o)
                0x8000dfd0                _lseek_r
 .text          0x8000e030       0x60 /opt/libdragon/bin/../lib/gcc/mips64-elf/14.2.0/../../../../mips64-elf/lib/libc.a(libc_a-readr.o)
                0x8000e030                _read_r
 .text          0x8000e090       0x60 /opt/libdragon/bin/../lib/gcc/mips64-elf/14.2.0/../../../../mips64-elf/lib/libc.a(libc_a-signalr.o)
                0x8000e090                _kill_r
                0x8000e0e8                _getpid_r
 .text          0x8000e0f0       0x50 /opt/libdragon/bin/../lib/gcc/mips64-elf/14.2.0/../../../../mips64-elf/lib/libc.a(libc_a-sbrkr.o)
                0x8000e0f0                _sbrk_r
 .text          0x8000e140       0x60 /opt/libdragon/bin/../lib/gcc/mips64-elf/14.2.0/../../../../mips64-elf/lib/libc.a(libc_a-writer.o)
                0x8000e140                _write_r
 .text          0x8000e1a0        0x8 /opt/libdragon/bin/../lib/gcc/mips64-elf/14.2.0/../../../../mips64-elf/lib/libc.a(libc_a-errno.o)
                0x8000e1a0                __errno
 .text          0x8000e1a8       0x18 /opt/libdragon/bin/../lib/gcc/mips64-elf/14.2.0/../../../../mips64-elf/lib/libc.a(libc_a-strlen.o)
                0x8000e1a8                strlen
 .text          0x8000e1c0      0x240 /opt/libdragon/bin/../lib/gcc/mips64-elf/14.2.0/../../../../mips64-elf/lib/libc.a(libc_a-strcmp.o)
                0x8000e1c0                strcmp
 .text          0x8000e400      0x11c /opt/libdragon/bin/../lib/gcc/mips64-elf/14.2.0/../../../../mips64-elf/lib/libc.a(libc_a-memset.o)
                0x8000e400                memset
 .text          0x8000e51c      0x370 /opt/libdragon/bin/../lib/gcc/mips64-elf/14.2.0/../../../../mips64-elf/lib/libc.a(libc_a-memcpy.o)
                0x8000e51c                memcpy
 *fill*         0x8000e88c        0x4 
 .text          0x8000e890     0x1810 /opt/libdragon/bin/../lib/gcc/mips64-elf/14.2.0/../../../../mips64-elf/lib/libc.a(libc_a-dtoa.o)
                0x8000eae0                _dtoa_r
 .text          0x800100a0      0x470 /opt/libdragon/bin/../lib/gcc/mips64-elf/14.2.0/../../../../mips64-elf/lib/libc.a(libc_a-freer.o)
                0x800100a0                _malloc_trim_r
                0x800101e0                _free_r
 .text          0x80010510      0x170 /opt/libdragon/bin/../lib/gcc/mips64-elf/14.2.0/../../../../mips64-elf/lib/libc.a(libc_a-mallinfor.o)
                0x80010510                __malloc_update_mallinfo
                0x80010598                _mallinfo_r
 .text          0x80010680       0xa0 /opt/libdragon/bin/../lib/gcc/mips64-elf/14.2.0/../../../../mips64-elf/lib/libc.a(libc_a-mallstatsr.o)
                0x80010680                _malloc_stats_r
 .text          0x80010720     0x1480 /opt/libdragon/bin/../lib/gcc/mips64-elf/14.2.0/../../../../mips64-elf/lib/libc.a(libc_a-mprec.o)
                0x80010720                _Balloc
                0x800107d0                _Bfree
                0x80010800                __multadd
                0x80010958                __s2b
                0x80010ad8                __hi0bits
                0x80010b80                __lo0bits
                0x80010c98                __i2b
                0x80010d70                __multiply
                0x80010ff8                __pow5mult
                0x80011160                __lshift
                0x80011318                __mcmp
                0x80011380                __mdiff
                0x800115f8                __ulp
                0x800116a8                __b2d
                0x80011840                __d2b
                0x80011998                __ratio
                0x80011a58                _mprec_log10
                0x80011a98                __copybits
                0x80011b20                __any_on
 .text          0x80011ba0     0x2718 /opt/libdragon/bin/../lib/gcc/mips64-elf/14.2.0/../../../../mips64-elf/lib/libc.a(libc_a-svfprintf.o)
                0x80011ba0                _svfprintf_r
 .text          0x800142b8       0xc8 /opt/libdragon/bin/../lib/gcc/mips64-elf/14.2.0/../../../../mips64-elf/lib/libc.a(libc_a-ssprint_r.o)
                0x800142b8                __ssprint_r
 .text          0x80014380      0x230 /opt/libdragon/bin/../lib/gcc/mips64-elf/14.2.0/../../../../mips64-elf/lib/libc.a(libc_a-makebuf.o)
                0x80014380                __smakebuf_r
                0x80014500                __swhatbuf_r
 .text          0x800145b0       0x40 /opt/libdragon/bin/../lib/gcc/mips64-elf/14.2.0/../../../../mips64-elf/lib/libc.a(libc_a-strnlen.o)
                0x800145b0                strnlen
 .text          0x800145f0       0x50 /opt/libdragon/bin/../lib/gcc/mips64-elf/14.2.0/../../../../mips64-elf/lib/libc.a(libc_a-isattyr.o)
                0x800145f0                _isatty_r
 .text          0x80014640       0x70 /opt/libdragon/bin/../lib/gcc/mips64-elf/14.2.0/../../../../mips64-elf/lib/libc.a(libc_a-mbtowc_r.o)
                0x80014640                _mbtowc_r
                0x80014650                __ascii_mbtowc
 .text          0x800146b0       0x48 /opt/libdragon/bin/../lib/gcc/mips64-elf/14.2.0/../../../../mips64-elf/lib/libc.a(libc_a-wctomb_r.o)
                0x800146b0                _wctomb_r
                0x800146c0                __ascii_wctomb
 .text          0x800146f8      0x188 /opt/libdragon/bin/../lib/gcc/mips64-elf/14.2.0/../../../../mips64-elf/lib/libc.a(libc_a-ssputs_r.o)
                0x800146f8                __ssputs_r
 *(.text.*)
 .text.banners_init
                0x80014880       0x40 build/banners.o
                0x80014880                banners_init
 .text.draw_floor_banner
                0x800148c0       0x80 build/banners.o
                0x800148c0                draw_floor_banner
 .text.banners_destroy
                0x80014940       0x40 build/banners.o
                0x80014940                banners_destroy
 .text.bullet_init
                0x80014980       0x60 build/bullets.o
                0x80014980                bullet_init
 .text.bullet_update
                0x800149e0      0x280 build/bullets.o
                0x800149e0                bullet_update
 .text.bullet_draw
                0x80014c60       0x60 build/bullets.o
                0x80014c60                bullet_draw
 .text.bullet_cleanup
                0x80014cc0       0x40 build/bullets.o
                0x80014cc0                bullet_cleanup
 .text.camera_init
                0x80014d00      0x100 build/camera.o
                0x80014d00                camera_init
 .text.camera_update
                0x80014e00       0xe0 build/camera.o
                0x80014e00                camera_update
 .text.camera_get_viewport
                0x80014ee0       0x20 build/camera.o
                0x80014ee0                camera_get_viewport
 .text.camera_toggle_mode
                0x80014f00       0x20 build/camera.o
                0x80014f00                camera_toggle_mode
 .text.check_overlap
                0x80014f20       0x60 build/collision.o
                0x80014f20                check_overlap
 .text.level_update
                0x80014f80      0x1c0 build/level_update.o
                0x80014f80                level_update
 .text.startup.main
                0x80015140      0x120 build/main.o
                0x80015140                main
 .text.map_init
                0x80015260       0x80 build/map.o
                0x80015260                map_init
 .text.map_draw
                0x800152e0       0x60 build/map.o
                0x800152e0                map_draw
 .text.map_destroy
                0x80015340       0x40 build/map.o
                0x80015340                map_destroy
 .text.menu_loop
                0x80015380      0x340 build/menu.o
                0x80015380                menu_loop
 .text.music_init
                0x800156c0       0x40 build/music.o
                0x800156c0                music_init
 .text.music_load
                0x80015700       0x40 build/music.o
                0x80015700                music_load
 .text.music_play
                0x80015740       0x60 build/music.o
                0x80015740                music_play
 .text.music_stop
                0x800157a0       0x40 build/music.o
                0x800157a0                music_stop
 .text.player_init
                0x800157e0      0x180 build/slayer.o
                0x800157e0                player_init
 .text.player_draw
                0x80015960      0x100 build/slayer.o
                0x80015960                player_draw
 .text.player_update
                0x80015a60      0x340 build/slayer.o
                0x80015a60                player_update
 .text.player_cleanup
                0x80015da0       0x60 build/slayer.o
                0x80015da0                player_cleanup
 .text.tutorial_loop
                0x80015e00      0xb20 build/tutorial.o
                0x80015e00                tutorial_loop
 .text.zombie_init
                0x80016920      0x180 build/zombie.o
                0x80016920                zombie_init
 .text.zombie_update
                0x80016aa0      0x2a0 build/zombie.o
                0x80016aa0                zombie_update
 .text.draw_zombie_health_bar
                0x80016d40      0x240 build/zombie.o
                0x80016d40                draw_zombie_health_bar
 .text.zombie_draw
                0x80016f80       0x80 build/zombie.o
                0x80016f80                zombie_draw
 .text.zombie_update_all
                0x80017000       0xa0 build/zombie.o
                0x80017000                zombie_update_all
 .text.zombie_draw_all
                0x800170a0       0x80 build/zombie.o
                0x800170a0                zombie_draw_all
 .text.zombie_destroy_all
                0x80017120       0x80 build/zombie.o
                0x80017120                zombie_destroy_all
 .text.t3d_vec3_cross
                0x800171a0       0x54 /mnt/c/Users/lesli/workspace/tiny3d_Rum//build/libt3d.a
 .text.t3d_vec3_norm
                0x800171f4       0x54 /mnt/c/Users/lesli/workspace/tiny3d_Rum//build/libt3d.a
 .text.t3d_quat_nlerp
                0x80017248       0xdc /mnt/c/Users/lesli/workspace/tiny3d_Rum//build/libt3d.a
                0x80017248                t3d_quat_nlerp
 .text.t3d_mat4_look_at
                0x80017324      0x130 /mnt/c/Users/lesli/workspace/tiny3d_Rum//build/libt3d.a
                0x80017324                t3d_mat4_look_at
 .text.t3d_mat4_to_frustum
                0x80017454       0xb4 /mnt/c/Users/lesli/workspace/tiny3d_Rum//build/libt3d.a
                0x80017454                t3d_mat4_to_frustum
 .text.t3d_mat4_perspective
                0x80017508       0xb4 /mnt/c/Users/lesli/workspace/tiny3d_Rum//build/libt3d.a
                0x80017508                t3d_mat4_perspective
 .text.t3d_mat4_to_fixed
                0x800175bc       0xbc /mnt/c/Users/lesli/workspace/tiny3d_Rum//build/libt3d.a
                0x800175bc                t3d_mat4_to_fixed
 .text.t3d_mat4_to_fixed_3x4
                0x80017678       0xa8 /mnt/c/Users/lesli/workspace/tiny3d_Rum//build/libt3d.a
                0x80017678                t3d_mat4_to_fixed_3x4
 .text.t3d_mat4_from_srt
                0x80017720      0x130 /mnt/c/Users/lesli/workspace/tiny3d_Rum//build/libt3d.a
                0x80017720                t3d_mat4_from_srt
 .text.t3d_mat4_from_srt_euler
                0x80017850      0x17c /mnt/c/Users/lesli/workspace/tiny3d_Rum//build/libt3d.a
                0x80017850                t3d_mat4_from_srt_euler
 .text.t3d_mat4fp_from_srt_euler
                0x800179cc       0x34 /mnt/c/Users/lesli/workspace/tiny3d_Rum//build/libt3d.a
                0x800179cc                t3d_mat4fp_from_srt_euler
 .text.t3d_mat4_mul
                0x80017a00       0x70 /mnt/c/Users/lesli/workspace/tiny3d_Rum//build/libt3d.a
 .text.t3d_mat4_mul_vec3
                0x80017a70       0x50 /mnt/c/Users/lesli/workspace/tiny3d_Rum//build/libt3d.a
 .text.t3d_matrix_stack
                0x80017ac0       0x6c /mnt/c/Users/lesli/workspace/tiny3d_Rum//build/libt3d.a
 .text.t3d_dmem_set_u16
                0x80017b2c       0x48 /mnt/c/Users/lesli/workspace/tiny3d_Rum//build/libt3d.a
 .text.t3d_dmem_set_u32
                0x80017b74       0x44 /mnt/c/Users/lesli/workspace/tiny3d_Rum//build/libt3d.a
 .text.t3d_init
                0x80017bb8       0xc0 /mnt/c/Users/lesli/workspace/tiny3d_Rum//build/libt3d.a
                0x80017bb8                t3d_init
 .text.t3d_screen_clear_color
                0x80017c78       0x24 /mnt/c/Users/lesli/workspace/tiny3d_Rum//build/libt3d.a
                0x80017c78                t3d_screen_clear_color
 .text.t3d_screen_clear_depth
                0x80017c9c       0x24 /mnt/c/Users/lesli/workspace/tiny3d_Rum//build/libt3d.a
                0x80017c9c                t3d_screen_clear_depth
 .text.t3d_matrix_set
                0x80017cc0       0x10 /mnt/c/Users/lesli/workspace/tiny3d_Rum//build/libt3d.a
                0x80017cc0                t3d_matrix_set
 .text.t3d_matrix_push
                0x80017cd0       0x10 /mnt/c/Users/lesli/workspace/tiny3d_Rum//build/libt3d.a
                0x80017cd0                t3d_matrix_push
 .text.t3d_matrix_pop
                0x80017ce0       0x18 /mnt/c/Users/lesli/workspace/tiny3d_Rum//build/libt3d.a
                0x80017ce0                t3d_matrix_pop
 .text.t3d_matrix_set_proj
                0x80017cf8       0x4c /mnt/c/Users/lesli/workspace/tiny3d_Rum//build/libt3d.a
                0x80017cf8                t3d_matrix_set_proj
 .text.t3d_vert_load
                0x80017d44       0x84 /mnt/c/Users/lesli/workspace/tiny3d_Rum//build/libt3d.a
                0x80017d44                t3d_vert_load
 .text.t3d_frame_start
                0x80017dc8       0x58 /mnt/c/Users/lesli/workspace/tiny3d_Rum//build/libt3d.a
                0x80017dc8                t3d_frame_start
 .text.t3d_light_set_count
                0x80017e20        0xc /mnt/c/Users/lesli/workspace/tiny3d_Rum//build/libt3d.a
                0x80017e20                t3d_light_set_count
 .text.t3d_light_set_ambient
                0x80017e2c       0x54 /mnt/c/Users/lesli/workspace/tiny3d_Rum//build/libt3d.a
                0x80017e2c                t3d_light_set_ambient
 .text.t3d_light_set_directional
                0x80017e80      0x1a0 /mnt/c/Users/lesli/workspace/tiny3d_Rum//build/libt3d.a
                0x80017e80                t3d_light_set_directional
 .text.t3d_state_set_drawflags
                0x80018020       0x98 /mnt/c/Users/lesli/workspace/tiny3d_Rum//build/libt3d.a
                0x80018020                t3d_state_set_drawflags
 .text.t3d_state_set_vertex_fx
                0x800180b8       0xb4 /mnt/c/Users/lesli/workspace/tiny3d_Rum//build/libt3d.a
                0x800180b8                t3d_state_set_vertex_fx
 .text.t3d_tri_draw
                0x8001816c       0xa4 /mnt/c/Users/lesli/workspace/tiny3d_Rum//build/libt3d.a
                0x8001816c                t3d_tri_draw
 .text.t3d_tri_draw_strip
                0x80018210       0xa8 /mnt/c/Users/lesli/workspace/tiny3d_Rum//build/libt3d.a
                0x80018210                t3d_tri_draw_strip
 .text.t3d_viewport_attach
                0x800182b8      0x37c /mnt/c/Users/lesli/workspace/tiny3d_Rum//build/libt3d.a
                0x800182b8                t3d_viewport_attach
 .text.t3d_viewport_set_perspective
                0x80018634       0x4c /mnt/c/Users/lesli/workspace/tiny3d_Rum//build/libt3d.a
                0x80018634                t3d_viewport_set_perspective
 .text.t3d_viewport_set_projection
                0x80018680       0x40 /mnt/c/Users/lesli/workspace/tiny3d_Rum//build/libt3d.a
                0x80018680                t3d_viewport_set_projection
 .text.t3d_viewport_look_at
                0x800186c0       0x58 /mnt/c/Users/lesli/workspace/tiny3d_Rum//build/libt3d.a
                0x800186c0                t3d_viewport_look_at
 .text.t3d_viewport_calc_viewspace_pos
                0x80018718      0x120 /mnt/c/Users/lesli/workspace/tiny3d_Rum//build/libt3d.a
                0x80018718                t3d_viewport_calc_viewspace_pos
 .text.t3d_indexbuffer_convert
                0x80018838       0x58 /mnt/c/Users/lesli/workspace/tiny3d_Rum//build/libt3d.a
                0x80018838                t3d_indexbuffer_convert
 .text.set_texture
                0x80018890      0x2d4 /mnt/c/Users/lesli/workspace/tiny3d_Rum//build/libt3d.a
 .text.texture_cache_free
                0x80018b64       0x74 /mnt/c/Users/lesli/workspace/tiny3d_Rum//build/libt3d.a
 .text.t3d_model_load
                0x80018bd8      0x3fc /mnt/c/Users/lesli/workspace/tiny3d_Rum//build/libt3d.a
                0x80018bd8                t3d_model_load
 .text.t3d_model_draw_object
                0x80018fd4      0x20c /mnt/c/Users/lesli/workspace/tiny3d_Rum//build/libt3d.a
                0x80018fd4                t3d_model_draw_object
 .text.t3d_model_draw_material
                0x800191e0      0x368 /mnt/c/Users/lesli/workspace/tiny3d_Rum//build/libt3d.a
                0x800191e0                t3d_model_draw_material
 .text.t3d_model_free
                0x80019548      0x174 /mnt/c/Users/lesli/workspace/tiny3d_Rum//build/libt3d.a
                0x80019548                t3d_model_free
 .text.t3d_model_get_animation
                0x800196bc       0xb4 /mnt/c/Users/lesli/workspace/tiny3d_Rum//build/libt3d.a
                0x800196bc                t3d_model_get_animation
 .text.t3d_model_iter_next
                0x80019770       0x68 /mnt/c/Users/lesli/workspace/tiny3d_Rum//build/libt3d.a
                0x80019770                t3d_model_iter_next
 .text.t3d_model_draw_custom
                0x800197d8      0x100 /mnt/c/Users/lesli/workspace/tiny3d_Rum//build/libt3d.a
                0x800197d8                t3d_model_draw_custom
 .text.t3d_skeleton_clone
                0x800198d8       0xd0 /mnt/c/Users/lesli/workspace/tiny3d_Rum//build/libt3d.a
                0x800198d8                t3d_skeleton_clone
 .text.t3d_skeleton_reset
                0x800199a8       0xa0 /mnt/c/Users/lesli/workspace/tiny3d_Rum//build/libt3d.a
                0x800199a8                t3d_skeleton_reset
 .text.t3d_skeleton_create_buffered
                0x80019a48      0x108 /mnt/c/Users/lesli/workspace/tiny3d_Rum//build/libt3d.a
                0x80019a48                t3d_skeleton_create_buffered
 .text.t3d_skeleton_blend
                0x80019b50      0x150 /mnt/c/Users/lesli/workspace/tiny3d_Rum//build/libt3d.a
                0x80019b50                t3d_skeleton_blend
 .text.t3d_skeleton_update
                0x80019ca0      0x23c /mnt/c/Users/lesli/workspace/tiny3d_Rum//build/libt3d.a
                0x80019ca0                t3d_skeleton_update
 .text.t3d_skeleton_destroy
                0x80019edc       0x50 /mnt/c/Users/lesli/workspace/tiny3d_Rum//build/libt3d.a
                0x80019edc                t3d_skeleton_destroy
 .text.rewind_anim
                0x80019f2c       0x74 /mnt/c/Users/lesli/workspace/tiny3d_Rum//build/libt3d.a
 .text.t3d_anim_create
                0x80019fa0       0xb4 /mnt/c/Users/lesli/workspace/tiny3d_Rum//build/libt3d.a
                0x80019fa0                t3d_anim_create
 .text.t3d_anim_attach
                0x8001a054      0x1a4 /mnt/c/Users/lesli/workspace/tiny3d_Rum//build/libt3d.a
                0x8001a054                t3d_anim_attach
 .text.t3d_anim_update
                0x8001a1f8      0x384 /mnt/c/Users/lesli/workspace/tiny3d_Rum//build/libt3d.a
                0x8001a1f8                t3d_anim_update
 .text.t3d_anim_destroy
                0x8001a57c       0x50 /mnt/c/Users/lesli/workspace/tiny3d_Rum//build/libt3d.a
                0x8001a57c                t3d_anim_destroy
 .text.t3d_anim_set_time
                0x8001a5cc       0x60 /mnt/c/Users/lesli/workspace/tiny3d_Rum//build/libt3d.a
                0x8001a5cc                t3d_anim_set_time
 *fill*         0x8001a62c       0x14 
 .text.data_cache_hit_writeback
                0x8001a640       0x60 /opt/libdragon/bin/../lib/gcc/mips64-elf/14.2.0/../../../../mips64-elf/lib/libdragon.a(n64sys.o)
                0x8001a640                data_cache_hit_writeback
 .text.__data_cache_hit_invalidate
                0x8001a6a0       0x60 /opt/libdragon/bin/../lib/gcc/mips64-elf/14.2.0/../../../../mips64-elf/lib/libdragon.a(n64sys.o)
                0x8001a6a0                __data_cache_hit_invalidate
 .text.data_cache_hit_writeback_invalidate
                0x8001a700       0x60 /opt/libdragon/bin/../lib/gcc/mips64-elf/14.2.0/../../../../mips64-elf/lib/libdragon.a(n64sys.o)
                0x8001a700                data_cache_hit_writeback_invalidate
 .text.inst_cache_hit_invalidate
                0x8001a760       0x60 /opt/libdragon/bin/../lib/gcc/mips64-elf/14.2.0/../../../../mips64-elf/lib/libdragon.a(n64sys.o)
                0x8001a760                inst_cache_hit_invalidate
 .text.malloc_uncached_aligned
                0x8001a7c0       0xc0 /opt/libdragon/bin/../lib/gcc/mips64-elf/14.2.0/../../../../mips64-elf/lib/libdragon.a(n64sys.o)
                0x8001a7c0                malloc_uncached_aligned
 .text.malloc_uncached
                0x8001a880       0x20 /opt/libdragon/bin/../lib/gcc/mips64-elf/14.2.0/../../../../mips64-elf/lib/libdragon.a(n64sys.o)
                0x8001a880                malloc_uncached
 .text.free_uncached
                0x8001a8a0       0x20 /opt/libdragon/bin/../lib/gcc/mips64-elf/14.2.0/../../../../mips64-elf/lib/libdragon.a(n64sys.o)
                0x8001a8a0                free_uncached
 .text.get_memory_size
                0x8001a8c0       0x20 /opt/libdragon/bin/../lib/gcc/mips64-elf/14.2.0/../../../../mips64-elf/lib/libdragon.a(n64sys.o)
                0x8001a8c0                get_memory_size
 .text.get_ticks
                0x8001a8e0       0x40 /opt/libdragon/bin/../lib/gcc/mips64-elf/14.2.0/../../../../mips64-elf/lib/libdragon.a(n64sys.o)
                0x8001a8e0                get_ticks
 .text.get_ticks_us
                0x8001a920       0x60 /opt/libdragon/bin/../lib/gcc/mips64-elf/14.2.0/../../../../mips64-elf/lib/libdragon.a(n64sys.o)
                0x8001a920                get_ticks_us
 .text.wait_ms  0x8001a980       0x40 /opt/libdragon/bin/../lib/gcc/mips64-elf/14.2.0/../../../../mips64-elf/lib/libdragon.a(n64sys.o)
                0x8001a980                wait_ms
 .text.die      0x8001a9c0       0x60 /opt/libdragon/bin/../lib/gcc/mips64-elf/14.2.0/../../../../mips64-elf/lib/libdragon.a(n64sys.o)
                0x8001a9c0                die
 .text.sys_get_heap_stats
                0x8001aa20       0x40 /opt/libdragon/bin/../lib/gcc/mips64-elf/14.2.0/../../../../mips64-elf/lib/libdragon.a(n64sys.o)
                0x8001aa20                sys_get_heap_stats
 .text.startup.__init_cop1
                0x8001aa60       0x40 /opt/libdragon/bin/../lib/gcc/mips64-elf/14.2.0/../../../../mips64-elf/lib/libdragon.a(n64sys.o)
                0x8001aa60                __init_cop1
 .text.__MI_handler
                0x8001aaa0      0x380 /opt/libdragon/bin/../lib/gcc/mips64-elf/14.2.0/../../../../mips64-elf/lib/libdragon.a(interrupt.o)
                0x8001aaa0                __MI_handler
 .text.__MI_BB_handler
                0x8001ae20      0x300 /opt/libdragon/bin/../lib/gcc/mips64-elf/14.2.0/../../../../mips64-elf/lib/libdragon.a(interrupt.o)
                0x8001ae20                __MI_BB_handler
 .text.__TI_handler
                0x8001b120       0x80 /opt/libdragon/bin/../lib/gcc/mips64-elf/14.2.0/../../../../mips64-elf/lib/libdragon.a(interrupt.o)
                0x8001b120                __TI_handler
 .text.__CART_handler
                0x8001b1a0      0x100 /opt/libdragon/bin/../lib/gcc/mips64-elf/14.2.0/../../../../mips64-elf/lib/libdragon.a(interrupt.o)
                0x8001b1a0                __CART_handler
 .text.__RESET_handler
                0x8001b2a0       0x60 /opt/libdragon/bin/../lib/gcc/mips64-elf/14.2.0/../../../../mips64-elf/lib/libdragon.a(interrupt.o)
                0x8001b2a0                __RESET_handler
 .text.register_AI_handler
                0x8001b300       0x60 /opt/libdragon/bin/../lib/gcc/mips64-elf/14.2.0/../../../../mips64-elf/lib/libdragon.a(interrupt.o)
                0x8001b300                register_AI_handler
 .text.register_VI_handler
                0x8001b360       0x60 /opt/libdragon/bin/../lib/gcc/mips64-elf/14.2.0/../../../../mips64-elf/lib/libdragon.a(interrupt.o)
                0x8001b360                register_VI_handler
 .text.unregister_VI_handler
                0x8001b3c0       0x60 /opt/libdragon/bin/../lib/gcc/mips64-elf/14.2.0/../../../../mips64-elf/lib/libdragon.a(interrupt.o)
                0x8001b3c0                unregister_VI_handler
 .text.register_DP_handler
                0x8001b420       0x60 /opt/libdragon/bin/../lib/gcc/mips64-elf/14.2.0/../../../../mips64-elf/lib/libdragon.a(interrupt.o)
                0x8001b420                register_DP_handler
 .text.register_SI_handler
                0x8001b480       0x60 /opt/libdragon/bin/../lib/gcc/mips64-elf/14.2.0/../../../../mips64-elf/lib/libdragon.a(interrupt.o)
                0x8001b480                register_SI_handler
 .text.register_SP_handler
                0x8001b4e0       0x60 /opt/libdragon/bin/../lib/gcc/mips64-elf/14.2.0/../../../../mips64-elf/lib/libdragon.a(interrupt.o)
                0x8001b4e0                register_SP_handler
 .text.register_TI_handler
                0x8001b540       0x60 /opt/libdragon/bin/../lib/gcc/mips64-elf/14.2.0/../../../../mips64-elf/lib/libdragon.a(interrupt.o)
                0x8001b540                register_TI_handler
 .text.set_AI_interrupt
                0x8001b5a0       0x20 /opt/libdragon/bin/../lib/gcc/mips64-elf/14.2.0/../../../../mips64-elf/lib/libdragon.a(interrupt.o)
                0x8001b5a0                set_AI_interrupt
 .text.set_VI_interrupt
                0x8001b5c0       0x40 /opt/libdragon/bin/../lib/gcc/mips64-elf/14.2.0/../../../../mips64-elf/lib/libdragon.a(interrupt.o)
                0x8001b5c0                set_VI_interrupt
 .text.set_DP_interrupt
                0x8001b600       0x20 /opt/libdragon/bin/../lib/gcc/mips64-elf/14.2.0/../../../../mips64-elf/lib/libdragon.a(interrupt.o)
                0x8001b600                set_DP_interrupt
 .text.set_SI_interrupt
                0x8001b620       0x20 /opt/libdragon/bin/../lib/gcc/mips64-elf/14.2.0/../../../../mips64-elf/lib/libdragon.a(interrupt.o)
                0x8001b620                set_SI_interrupt
 .text.set_SP_interrupt
                0x8001b640       0x20 /opt/libdragon/bin/../lib/gcc/mips64-elf/14.2.0/../../../../mips64-elf/lib/libdragon.a(interrupt.o)
                0x8001b640                set_SP_interrupt
 .text.set_TI_interrupt
                0x8001b660       0x40 /opt/libdragon/bin/../lib/gcc/mips64-elf/14.2.0/../../../../mips64-elf/lib/libdragon.a(interrupt.o)
                0x8001b660                set_TI_interrupt
 .text.startup.__init_interrupts
                0x8001b6a0       0x60 /opt/libdragon/bin/../lib/gcc/mips64-elf/14.2.0/../../../../mips64-elf/lib/libdragon.a(interrupt.o)
                0x8001b6a0                __init_interrupts
 .text.disable_interrupts
                0x8001b700       0x40 /opt/libdragon/bin/../lib/gcc/mips64-elf/14.2.0/../../../../mips64-elf/lib/libdragon.a(interrupt.o)
                0x8001b700                disable_interrupts
 .text.enable_interrupts
                0x8001b740       0x80 /opt/libdragon/bin/../lib/gcc/mips64-elf/14.2.0/../../../../mips64-elf/lib/libdragon.a(interrupt.o)
                0x8001b740                enable_interrupts
 .text.get_interrupts_state
                0x8001b7c0       0x20 /opt/libdragon/bin/../lib/gcc/mips64-elf/14.2.0/../../../../mips64-elf/lib/libdragon.a(interrupt.o)
                0x8001b7c0                get_interrupts_state
 .text.exception_reset_time
                0x8001b7e0       0x20 /opt/libdragon/bin/../lib/gcc/mips64-elf/14.2.0/../../../../mips64-elf/lib/libdragon.a(interrupt.o)
                0x8001b7e0                exception_reset_time
 .text.sinf_approx
                0x8001b800      0x120 /opt/libdragon/bin/../lib/gcc/mips64-elf/14.2.0/../../../../mips64-elf/lib/libdragon.a(fmath.o)
 .text.fm_sinf  0x8001b920       0x80 /opt/libdragon/bin/../lib/gcc/mips64-elf/14.2.0/../../../../mips64-elf/lib/libdragon.a(fmath.o)
                0x8001b920                fm_sinf
 .text.fm_cosf  0x8001b9a0       0xa0 /opt/libdragon/bin/../lib/gcc/mips64-elf/14.2.0/../../../../mips64-elf/lib/libdragon.a(fmath.o)
                0x8001b9a0                fm_cosf
 .text.fm_sincosf
                0x8001ba40       0xc0 /opt/libdragon/bin/../lib/gcc/mips64-elf/14.2.0/../../../../mips64-elf/lib/libdragon.a(fmath.o)
                0x8001ba40                fm_sincosf
 .text.__stderr_write
                0x8001bb00       0x80 /opt/libdragon/bin/../lib/gcc/mips64-elf/14.2.0/../../../../mips64-elf/lib/libdragon.a(debug.o)
 .text.usblog_write
                0x8001bb80       0x20 /opt/libdragon/bin/../lib/gcc/mips64-elf/14.2.0/../../../../mips64-elf/lib/libdragon.a(debug.o)
 .text.isviewer_write
                0x8001bba0       0xe0 /opt/libdragon/bin/../lib/gcc/mips64-elf/14.2.0/../../../../mips64-elf/lib/libdragon.a(debug.o)
 .text.cb.0     0x8001bc80       0xa0 /opt/libdragon/bin/../lib/gcc/mips64-elf/14.2.0/../../../../mips64-elf/lib/libdragon.a(debug.o)
 .text.debug_init_usblog
                0x8001bd20       0xe0 /opt/libdragon/bin/../lib/gcc/mips64-elf/14.2.0/../../../../mips64-elf/lib/libdragon.a(debug.o)
                0x8001bd20                debug_init_usblog
 .text.debug_init_isviewer
                0x8001be00       0xe0 /opt/libdragon/bin/../lib/gcc/mips64-elf/14.2.0/../../../../mips64-elf/lib/libdragon.a(debug.o)
                0x8001be00                debug_init_isviewer
 .text.debug_assert_func_f
                0x8001bee0       0xe0 /opt/libdragon/bin/../lib/gcc/mips64-elf/14.2.0/../../../../mips64-elf/lib/libdragon.a(debug.o)
                0x8001bee0                debug_assert_func_f
 .text.debug_assert_func
                0x8001bfc0       0x20 /opt/libdragon/bin/../lib/gcc/mips64-elf/14.2.0/../../../../mips64-elf/lib/libdragon.a(debug.o)
                0x8001bfc0                debug_assert_func
 .text.debug_hexdump
                0x8001bfe0      0x280 /opt/libdragon/bin/../lib/gcc/mips64-elf/14.2.0/../../../../mips64-elf/lib/libdragon.a(debug.o)
                0x8001bfe0                debug_hexdump
 .text.__debug_backtrace
                0x8001c260      0x120 /opt/libdragon/bin/../lib/gcc/mips64-elf/14.2.0/../../../../mips64-elf/lib/libdragon.a(debug.o)
                0x8001c260                __debug_backtrace
 .text.debug_backtrace
                0x8001c380       0x20 /opt/libdragon/bin/../lib/gcc/mips64-elf/14.2.0/../../../../mips64-elf/lib/libdragon.a(debug.o)
                0x8001c380                debug_backtrace
 .text.usb_64drive_read
                0x8001c3a0       0x60 /opt/libdragon/bin/../lib/gcc/mips64-elf/14.2.0/../../../../mips64-elf/lib/libdragon.a(usb.o)
 .text.usb_64drive_poll
                0x8001c400      0x1a0 /opt/libdragon/bin/../lib/gcc/mips64-elf/14.2.0/../../../../mips64-elf/lib/libdragon.a(usb.o)
 .text.usb_everdrive_usbbusy
                0x8001c5a0       0xe0 /opt/libdragon/bin/../lib/gcc/mips64-elf/14.2.0/../../../../mips64-elf/lib/libdragon.a(usb.o)
 .text.usb_everdrive_readusb
                0x8001c680       0xc0 /opt/libdragon/bin/../lib/gcc/mips64-elf/14.2.0/../../../../mips64-elf/lib/libdragon.a(usb.o)
 .text.usb_everdrive_poll
                0x8001c740      0x220 /opt/libdragon/bin/../lib/gcc/mips64-elf/14.2.0/../../../../mips64-elf/lib/libdragon.a(usb.o)
 .text.usb_everdrive_write
                0x8001c960      0x1c0 /opt/libdragon/bin/../lib/gcc/mips64-elf/14.2.0/../../../../mips64-elf/lib/libdragon.a(usb.o)
 .text.usb_everdrive_read
                0x8001cb20       0x60 /opt/libdragon/bin/../lib/gcc/mips64-elf/14.2.0/../../../../mips64-elf/lib/libdragon.a(usb.o)
 .text.usb_sc64_read
                0x8001cb80       0x60 /opt/libdragon/bin/../lib/gcc/mips64-elf/14.2.0/../../../../mips64-elf/lib/libdragon.a(usb.o)
 .text.usb_sc64_poll
                0x8001cbe0      0x160 /opt/libdragon/bin/../lib/gcc/mips64-elf/14.2.0/../../../../mips64-elf/lib/libdragon.a(usb.o)
 .text.usb_write
                0x8001cd40       0x40 /opt/libdragon/bin/../lib/gcc/mips64-elf/14.2.0/../../../../mips64-elf/lib/libdragon.a(usb.o)
                0x8001cd40                usb_write
 .text.usb_sendheartbeat
                0x8001cd80       0x60 /opt/libdragon/bin/../lib/gcc/mips64-elf/14.2.0/../../../../mips64-elf/lib/libdragon.a(usb.o)
                0x8001cd80                usb_sendheartbeat
 .text.usb_initialize
                0x8001cde0      0x1e0 /opt/libdragon/bin/../lib/gcc/mips64-elf/14.2.0/../../../../mips64-elf/lib/libdragon.a(usb.o)
                0x8001cde0                usb_initialize
 .text.usb_64drive_wait
                0x8001cfc0       0xc0 /opt/libdragon/bin/../lib/gcc/mips64-elf/14.2.0/../../../../mips64-elf/lib/libdragon.a(usb.o)
                0x8001cfc0                usb_64drive_wait
 .text.usb_64drive_write
                0x8001d080      0x240 /opt/libdragon/bin/../lib/gcc/mips64-elf/14.2.0/../../../../mips64-elf/lib/libdragon.a(usb.o)
 .text.usb_sc64_execute_cmd
                0x8001d2c0       0xc0 /opt/libdragon/bin/../lib/gcc/mips64-elf/14.2.0/../../../../mips64-elf/lib/libdragon.a(usb.o)
                0x8001d2c0                usb_sc64_execute_cmd
 .text.usb_sc64_write
                0x8001d380      0x2c0 /opt/libdragon/bin/../lib/gcc/mips64-elf/14.2.0/../../../../mips64-elf/lib/libdragon.a(usb.o)
 .text.get_next_token
                0x8001d640       0xc0 /opt/libdragon/bin/../lib/gcc/mips64-elf/14.2.0/../../../../mips64-elf/lib/libdragon.a(dragonfs.o)
 .text.__fstat  0x8001d700       0x40 /opt/libdragon/bin/../lib/gcc/mips64-elf/14.2.0/../../../../mips64-elf/lib/libdragon.a(dragonfs.o)
 .text.lookup_file
                0x8001d740      0x260 /opt/libdragon/bin/../lib/gcc/mips64-elf/14.2.0/../../../../mips64-elf/lib/libdragon.a(dragonfs.o)
 .text.__close  0x8001d9a0       0x40 /opt/libdragon/bin/../lib/gcc/mips64-elf/14.2.0/../../../../mips64-elf/lib/libdragon.a(dragonfs.o)
 .text.__ioctl  0x8001d9e0       0x60 /opt/libdragon/bin/../lib/gcc/mips64-elf/14.2.0/../../../../mips64-elf/lib/libdragon.a(dragonfs.o)
 .text.recurse_path
                0x8001da40      0x3e0 /opt/libdragon/bin/../lib/gcc/mips64-elf/14.2.0/../../../../mips64-elf/lib/libdragon.a(dragonfs.o)
 .text.__findnext
                0x8001de20      0x100 /opt/libdragon/bin/../lib/gcc/mips64-elf/14.2.0/../../../../mips64-elf/lib/libdragon.a(dragonfs.o)
 .text.__dfs_findfirst
                0x8001df20       0xe0 /opt/libdragon/bin/../lib/gcc/mips64-elf/14.2.0/../../../../mips64-elf/lib/libdragon.a(dragonfs.o)
 .text.__findfirst
                0x8001e000       0x60 /opt/libdragon/bin/../lib/gcc/mips64-elf/14.2.0/../../../../mips64-elf/lib/libdragon.a(dragonfs.o)
 .text.__lseek  0x8001e060       0xa0 /opt/libdragon/bin/../lib/gcc/mips64-elf/14.2.0/../../../../mips64-elf/lib/libdragon.a(dragonfs.o)
 .text.dfs_open
                0x8001e100      0x1a0 /opt/libdragon/bin/../lib/gcc/mips64-elf/14.2.0/../../../../mips64-elf/lib/libdragon.a(dragonfs.o)
                0x8001e100                dfs_open
 .text.__open   0x8001e2a0       0xc0 /opt/libdragon/bin/../lib/gcc/mips64-elf/14.2.0/../../../../mips64-elf/lib/libdragon.a(dragonfs.o)
 .text.dfs_read
                0x8001e360      0x1c0 /opt/libdragon/bin/../lib/gcc/mips64-elf/14.2.0/../../../../mips64-elf/lib/libdragon.a(dragonfs.o)
                0x8001e360                dfs_read
 .text.__read   0x8001e520       0x20 /opt/libdragon/bin/../lib/gcc/mips64-elf/14.2.0/../../../../mips64-elf/lib/libdragon.a(dragonfs.o)
 .text.dfs_init
                0x8001e540      0x220 /opt/libdragon/bin/../lib/gcc/mips64-elf/14.2.0/../../../../mips64-elf/lib/libdragon.a(dragonfs.o)
                0x8001e540                dfs_init
 .text.audio_callback.part.0
                0x8001e760      0x1e0 /opt/libdragon/bin/../lib/gcc/mips64-elf/14.2.0/../../../../mips64-elf/lib/libdragon.a(audio.o)
 .text.audio_callback
                0x8001e940       0x60 /opt/libdragon/bin/../lib/gcc/mips64-elf/14.2.0/../../../../mips64-elf/lib/libdragon.a(audio.o)
 .text.audio_init
                0x8001e9a0      0x200 /opt/libdragon/bin/../lib/gcc/mips64-elf/14.2.0/../../../../mips64-elf/lib/libdragon.a(audio.o)
                0x8001e9a0                audio_init
 .text.audio_write_begin
                0x8001eba0      0x100 /opt/libdragon/bin/../lib/gcc/mips64-elf/14.2.0/../../../../mips64-elf/lib/libdragon.a(audio.o)
                0x8001eba0                audio_write_begin
 .text.audio_write_end
                0x8001eca0       0x80 /opt/libdragon/bin/../lib/gcc/mips64-elf/14.2.0/../../../../mips64-elf/lib/libdragon.a(audio.o)
                0x8001eca0                audio_write_end
 .text.audio_can_write
                0x8001ed20       0x40 /opt/libdragon/bin/../lib/gcc/mips64-elf/14.2.0/../../../../mips64-elf/lib/libdragon.a(audio.o)
                0x8001ed20                audio_can_write
 .text.audio_get_frequency
                0x8001ed60       0x20 /opt/libdragon/bin/../lib/gcc/mips64-elf/14.2.0/../../../../mips64-elf/lib/libdragon.a(audio.o)
                0x8001ed60                audio_get_frequency
 .text.audio_get_buffer_length
                0x8001ed80       0x20 /opt/libdragon/bin/../lib/gcc/mips64-elf/14.2.0/../../../../mips64-elf/lib/libdragon.a(audio.o)
                0x8001ed80                audio_get_buffer_length
 .text.display_show.part.0
                0x8001eda0      0x140 /opt/libdragon/bin/../lib/gcc/mips64-elf/14.2.0/../../../../mips64-elf/lib/libdragon.a(display.o)
 .text.__display_callback
                0x8001eee0      0x3a0 /opt/libdragon/bin/../lib/gcc/mips64-elf/14.2.0/../../../../mips64-elf/lib/libdragon.a(display.o)
 .text.display_init
                0x8001f280      0x940 /opt/libdragon/bin/../lib/gcc/mips64-elf/14.2.0/../../../../mips64-elf/lib/libdragon.a(display.o)
                0x8001f280                display_init
 .text.display_close
                0x8001fbc0      0x140 /opt/libdragon/bin/../lib/gcc/mips64-elf/14.2.0/../../../../mips64-elf/lib/libdragon.a(display.o)
                0x8001fbc0                display_close
 .text.display_try_get
                0x8001fd00       0xc0 /opt/libdragon/bin/../lib/gcc/mips64-elf/14.2.0/../../../../mips64-elf/lib/libdragon.a(display.o)
                0x8001fd00                display_try_get
 .text.display_get
                0x8001fdc0      0x100 /opt/libdragon/bin/../lib/gcc/mips64-elf/14.2.0/../../../../mips64-elf/lib/libdragon.a(display.o)
                0x8001fdc0                display_get
 .text.display_get_zbuf
                0x8001fec0      0x140 /opt/libdragon/bin/../lib/gcc/mips64-elf/14.2.0/../../../../mips64-elf/lib/libdragon.a(display.o)
                0x8001fec0                display_get_zbuf
 .text.display_show
                0x80020000       0x20 /opt/libdragon/bin/../lib/gcc/mips64-elf/14.2.0/../../../../mips64-elf/lib/libdragon.a(display.o)
                0x80020000                display_show
 .text.display_show_force
                0x80020020       0x40 /opt/libdragon/bin/../lib/gcc/mips64-elf/14.2.0/../../../../mips64-elf/lib/libdragon.a(display.o)
                0x80020020                display_show_force
 .text.display_get_width
                0x80020060       0x20 /opt/libdragon/bin/../lib/gcc/mips64-elf/14.2.0/../../../../mips64-elf/lib/libdragon.a(display.o)
                0x80020060                display_get_width
 .text.display_get_height
                0x80020080       0x20 /opt/libdragon/bin/../lib/gcc/mips64-elf/14.2.0/../../../../mips64-elf/lib/libdragon.a(display.o)
                0x80020080                display_get_height
 .text.display_get_bitdepth
                0x800200a0       0x20 /opt/libdragon/bin/../lib/gcc/mips64-elf/14.2.0/../../../../mips64-elf/lib/libdragon.a(display.o)
                0x800200a0                display_get_bitdepth
 .text.display_get_fps
                0x800200c0       0x20 /opt/libdragon/bin/../lib/gcc/mips64-elf/14.2.0/../../../../mips64-elf/lib/libdragon.a(display.o)
                0x800200c0                display_get_fps
 .text.tex_format_name
                0x800200e0       0x40 /opt/libdragon/bin/../lib/gcc/mips64-elf/14.2.0/../../../../mips64-elf/lib/libdragon.a(surface.o)
                0x800200e0                tex_format_name
 .text.surface_alloc
                0x80020120       0xe0 /opt/libdragon/bin/../lib/gcc/mips64-elf/14.2.0/../../../../mips64-elf/lib/libdragon.a(surface.o)
                0x80020120                surface_alloc
 .text.surface_free
                0x80020200       0x80 /opt/libdragon/bin/../lib/gcc/mips64-elf/14.2.0/../../../../mips64-elf/lib/libdragon.a(surface.o)
                0x80020200                surface_free
 .text.seekfn_cmp
                0x80020280       0xa0 /opt/libdragon/bin/../lib/gcc/mips64-elf/14.2.0/../../../../mips64-elf/lib/libdragon.a(asset.o)
 .text.closefn_none
                0x80020320       0x40 /opt/libdragon/bin/../lib/gcc/mips64-elf/14.2.0/../../../../mips64-elf/lib/libdragon.a(asset.o)
 .text.closefn_cmp
                0x80020360       0x40 /opt/libdragon/bin/../lib/gcc/mips64-elf/14.2.0/../../../../mips64-elf/lib/libdragon.a(asset.o)
 .text.readfn_cmp
                0x800203a0       0x80 /opt/libdragon/bin/../lib/gcc/mips64-elf/14.2.0/../../../../mips64-elf/lib/libdragon.a(asset.o)
 .text.seekfn_none
                0x80020420       0x80 /opt/libdragon/bin/../lib/gcc/mips64-elf/14.2.0/../../../../mips64-elf/lib/libdragon.a(asset.o)
 .text.readfn_none
                0x800204a0       0x60 /opt/libdragon/bin/../lib/gcc/mips64-elf/14.2.0/../../../../mips64-elf/lib/libdragon.a(asset.o)
 .text.must_open.part.0
                0x80020500      0x100 /opt/libdragon/bin/../lib/gcc/mips64-elf/14.2.0/../../../../mips64-elf/lib/libdragon.a(asset.o)
 .text.asset_read
                0x80020600      0x420 /opt/libdragon/bin/../lib/gcc/mips64-elf/14.2.0/../../../../mips64-elf/lib/libdragon.a(asset.o)
 .text.asset_read_header
                0x80020a20      0x1e0 /opt/libdragon/bin/../lib/gcc/mips64-elf/14.2.0/../../../../mips64-elf/lib/libdragon.a(asset.o)
 .text.__asset_init_compression_lvl2
                0x80020c00       0x60 /opt/libdragon/bin/../lib/gcc/mips64-elf/14.2.0/../../../../mips64-elf/lib/libdragon.a(asset.o)
                0x80020c00                __asset_init_compression_lvl2
 .text.must_open
                0x80020c60       0x40 /opt/libdragon/bin/../lib/gcc/mips64-elf/14.2.0/../../../../mips64-elf/lib/libdragon.a(asset.o)
                0x80020c60                must_open
 .text.asset_load
                0x80020ca0      0x140 /opt/libdragon/bin/../lib/gcc/mips64-elf/14.2.0/../../../../mips64-elf/lib/libdragon.a(asset.o)
                0x80020ca0                asset_load
 .text.asset_fopen
                0x80020de0      0x2e0 /opt/libdragon/bin/../lib/gcc/mips64-elf/14.2.0/../../../../mips64-elf/lib/libdragon.a(asset.o)
                0x80020de0                asset_fopen
 .text.decompress_lz4_full_inplace
                0x800210c0       0x20 /opt/libdragon/bin/../lib/gcc/mips64-elf/14.2.0/../../../../mips64-elf/lib/libdragon.a(lz4_dec.o)
                0x800210c0                decompress_lz4_full_inplace
 .text.decompress_lz4_init
                0x800210e0       0x60 /opt/libdragon/bin/../lib/gcc/mips64-elf/14.2.0/../../../../mips64-elf/lib/libdragon.a(lz4_dec.o)
                0x800210e0                decompress_lz4_init
 .text.decompress_lz4_reset
                0x80021140       0x40 /opt/libdragon/bin/../lib/gcc/mips64-elf/14.2.0/../../../../mips64-elf/lib/libdragon.a(lz4_dec.o)
                0x80021140                decompress_lz4_reset
 .text.decompress_lz4_read
                0x80021180      0x400 /opt/libdragon/bin/../lib/gcc/mips64-elf/14.2.0/../../../../mips64-elf/lib/libdragon.a(lz4_dec.o)
                0x80021180                decompress_lz4_read
 .text.decompress_lz4_full_fast
                0x80021580      0x1c0 /opt/libdragon/bin/../lib/gcc/mips64-elf/14.2.0/../../../../mips64-elf/lib/libdragon.a(lz4_dec_fast.o)
                0x80021580                decompress_lz4_full_fast
 .text.__ringbuf_init
                0x80021740       0x80 /opt/libdragon/bin/../lib/gcc/mips64-elf/14.2.0/../../../../mips64-elf/lib/libdragon.a(ringbuf.o)
                0x80021740                __ringbuf_init
 .text.__ringbuf_write
                0x800217c0       0xc0 /opt/libdragon/bin/../lib/gcc/mips64-elf/14.2.0/../../../../mips64-elf/lib/libdragon.a(ringbuf.o)
                0x800217c0                __ringbuf_write
 .text.__ringbuf_copy
                0x80021880      0x1a0 /opt/libdragon/bin/../lib/gcc/mips64-elf/14.2.0/../../../../mips64-elf/lib/libdragon.a(ringbuf.o)
                0x80021880                __ringbuf_copy
 .text.refill   0x80021a20      0x100 /opt/libdragon/bin/../lib/gcc/mips64-elf/14.2.0/../../../../mips64-elf/lib/libdragon.a(aplib_dec.o)
 .text.decompress_reset.part.0.constprop.0
                0x80021b20       0xa0 /opt/libdragon/bin/../lib/gcc/mips64-elf/14.2.0/../../../../mips64-elf/lib/libdragon.a(aplib_dec.o)
 .text.decompress_aplib_partial.part.0
                0x80021bc0      0x940 /opt/libdragon/bin/../lib/gcc/mips64-elf/14.2.0/../../../../mips64-elf/lib/libdragon.a(aplib_dec.o)
 .text.decompress_aplib_init
                0x80022500       0x60 /opt/libdragon/bin/../lib/gcc/mips64-elf/14.2.0/../../../../mips64-elf/lib/libdragon.a(aplib_dec.o)
                0x80022500                decompress_aplib_init
 .text.decompress_aplib_reset
                0x80022560       0x40 /opt/libdragon/bin/../lib/gcc/mips64-elf/14.2.0/../../../../mips64-elf/lib/libdragon.a(aplib_dec.o)
                0x80022560                decompress_aplib_reset
 .text.decompress_aplib_read
                0x800225a0       0x40 /opt/libdragon/bin/../lib/gcc/mips64-elf/14.2.0/../../../../mips64-elf/lib/libdragon.a(aplib_dec.o)
                0x800225a0                decompress_aplib_read
 .text.decompress_aplib_full_inplace
                0x800225e0       0x20 /opt/libdragon/bin/../lib/gcc/mips64-elf/14.2.0/../../../../mips64-elf/lib/libdragon.a(aplib_dec.o)
                0x800225e0                decompress_aplib_full_inplace
 .text.joypad_gcn_origin_callback
                0x80022600       0xe0 /opt/libdragon/bin/../lib/gcc/mips64-elf/14.2.0/../../../../mips64-elf/lib/libdragon.a(joypad.o)
 .text.joypad_read_callback
                0x800226e0       0x60 /opt/libdragon/bin/../lib/gcc/mips64-elf/14.2.0/../../../../mips64-elf/lib/libdragon.a(joypad.o)
 .text.joypad_device_changed
                0x80022740      0x120 /opt/libdragon/bin/../lib/gcc/mips64-elf/14.2.0/../../../../mips64-elf/lib/libdragon.a(joypad.o)
 .text.joypad_identify_callback
                0x80022860      0x280 /opt/libdragon/bin/../lib/gcc/mips64-elf/14.2.0/../../../../mips64-elf/lib/libdragon.a(joypad.o)
 .text.joypad_read_async.part.0
                0x80022ae0      0x240 /opt/libdragon/bin/../lib/gcc/mips64-elf/14.2.0/../../../../mips64-elf/lib/libdragon.a(joypad.o)
 .text.joypad_identify_async.part.0
                0x80022d20      0x140 /opt/libdragon/bin/../lib/gcc/mips64-elf/14.2.0/../../../../mips64-elf/lib/libdragon.a(joypad.o)
 .text.joypad_vi_interrupt_callback
                0x80022e60       0x80 /opt/libdragon/bin/../lib/gcc/mips64-elf/14.2.0/../../../../mips64-elf/lib/libdragon.a(joypad.o)
 .text.joypad_read_n64_inputs
                0x80022ee0      0x260 /opt/libdragon/bin/../lib/gcc/mips64-elf/14.2.0/../../../../mips64-elf/lib/libdragon.a(joypad.o)
                0x80022ee0                joypad_read_n64_inputs
 .text.joypad_poll
                0x80023140      0x5a0 /opt/libdragon/bin/../lib/gcc/mips64-elf/14.2.0/../../../../mips64-elf/lib/libdragon.a(joypad.o)
                0x80023140                joypad_poll
 .text.joypad_init
                0x800236e0      0x160 /opt/libdragon/bin/../lib/gcc/mips64-elf/14.2.0/../../../../mips64-elf/lib/libdragon.a(joypad.o)
                0x800236e0                joypad_init
 .text.joypad_get_inputs
                0x80023840       0xa0 /opt/libdragon/bin/../lib/gcc/mips64-elf/14.2.0/../../../../mips64-elf/lib/libdragon.a(joypad.o)
                0x80023840                joypad_get_inputs
 .text.joypad_get_buttons_pressed
                0x800238e0       0xa0 /opt/libdragon/bin/../lib/gcc/mips64-elf/14.2.0/../../../../mips64-elf/lib/libdragon.a(joypad.o)
                0x800238e0                joypad_get_buttons_pressed
 .text.joypad_transfer_pak_wait_timer_callback
                0x80023980       0xe0 /opt/libdragon/bin/../lib/gcc/mips64-elf/14.2.0/../../../../mips64-elf/lib/libdragon.a(joypad_accessory.o)
 .text.joypad_accessory_check_read_crc_error
                0x80023a60      0x1a0 /opt/libdragon/bin/../lib/gcc/mips64-elf/14.2.0/../../../../mips64-elf/lib/libdragon.a(joypad_accessory.o)
 .text.joypad_transfer_pak_enable_read_callback
                0x80023c00       0xc0 /opt/libdragon/bin/../lib/gcc/mips64-elf/14.2.0/../../../../mips64-elf/lib/libdragon.a(joypad_accessory.o)
 .text.joypad_accessory_write_crc_error_check
                0x80023cc0      0x1c0 /opt/libdragon/bin/../lib/gcc/mips64-elf/14.2.0/../../../../mips64-elf/lib/libdragon.a(joypad_accessory.o)
 .text.joypad_accessory_detect_write_callback
                0x80023e80      0x2a0 /opt/libdragon/bin/../lib/gcc/mips64-elf/14.2.0/../../../../mips64-elf/lib/libdragon.a(joypad_accessory.o)
 .text.joypad_transfer_pak_enable_write_callback
                0x80024120      0x180 /opt/libdragon/bin/../lib/gcc/mips64-elf/14.2.0/../../../../mips64-elf/lib/libdragon.a(joypad_accessory.o)
 .text.joypad_accessory_detect_read_callback
                0x800242a0      0x300 /opt/libdragon/bin/../lib/gcc/mips64-elf/14.2.0/../../../../mips64-elf/lib/libdragon.a(joypad_accessory.o)
 .text.joypad_transfer_pak_wait_timer_init
                0x800245a0       0xe0 /opt/libdragon/bin/../lib/gcc/mips64-elf/14.2.0/../../../../mips64-elf/lib/libdragon.a(joypad_accessory.o)
                0x800245a0                joypad_transfer_pak_wait_timer_init
 .text.joypad_accessory_detect_async
                0x80024680      0x120 /opt/libdragon/bin/../lib/gcc/mips64-elf/14.2.0/../../../../mips64-elf/lib/libdragon.a(joypad_accessory.o)
                0x80024680                joypad_accessory_detect_async
 .text.rsp_load_code
                0x800247a0      0x100 /opt/libdragon/bin/../lib/gcc/mips64-elf/14.2.0/../../../../mips64-elf/lib/libdragon.a(rsp.o)
                0x800247a0                rsp_load_code
 .text.rsp_load_data
                0x800248a0       0xe0 /opt/libdragon/bin/../lib/gcc/mips64-elf/14.2.0/../../../../mips64-elf/lib/libdragon.a(rsp.o)
                0x800248a0                rsp_load_data
 .text.rsp_load
                0x80024980       0x60 /opt/libdragon/bin/../lib/gcc/mips64-elf/14.2.0/../../../../mips64-elf/lib/libdragon.a(rsp.o)
                0x80024980                rsp_load
 .text.rsp_read_code
                0x800249e0       0xe0 /opt/libdragon/bin/../lib/gcc/mips64-elf/14.2.0/../../../../mips64-elf/lib/libdragon.a(rsp.o)
                0x800249e0                rsp_read_code
 .text.rsp_read_data
                0x80024ac0       0xe0 /opt/libdragon/bin/../lib/gcc/mips64-elf/14.2.0/../../../../mips64-elf/lib/libdragon.a(rsp.o)
                0x80024ac0                rsp_read_data
 .text.__rsp_run_async
                0x80024ba0       0x40 /opt/libdragon/bin/../lib/gcc/mips64-elf/14.2.0/../../../../mips64-elf/lib/libdragon.a(rsp.o)
                0x80024ba0                __rsp_run_async
 .text.__rsp_crash
                0x80024be0      0xc40 /opt/libdragon/bin/../lib/gcc/mips64-elf/14.2.0/../../../../mips64-elf/lib/libdragon.a(rsp.o)
                0x80024be0                __rsp_crash
 .text.__rsp_check_assert
                0x80025820       0x80 /opt/libdragon/bin/../lib/gcc/mips64-elf/14.2.0/../../../../mips64-elf/lib/libdragon.a(rsp.o)
                0x80025820                __rsp_check_assert
 .text.rsp_wait
                0x800258a0      0x100 /opt/libdragon/bin/../lib/gcc/mips64-elf/14.2.0/../../../../mips64-elf/lib/libdragon.a(rsp.o)
                0x800258a0                rsp_wait
 .text.rsp_run  0x800259a0       0x60 /opt/libdragon/bin/../lib/gcc/mips64-elf/14.2.0/../../../../mips64-elf/lib/libdragon.a(rsp.o)
                0x800259a0                rsp_run
 .text.cb.2     0x80025a00       0x60 /opt/libdragon/bin/../lib/gcc/mips64-elf/14.2.0/../../../../mips64-elf/lib/libdragon.a(inspector.o)
 .text.cb.1     0x80025a60       0x60 /opt/libdragon/bin/../lib/gcc/mips64-elf/14.2.0/../../../../mips64-elf/lib/libdragon.a(inspector.o)
 .text.inspector_print_backtrace
                0x80025ac0      0x180 /opt/libdragon/bin/../lib/gcc/mips64-elf/14.2.0/../../../../mips64-elf/lib/libdragon.a(inspector.o)
 .text.cb.0     0x80025c40      0x120 /opt/libdragon/bin/../lib/gcc/mips64-elf/14.2.0/../../../../mips64-elf/lib/libdragon.a(inspector.o)
 .text.cb.3     0x80025d60      0x120 /opt/libdragon/bin/../lib/gcc/mips64-elf/14.2.0/../../../../mips64-elf/lib/libdragon.a(inspector.o)
 .text.inspector_stdout
                0x80025e80      0x300 /opt/libdragon/bin/../lib/gcc/mips64-elf/14.2.0/../../../../mips64-elf/lib/libdragon.a(inspector.o)
 .text.title    0x80026180       0xa0 /opt/libdragon/bin/../lib/gcc/mips64-elf/14.2.0/../../../../mips64-elf/lib/libdragon.a(inspector.o)
 .text.mips_disasm
                0x80026220      0x6e0 /opt/libdragon/bin/../lib/gcc/mips64-elf/14.2.0/../../../../mips64-elf/lib/libdragon.a(inspector.o)
 .text.inspector
                0x80026900     0x10a0 /opt/libdragon/bin/../lib/gcc/mips64-elf/14.2.0/../../../../mips64-elf/lib/libdragon.a(inspector.o)
 .text.handler.4
                0x800279a0       0x40 /opt/libdragon/bin/../lib/gcc/mips64-elf/14.2.0/../../../../mips64-elf/lib/libdragon.a(inspector.o)
 .text.__inspector_exception
                0x800279e0       0x20 /opt/libdragon/bin/../lib/gcc/mips64-elf/14.2.0/../../../../mips64-elf/lib/libdragon.a(inspector.o)
                0x800279e0                __inspector_exception
 .text.__inspector_assertion
                0x80027a00       0x20 /opt/libdragon/bin/../lib/gcc/mips64-elf/14.2.0/../../../../mips64-elf/lib/libdragon.a(inspector.o)
                0x80027a00                __inspector_assertion
 .text.startup.__inspector_init
                0x80027a20       0x20 /opt/libdragon/bin/../lib/gcc/mips64-elf/14.2.0/../../../../mips64-elf/lib/libdragon.a(inspector.o)
                0x80027a20                __inspector_init
 .text.__sprite_upgrade.part.0
                0x80027a40       0x40 /opt/libdragon/bin/../lib/gcc/mips64-elf/14.2.0/../../../../mips64-elf/lib/libdragon.a(sprite.o)
 .text.sprite_load_buf.part.0
                0x80027a80       0x40 /opt/libdragon/bin/../lib/gcc/mips64-elf/14.2.0/../../../../mips64-elf/lib/libdragon.a(sprite.o)
 .text.__sprite_ext
                0x80027ac0       0xa0 /opt/libdragon/bin/../lib/gcc/mips64-elf/14.2.0/../../../../mips64-elf/lib/libdragon.a(sprite.o)
                0x80027ac0                __sprite_ext
 .text.sprite_load_buf
                0x80027b60       0xe0 /opt/libdragon/bin/../lib/gcc/mips64-elf/14.2.0/../../../../mips64-elf/lib/libdragon.a(sprite.o)
                0x80027b60                sprite_load_buf
 .text.sprite_load
                0x80027c40       0xe0 /opt/libdragon/bin/../lib/gcc/mips64-elf/14.2.0/../../../../mips64-elf/lib/libdragon.a(sprite.o)
                0x80027c40                sprite_load
 .text.sprite_free
                0x80027d20       0x60 /opt/libdragon/bin/../lib/gcc/mips64-elf/14.2.0/../../../../mips64-elf/lib/libdragon.a(sprite.o)
                0x80027d20                sprite_free
 .text.sprite_get_pixels
                0x80027d80       0x60 /opt/libdragon/bin/../lib/gcc/mips64-elf/14.2.0/../../../../mips64-elf/lib/libdragon.a(sprite.o)
                0x80027d80                sprite_get_pixels
 .text.sprite_get_lod_pixels
                0x80027de0      0x160 /opt/libdragon/bin/../lib/gcc/mips64-elf/14.2.0/../../../../mips64-elf/lib/libdragon.a(sprite.o)
                0x80027de0                sprite_get_lod_pixels
 .text.sprite_get_detail_texparms
                0x80027f40       0xa0 /opt/libdragon/bin/../lib/gcc/mips64-elf/14.2.0/../../../../mips64-elf/lib/libdragon.a(sprite.o)
                0x80027f40                sprite_get_detail_texparms
 .text.sprite_get_detail_pixels
                0x80027fe0      0x160 /opt/libdragon/bin/../lib/gcc/mips64-elf/14.2.0/../../../../mips64-elf/lib/libdragon.a(sprite.o)
                0x80027fe0                sprite_get_detail_pixels
 .text.sprite_get_palette
                0x80028140       0x60 /opt/libdragon/bin/../lib/gcc/mips64-elf/14.2.0/../../../../mips64-elf/lib/libdragon.a(sprite.o)
                0x80028140                sprite_get_palette
 .text.sprite_get_texparms
                0x800281a0       0xc0 /opt/libdragon/bin/../lib/gcc/mips64-elf/14.2.0/../../../../mips64-elf/lib/libdragon.a(sprite.o)
                0x800281a0                sprite_get_texparms
 .text.sprite_fits_tmem
                0x80028260       0x40 /opt/libdragon/bin/../lib/gcc/mips64-elf/14.2.0/../../../../mips64-elf/lib/libdragon.a(sprite.o)
                0x80028260                sprite_fits_tmem
 .text.sprite_is_shq
                0x800282a0       0x40 /opt/libdragon/bin/../lib/gcc/mips64-elf/14.2.0/../../../../mips64-elf/lib/libdragon.a(sprite.o)
                0x800282a0                sprite_is_shq
 .text.dma_write_raw_async.part.0
                0x800282e0       0x40 /opt/libdragon/bin/../lib/gcc/mips64-elf/14.2.0/../../../../mips64-elf/lib/libdragon.a(dma.o)
 .text.dma_read_raw_async
                0x80028320       0xa0 /opt/libdragon/bin/../lib/gcc/mips64-elf/14.2.0/../../../../mips64-elf/lib/libdragon.a(dma.o)
                0x80028320                dma_read_raw_async
 .text.dma_read_async
                0x800283c0      0x4e0 /opt/libdragon/bin/../lib/gcc/mips64-elf/14.2.0/../../../../mips64-elf/lib/libdragon.a(dma.o)
                0x800283c0                dma_read_async
 .text.dma_read
                0x800288a0       0x40 /opt/libdragon/bin/../lib/gcc/mips64-elf/14.2.0/../../../../mips64-elf/lib/libdragon.a(dma.o)
                0x800288a0                dma_read
 .text.dma_write
                0x800288e0       0xa0 /opt/libdragon/bin/../lib/gcc/mips64-elf/14.2.0/../../../../mips64-elf/lib/libdragon.a(dma.o)
                0x800288e0                dma_write
 .text.io_read  0x80028980       0x60 /opt/libdragon/bin/../lib/gcc/mips64-elf/14.2.0/../../../../mips64-elf/lib/libdragon.a(dma.o)
                0x80028980                io_read
 .text.io_write
                0x800289e0       0x60 /opt/libdragon/bin/../lib/gcc/mips64-elf/14.2.0/../../../../mips64-elf/lib/libdragon.a(dma.o)
                0x800289e0                io_write
 .text.timer_update_compare
                0x80028a40       0x40 /opt/libdragon/bin/../lib/gcc/mips64-elf/14.2.0/../../../../mips64-elf/lib/libdragon.a(timer.o)
 .text.timer_poll
                0x80028a80      0x1a0 /opt/libdragon/bin/../lib/gcc/mips64-elf/14.2.0/../../../../mips64-elf/lib/libdragon.a(timer.o)
 .text.timer_init
                0x80028c20       0x60 /opt/libdragon/bin/../lib/gcc/mips64-elf/14.2.0/../../../../mips64-elf/lib/libdragon.a(timer.o)
                0x80028c20                timer_init
 .text.new_timer_context
                0x80028c80      0x100 /opt/libdragon/bin/../lib/gcc/mips64-elf/14.2.0/../../../../mips64-elf/lib/libdragon.a(timer.o)
                0x80028c80                new_timer_context
 .text.restart_timer
                0x80028d80       0x80 /opt/libdragon/bin/../lib/gcc/mips64-elf/14.2.0/../../../../mips64-elf/lib/libdragon.a(timer.o)
                0x80028d80                restart_timer
 .text.stop_timer
                0x80028e00       0xe0 /opt/libdragon/bin/../lib/gcc/mips64-elf/14.2.0/../../../../mips64-elf/lib/libdragon.a(timer.o)
                0x80028e00                stop_timer
 .text.cb.0     0x80028ee0       0x40 /opt/libdragon/bin/../lib/gcc/mips64-elf/14.2.0/../../../../mips64-elf/lib/libdragon.a(exception.o)
 .text.cb.1     0x80028f20       0x80 /opt/libdragon/bin/../lib/gcc/mips64-elf/14.2.0/../../../../mips64-elf/lib/libdragon.a(exception.o)
 .text.is_unmapped_kx64
                0x80028fa0      0x1e0 /opt/libdragon/bin/../lib/gcc/mips64-elf/14.2.0/../../../../mips64-elf/lib/libdragon.a(exception.o)
 .text.__get_exception_name.isra.0
                0x80029180      0x580 /opt/libdragon/bin/../lib/gcc/mips64-elf/14.2.0/../../../../mips64-elf/lib/libdragon.a(exception.o)
 .text.__exception_dump_header
                0x80029700      0x340 /opt/libdragon/bin/../lib/gcc/mips64-elf/14.2.0/../../../../mips64-elf/lib/libdragon.a(exception.o)
                0x80029700                __exception_dump_header
 .text.__exception_dump_gpr
                0x80029a40      0x180 /opt/libdragon/bin/../lib/gcc/mips64-elf/14.2.0/../../../../mips64-elf/lib/libdragon.a(exception.o)
                0x80029a40                __exception_dump_gpr
 .text.__exception_dump_fpr
                0x80029bc0      0x2e0 /opt/libdragon/bin/../lib/gcc/mips64-elf/14.2.0/../../../../mips64-elf/lib/libdragon.a(exception.o)
                0x80029bc0                __exception_dump_fpr
 .text.exception_default_handler
                0x80029ea0      0x1a0 /opt/libdragon/bin/../lib/gcc/mips64-elf/14.2.0/../../../../mips64-elf/lib/libdragon.a(exception.o)
                0x80029ea0                exception_default_handler
 .text.__onCriticalException
                0x8002a040       0x80 /opt/libdragon/bin/../lib/gcc/mips64-elf/14.2.0/../../../../mips64-elf/lib/libdragon.a(exception.o)
                0x8002a040                __onCriticalException
 .text.register_syscall_handler
                0x8002a0c0      0x1a0 /opt/libdragon/bin/../lib/gcc/mips64-elf/14.2.0/../../../../mips64-elf/lib/libdragon.a(exception.o)
                0x8002a0c0                register_syscall_handler
 .text.__onSyscallException
                0x8002a260      0x1a0 /opt/libdragon/bin/../lib/gcc/mips64-elf/14.2.0/../../../../mips64-elf/lib/libdragon.a(exception.o)
                0x8002a260                __onSyscallException
 .text.__register_frame_info
                0x8002a400       0x20 /opt/libdragon/bin/../lib/gcc/mips64-elf/14.2.0/../../../../mips64-elf/lib/libdragon.a(do_ctors.o)
                0x8002a400                __register_frame_info
 .text.__wrap___do_global_ctors
                0x8002a420       0xe0 /opt/libdragon/bin/../lib/gcc/mips64-elf/14.2.0/../../../../mips64-elf/lib/libdragon.a(do_ctors.o)
                0x8002a420                __wrap___do_global_ctors
 .text.rspq_switch_context
                0x8002a500       0x60 /opt/libdragon/bin/../lib/gcc/mips64-elf/14.2.0/../../../../mips64-elf/lib/libdragon.a(rspq.o)
 .text.rspq_flush_internal
                0x8002a560       0x40 /opt/libdragon/bin/../lib/gcc/mips64-elf/14.2.0/../../../../mips64-elf/lib/libdragon.a(rspq.o)
 .text.rspq_sp_interrupt
                0x8002a5a0       0xa0 /opt/libdragon/bin/../lib/gcc/mips64-elf/14.2.0/../../../../mips64-elf/lib/libdragon.a(rspq.o)
 .text.rspq_init_context
                0x8002a640       0xa0 /opt/libdragon/bin/../lib/gcc/mips64-elf/14.2.0/../../../../mips64-elf/lib/libdragon.a(rspq.o)
 .text.rspq_switch_buffer.part.0
                0x8002a6e0       0x40 /opt/libdragon/bin/../lib/gcc/mips64-elf/14.2.0/../../../../mips64-elf/lib/libdragon.a(rspq.o)
 .text.rspq_crash_handler
                0x8002a720      0x320 /opt/libdragon/bin/../lib/gcc/mips64-elf/14.2.0/../../../../mips64-elf/lib/libdragon.a(rspq.o)
 .text.rspq_assert_handler
                0x8002aa40      0x100 /opt/libdragon/bin/../lib/gcc/mips64-elf/14.2.0/../../../../mips64-elf/lib/libdragon.a(rspq.o)
 .text.rspq_init
                0x8002ab40      0x3c0 /opt/libdragon/bin/../lib/gcc/mips64-elf/14.2.0/../../../../mips64-elf/lib/libdragon.a(rspq.o)
                0x8002ab40                rspq_init
 .text.rspq_flush
                0x8002af00       0x40 /opt/libdragon/bin/../lib/gcc/mips64-elf/14.2.0/../../../../mips64-elf/lib/libdragon.a(rspq.o)
                0x8002af00                rspq_flush
 .text.rspq_highpri_begin
                0x8002af40      0x120 /opt/libdragon/bin/../lib/gcc/mips64-elf/14.2.0/../../../../mips64-elf/lib/libdragon.a(rspq.o)
                0x8002af40                rspq_highpri_begin
 .text.rspq_highpri_end
                0x8002b060       0xa0 /opt/libdragon/bin/../lib/gcc/mips64-elf/14.2.0/../../../../mips64-elf/lib/libdragon.a(rspq.o)
                0x8002b060                rspq_highpri_end
 .text.rspq_block_begin
                0x8002b100      0x100 /opt/libdragon/bin/../lib/gcc/mips64-elf/14.2.0/../../../../mips64-elf/lib/libdragon.a(rspq.o)
                0x8002b100                rspq_block_begin
 .text.rspq_block_end
                0x8002b200       0xa0 /opt/libdragon/bin/../lib/gcc/mips64-elf/14.2.0/../../../../mips64-elf/lib/libdragon.a(rspq.o)
                0x8002b200                rspq_block_end
 .text.rspq_block_free
                0x8002b2a0       0xe0 /opt/libdragon/bin/../lib/gcc/mips64-elf/14.2.0/../../../../mips64-elf/lib/libdragon.a(rspq.o)
                0x8002b2a0                rspq_block_free
 .text.__rspq_deferred_poll
                0x8002b380       0xe0 /opt/libdragon/bin/../lib/gcc/mips64-elf/14.2.0/../../../../mips64-elf/lib/libdragon.a(rspq.o)
                0x8002b380                __rspq_deferred_poll
 .text.rspq_next_buffer
                0x8002b460      0x2e0 /opt/libdragon/bin/../lib/gcc/mips64-elf/14.2.0/../../../../mips64-elf/lib/libdragon.a(rspq.o)
                0x8002b460                rspq_next_buffer
 .text.rspq_block_run
                0x8002b740      0x100 /opt/libdragon/bin/../lib/gcc/mips64-elf/14.2.0/../../../../mips64-elf/lib/libdragon.a(rspq.o)
                0x8002b740                rspq_block_run
 .text.rspq_syncpoint_new
                0x8002b840       0xe0 /opt/libdragon/bin/../lib/gcc/mips64-elf/14.2.0/../../../../mips64-elf/lib/libdragon.a(rspq.o)
                0x8002b840                rspq_syncpoint_new
 .text.rspq_overlay_register_internal
                0x8002b920      0x540 /opt/libdragon/bin/../lib/gcc/mips64-elf/14.2.0/../../../../mips64-elf/lib/libdragon.a(rspq.o)
 .text.rspq_overlay_register
                0x8002be60       0x20 /opt/libdragon/bin/../lib/gcc/mips64-elf/14.2.0/../../../../mips64-elf/lib/libdragon.a(rspq.o)
                0x8002be60                rspq_overlay_register
 .text.rspq_overlay_register_static
                0x8002be80       0x60 /opt/libdragon/bin/../lib/gcc/mips64-elf/14.2.0/../../../../mips64-elf/lib/libdragon.a(rspq.o)
                0x8002be80                rspq_overlay_register_static
 .text.rspq_highpri_sync
                0x8002bee0      0x160 /opt/libdragon/bin/../lib/gcc/mips64-elf/14.2.0/../../../../mips64-elf/lib/libdragon.a(rspq.o)
                0x8002bee0                rspq_highpri_sync
 .text.rspq_syncpoint_wait
                0x8002c040      0x160 /opt/libdragon/bin/../lib/gcc/mips64-elf/14.2.0/../../../../mips64-elf/lib/libdragon.a(rspq.o)
                0x8002c040                rspq_syncpoint_wait
 .text.rspq_wait
                0x8002c1a0      0x240 /opt/libdragon/bin/../lib/gcc/mips64-elf/14.2.0/../../../../mips64-elf/lib/libdragon.a(rspq.o)
                0x8002c1a0                rspq_wait
 .text.rspq_overlay_get_state
                0x8002c3e0      0x160 /opt/libdragon/bin/../lib/gcc/mips64-elf/14.2.0/../../../../mips64-elf/lib/libdragon.a(rspq.o)
                0x8002c3e0                rspq_overlay_get_state
 .text.__rdpq_interrupt
                0x8002c540       0xc0 /opt/libdragon/bin/../lib/gcc/mips64-elf/14.2.0/../../../../mips64-elf/lib/libdragon.a(rdpq.o)
 .text.rdpq_assert_handler
                0x8002c600       0xc0 /opt/libdragon/bin/../lib/gcc/mips64-elf/14.2.0/../../../../mips64-elf/lib/libdragon.a(rdpq.o)
 .text.rdpq_set_tile
                0x8002c6c0      0x260 /opt/libdragon/bin/../lib/gcc/mips64-elf/14.2.0/../../../../mips64-elf/lib/libdragon.a(rdpq.o)
                0x8002c6c0                rdpq_set_tile
 .text.rdpq_config_set
                0x8002c920       0x20 /opt/libdragon/bin/../lib/gcc/mips64-elf/14.2.0/../../../../mips64-elf/lib/libdragon.a(rdpq.o)
                0x8002c920                rdpq_config_set
 .text.rdpq_config_disable
                0x8002c940       0x20 /opt/libdragon/bin/../lib/gcc/mips64-elf/14.2.0/../../../../mips64-elf/lib/libdragon.a(rdpq.o)
                0x8002c940                rdpq_config_disable
 .text.__rdpq_block_begin
                0x8002c960       0x40 /opt/libdragon/bin/../lib/gcc/mips64-elf/14.2.0/../../../../mips64-elf/lib/libdragon.a(rdpq.o)
                0x8002c960                __rdpq_block_begin
 .text.__rdpq_block_next_buffer
                0x8002c9a0      0x1e0 /opt/libdragon/bin/../lib/gcc/mips64-elf/14.2.0/../../../../mips64-elf/lib/libdragon.a(rdpq.o)
                0x8002c9a0                __rdpq_block_next_buffer
 .text.rdpq_fence
                0x8002cb80      0x140 /opt/libdragon/bin/../lib/gcc/mips64-elf/14.2.0/../../../../mips64-elf/lib/libdragon.a(rdpq.o)
                0x8002cb80                rdpq_fence
 .text.__rdpq_block_end
                0x8002ccc0       0x40 /opt/libdragon/bin/../lib/gcc/mips64-elf/14.2.0/../../../../mips64-elf/lib/libdragon.a(rdpq.o)
                0x8002ccc0                __rdpq_block_end
 .text.__rdpq_block_run
                0x8002cd00       0xa0 /opt/libdragon/bin/../lib/gcc/mips64-elf/14.2.0/../../../../mips64-elf/lib/libdragon.a(rdpq.o)
                0x8002cd00                __rdpq_block_run
 .text.__rdpq_block_free
                0x8002cda0       0x60 /opt/libdragon/bin/../lib/gcc/mips64-elf/14.2.0/../../../../mips64-elf/lib/libdragon.a(rdpq.o)
                0x8002cda0                __rdpq_block_free
 .text.__rdpq_block_reserve
                0x8002ce00      0x120 /opt/libdragon/bin/../lib/gcc/mips64-elf/14.2.0/../../../../mips64-elf/lib/libdragon.a(rdpq.o)
                0x8002ce00                __rdpq_block_reserve
 .text.__rdpq_block_update
                0x8002cf20      0x120 /opt/libdragon/bin/../lib/gcc/mips64-elf/14.2.0/../../../../mips64-elf/lib/libdragon.a(rdpq.o)
                0x8002cf20                __rdpq_block_update
 .text.__rdpq_write8
                0x8002d040       0xe0 /opt/libdragon/bin/../lib/gcc/mips64-elf/14.2.0/../../../../mips64-elf/lib/libdragon.a(rdpq.o)
                0x8002d040                __rdpq_write8
 .text.__rdpq_autosync_change
                0x8002d120      0x140 /opt/libdragon/bin/../lib/gcc/mips64-elf/14.2.0/../../../../mips64-elf/lib/libdragon.a(rdpq.o)
                0x8002d120                __rdpq_autosync_change
 .text.__rdpq_write8_syncchange
                0x8002d260       0x60 /opt/libdragon/bin/../lib/gcc/mips64-elf/14.2.0/../../../../mips64-elf/lib/libdragon.a(rdpq.o)
                0x8002d260                __rdpq_write8_syncchange
 .text.rdpq_set_blend_color
                0x8002d2c0       0x20 /opt/libdragon/bin/../lib/gcc/mips64-elf/14.2.0/../../../../mips64-elf/lib/libdragon.a(rdpq.o)
                0x8002d2c0                rdpq_set_blend_color
 .text.rdpq_set_env_color
                0x8002d2e0       0x20 /opt/libdragon/bin/../lib/gcc/mips64-elf/14.2.0/../../../../mips64-elf/lib/libdragon.a(rdpq.o)
                0x8002d2e0                rdpq_set_env_color
 .text.__rdpq_fixup_write8_syncchange
                0x8002d300      0x140 /opt/libdragon/bin/../lib/gcc/mips64-elf/14.2.0/../../../../mips64-elf/lib/libdragon.a(rdpq.o)
                0x8002d300                __rdpq_fixup_write8_syncchange
 .text.rdpq_set_prim_color
                0x8002d440       0x20 /opt/libdragon/bin/../lib/gcc/mips64-elf/14.2.0/../../../../mips64-elf/lib/libdragon.a(rdpq.o)
                0x8002d440                rdpq_set_prim_color
 .text.__rdpq_write8_syncchangeuse
                0x8002d460       0x80 /opt/libdragon/bin/../lib/gcc/mips64-elf/14.2.0/../../../../mips64-elf/lib/libdragon.a(rdpq.o)
                0x8002d460                __rdpq_write8_syncchangeuse
 .text.__rdpq_set_scissor
                0x8002d4e0      0x100 /opt/libdragon/bin/../lib/gcc/mips64-elf/14.2.0/../../../../mips64-elf/lib/libdragon.a(rdpq.o)
                0x8002d4e0                __rdpq_set_scissor
 .text.__rdpq_set_fill_color
                0x8002d5e0      0x100 /opt/libdragon/bin/../lib/gcc/mips64-elf/14.2.0/../../../../mips64-elf/lib/libdragon.a(rdpq.o)
                0x8002d5e0                __rdpq_set_fill_color
 .text.__rdpq_set_color_image
                0x8002d6e0      0x140 /opt/libdragon/bin/../lib/gcc/mips64-elf/14.2.0/../../../../mips64-elf/lib/libdragon.a(rdpq.o)
                0x8002d6e0                __rdpq_set_color_image
 .text.rdpq_set_color_image
                0x8002d820      0x200 /opt/libdragon/bin/../lib/gcc/mips64-elf/14.2.0/../../../../mips64-elf/lib/libdragon.a(rdpq.o)
                0x8002d820                rdpq_set_color_image
 .text.rdpq_set_z_image
                0x8002da20       0xc0 /opt/libdragon/bin/../lib/gcc/mips64-elf/14.2.0/../../../../mips64-elf/lib/libdragon.a(rdpq.o)
                0x8002da20                rdpq_set_z_image
 .text.rdpq_set_texture_image
                0x8002dae0      0x160 /opt/libdragon/bin/../lib/gcc/mips64-elf/14.2.0/../../../../mips64-elf/lib/libdragon.a(rdpq.o)
                0x8002dae0                rdpq_set_texture_image
 .text.__rdpq_set_other_modes
                0x8002dc40      0x140 /opt/libdragon/bin/../lib/gcc/mips64-elf/14.2.0/../../../../mips64-elf/lib/libdragon.a(rdpq.o)
                0x8002dc40                __rdpq_set_other_modes
 .text.rdpq_init
                0x8002dd80      0x1c0 /opt/libdragon/bin/../lib/gcc/mips64-elf/14.2.0/../../../../mips64-elf/lib/libdragon.a(rdpq.o)
                0x8002dd80                rdpq_init
 .text.__rdpq_change_other_modes
                0x8002df40      0x180 /opt/libdragon/bin/../lib/gcc/mips64-elf/14.2.0/../../../../mips64-elf/lib/libdragon.a(rdpq.o)
                0x8002df40                __rdpq_change_other_modes
 .text.rdpq_set_tile_autotmem
                0x8002e0c0       0xa0 /opt/libdragon/bin/../lib/gcc/mips64-elf/14.2.0/../../../../mips64-elf/lib/libdragon.a(rdpq.o)
                0x8002e0c0                rdpq_set_tile_autotmem
 .text.rdpq_sync_full
                0x8002e160      0x120 /opt/libdragon/bin/../lib/gcc/mips64-elf/14.2.0/../../../../mips64-elf/lib/libdragon.a(rdpq.o)
                0x8002e160                rdpq_sync_full
 .text.rdpq_sync_pipe