Archive member included to satisfy reference by file (symbol)

/opt/libdragon/bin/../lib/gcc/mips64-elf/14.2.0/../../../../mips64-elf/lib/libdragon.a(n64sys.o)
                              /mnt/c/Users/lesli/workspace/tiny3d_Rum//build/libt3d.a (data_cache_hit_writeback)
/opt/libdragon/bin/../lib/gcc/mips64-elf/14.2.0/../../../../mips64-elf/lib/libdragon.a(interrupt.o)
                              /opt/libdragon/bin/../lib/gcc/mips64-elf/14.2.0/../../../../mips64-elf/lib/libdragon.a(n64sys.o) (disable_interrupts)
/opt/libdragon/bin/../lib/gcc/mips64-elf/14.2.0/../../../../mips64-elf/lib/libdragon.a(fmath.o)
                              /mnt/c/Users/lesli/workspace/tiny3d_Rum//build/libt3d.a (fm_sinf)
/opt/libdragon/bin/../lib/gcc/mips64-elf/14.2.0/../../../../mips64-elf/lib/libdragon.a(entrypoint.o)
                              (_start)
/opt/libdragon/bin/../lib/gcc/mips64-elf/14.2.0/../../../../mips64-elf/lib/libdragon.a(debug.o)
                              build/main.o (debug_init_usblog)
/opt/libdragon/bin/../lib/gcc/mips64-elf/14.2.0/../../../../mips64-elf/lib/libdragon.a(usb.o)
                              /opt/libdragon/bin/../lib/gcc/mips64-elf/14.2.0/../../../../mips64-elf/lib/libdragon.a(debug.o) (usb_write)
/opt/libdragon/bin/../lib/gcc/mips64-elf/14.2.0/../../../../mips64-elf/lib/libdragon.a(cart.o)
                              /opt/libdragon/bin/../lib/gcc/mips64-elf/14.2.0/../../../../mips64-elf/lib/libdragon.a(debug.o) (cart_init)
/opt/libdragon/bin/../lib/gcc/mips64-elf/14.2.0/../../../../mips64-elf/lib/libdragon.a(ff.o)
                              /opt/libdragon/bin/../lib/gcc/mips64-elf/14.2.0/../../../../mips64-elf/lib/libdragon.a(debug.o) (f_mount)
/opt/libdragon/bin/../lib/gcc/mips64-elf/14.2.0/../../../../mips64-elf/lib/libdragon.a(ffunicode.o)
                              /opt/libdragon/bin/../lib/gcc/mips64-elf/14.2.0/../../../../mips64-elf/lib/libdragon.a(ff.o) (ff_uni2oem)
/opt/libdragon/bin/../lib/gcc/mips64-elf/14.2.0/../../../../mips64-elf/lib/libdragon.a(fat.o)
                              /opt/libdragon/bin/../lib/gcc/mips64-elf/14.2.0/../../../../mips64-elf/lib/libdragon.a(ff.o) (disk_initialize)
/opt/libdragon/bin/../lib/gcc/mips64-elf/14.2.0/../../../../mips64-elf/lib/libdragon.a(dragonfs.o)
                              build/main.o (dfs_init)
/opt/libdragon/bin/../lib/gcc/mips64-elf/14.2.0/../../../../mips64-elf/lib/libdragon.a(audio.o)
                              build/main.o (audio_init)
/opt/libdragon/bin/../lib/gcc/mips64-elf/14.2.0/../../../../mips64-elf/lib/libdragon.a(display.o)
                              build/main.o (display_init)
/opt/libdragon/bin/../lib/gcc/mips64-elf/14.2.0/../../../../mips64-elf/lib/libdragon.a(surface.o)
                              /opt/libdragon/bin/../lib/gcc/mips64-elf/14.2.0/../../../../mips64-elf/lib/libdragon.a(display.o) (surface_alloc)
/opt/libdragon/bin/../lib/gcc/mips64-elf/14.2.0/../../../../mips64-elf/lib/libdragon.a(asset.o)
                              build/main.o (__asset_init_compression_lvl2)
/opt/libdragon/bin/../lib/gcc/mips64-elf/14.2.0/../../../../mips64-elf/lib/libdragon.a(lz4_dec.o)
                              /opt/libdragon/bin/../lib/gcc/mips64-elf/14.2.0/../../../../mips64-elf/lib/libdragon.a(asset.o) (decompress_lz4_full_inplace)
/opt/libdragon/bin/../lib/gcc/mips64-elf/14.2.0/../../../../mips64-elf/lib/libdragon.a(lz4_dec_fast.o)
                              /opt/libdragon/bin/../lib/gcc/mips64-elf/14.2.0/../../../../mips64-elf/lib/libdragon.a(lz4_dec.o) (decompress_lz4_full_fast)
/opt/libdragon/bin/../lib/gcc/mips64-elf/14.2.0/../../../../mips64-elf/lib/libdragon.a(ringbuf.o)
                              /opt/libdragon/bin/../lib/gcc/mips64-elf/14.2.0/../../../../mips64-elf/lib/libdragon.a(lz4_dec.o) (__ringbuf_init)
/opt/libdragon/bin/../lib/gcc/mips64-elf/14.2.0/../../../../mips64-elf/lib/libdragon.a(aplib_dec.o)
                              /opt/libdragon/bin/../lib/gcc/mips64-elf/14.2.0/../../../../mips64-elf/lib/libdragon.a(asset.o) (decompress_aplib_init)
/opt/libdragon/bin/../lib/gcc/mips64-elf/14.2.0/../../../../mips64-elf/lib/libdragon.a(shrinkler_dec.o)
                              /opt/libdragon/bin/../lib/gcc/mips64-elf/14.2.0/../../../../mips64-elf/lib/libdragon.a(asset.o) (decompress_shrinkler_full_inplace)
/opt/libdragon/bin/../lib/gcc/mips64-elf/14.2.0/../../../../mips64-elf/lib/libdragon.a(joypad.o)
                              build/main.o (joypad_poll)
/opt/libdragon/bin/../lib/gcc/mips64-elf/14.2.0/../../../../mips64-elf/lib/libdragon.a(joypad_accessory.o)
                              /opt/libdragon/bin/../lib/gcc/mips64-elf/14.2.0/../../../../mips64-elf/lib/libdragon.a(joypad.o) (joypad_accessory_detect_async)
/opt/libdragon/bin/../lib/gcc/mips64-elf/14.2.0/../../../../mips64-elf/lib/libdragon.a(rsp.o)
                              /opt/libdragon/bin/../lib/gcc/mips64-elf/14.2.0/../../../../mips64-elf/lib/libdragon.a(display.o) (__rsp_crash)
[...]
Memory Configuration

Name             Origin             Length             Attributes
*default*        0x00000000         0xffffffff

Linker script and memory map

LOAD /opt/libdragon/bin/../lib/gcc/mips64-elf/14.2.0/crti.o
LOAD /opt/libdragon/bin/../lib/gcc/mips64-elf/14.2.0/crtbegin.o
LOAD build/bullets.o
LOAD build/camera.o
LOAD build/collision.o
LOAD build/health.o
LOAD build/levels.o
LOAD build/main.o
LOAD build/map.o
LOAD build/slayer.o
LOAD build/zombie.o
LOAD /mnt/c/Users/lesli/workspace/tiny3d_Rum//build/libt3d.a
LOAD /opt/libdragon/bin/../lib/gcc/mips64-elf/14.2.0/../../../../mips64-elf/lib/libdragon.a
LOAD /opt/libdragon/bin/../lib/gcc/mips64-elf/14.2.0/../../../../mips64-elf/lib/libm.a
LOAD /opt/libdragon/bin/../lib/gcc/mips64-elf/14.2.0/../../../../mips64-elf/lib/libdragonsys.a

.intvectors     0x80000000      0x188
                0x80000000                        . = ALIGN (0x20)
 *(.intvectors)
 .intvectors    0x80000000      0x188 /opt/libdragon/bin/../lib/gcc/mips64-elf/14.2.0/../../../../mips64-elf/lib/libdragon.a(inthandler.o)
                0x80000188                        __intvectors_end = .

.text           0x80000400    0x40930
                0x80000400                        __text_start = .
 *(.boot)
 .boot          0x80000400       0x74 /opt/libdragon/bin/../lib/gcc/mips64-elf/14.2.0/../../../../mips64-elf/lib/libdragon.a(entrypoint.o)
                0x80000400                _start
                0x80000480                        . = ALIGN (0x10)
 *fill*         0x80000474        0xc 
 *(.text)
 .text          0x80000480      0x400 /opt/libdragon/bin/../lib/gcc/mips64-elf/14.2.0/../../../../mips64-elf/lib/libdragon.a(inthandler.o)
                0x80000480                inthandler
                0x80000880                inthandler_end
 .text          0x80000880        0x8 /opt/libdragon/bin/../lib/gcc/mips64-elf/14.2.0/../../../../mips64-elf/lib/libm.a(libm_a-wf_atan2.o)
                0x80000880                atan2f
 .text          0x80000888       0x80 /opt/libdragon/bin/../lib/gcc/mips64-elf/14.2.0/../../../../mips64-elf/lib/libm.a(libm_a-wf_fmod.o)
                0x80000888                fmodf
 .text          0x80000908      0x160 /opt/libdragon/bin/../lib/gcc/mips64-elf/14.2.0/../../../../mips64-elf/lib/libm.a(libm_a-wf_pow.o)
                0x80000908                powf
 .text          0x80000a68      0x110 /opt/libdragon/bin/../lib/gcc/mips64-elf/14.2.0/../../../../mips64-elf/lib/libm.a(libm_a-sf_ceil.o)
                0x80000a68                ceilf
 .text          0x80000b78       0xe8 /opt/libdragon/bin/../lib/gcc/mips64-elf/14.2.0/../../../../mips64-elf/lib/libm.a(libm_a-sf_cos.o)
                0x80000b78                cosf
 .text          0x80000c60       0x20 /opt/libdragon/bin/../lib/gcc/mips64-elf/14.2.0/../../../../mips64-elf/lib/libm.a(libm_a-sf_fabs.o)
                0x80000c60                fabsf
 .text          0x80000c80      0x110 /opt/libdragon/bin/../lib/gcc/mips64-elf/14.2.0/../../../../mips64-elf/lib/libm.a(libm_a-sf_floor.o)
                0x80000c80                floorf
 .text          0x80000d90       0xe8 /opt/libdragon/bin/../lib/gcc/mips64-elf/14.2.0/../../../../mips64-elf/lib/libm.a(libm_a-sf_sin.o)
                0x80000d90                sinf
 .text          0x80000e78       0x80 /opt/libdragon/bin/../lib/gcc/mips64-elf/14.2.0/../../../../mips64-elf/lib/libm.a(libm_a-sf_tan.o)
                0x80000e78                tanf
 .text          0x80000ef8       0x20 /opt/libdragon/bin/../lib/gcc/mips64-elf/14.2.0/../../../../mips64-elf/lib/libm.a(libm_a-sf_finite.o)
                0x80000ef8                finitef
 .text          0x80000f18       0x98 /opt/libdragon/bin/../lib/gcc/mips64-elf/14.2.0/../../../../mips64-elf/lib/libm.a(libm_a-sf_round.o)
                0x80000f18                roundf
 .text          0x80000fb0      0x190 /opt/libdragon/bin/../lib/gcc/mips64-elf/14.2.0/../../../../mips64-elf/lib/libm.a(libm_a-kf_cos.o)
                0x80000fb0                __kernel_cosf
 .text          0x80001140       0xd0 /opt/libdragon/bin/../lib/gcc/mips64-elf/14.2.0/../../../../mips64-elf/lib/libm.a(libm_a-kf_sin.o)
                0x80001140                __kernel_sinf
 .text          0x80001210      0x2b0 /opt/libdragon/bin/../lib/gcc/mips64-elf/14.2.0/../../../../mips64-elf/lib/libm.a(libm_a-kf_tan.o)
                0x80001210                __kernel_tanf
 .text          0x800014c0      0x218 /opt/libdragon/bin/../lib/gcc/mips64-elf/14.2.0/../../../../mips64-elf/lib/libm.a(libm_a-ef_atan2.o)
                0x800014c0                __ieee754_atan2f
 .text          0x800016d8      0x2b8 /opt/libdragon/bin/../lib/gcc/mips64-elf/14.2.0/../../../../mips64-elf/lib/libm.a(libm_a-ef_fmod.o)
                0x800016d8                __ieee754_fmodf
 .text          0x80001990      0x9d0 /opt/libdragon/bin/../lib/gcc/mips64-elf/14.2.0/../../../../mips64-elf/lib/libm.a(libm_a-ef_pow.o)
                0x80001990                __ieee754_powf
 .text          0x80002360      0x370 /opt/libdragon/bin/../lib/gcc/mips64-elf/14.2.0/../../../../mips64-elf/lib/libm.a(libm_a-ef_rem_pio2.o)
                0x80002360                __ieee754_rem_pio2f
 .text          0x800026d0      0x190 /opt/libdragon/bin/../lib/gcc/mips64-elf/14.2.0/../../../../mips64-elf/lib/libm.a(libm_a-ef_sqrt.o)
                0x800026d0                __ieee754_sqrtf
 .text          0x80002860      0x2b8 /opt/libdragon/bin/../lib/gcc/mips64-elf/14.2.0/../../../../mips64-elf/lib/libm.a(libm_a-sf_atan.o)
                0x80002860                atanf
 .text          0x80002b18      0x188 /opt/libdragon/bin/../lib/gcc/mips64-elf/14.2.0/../../../../mips64-elf/lib/libm.a(libm_a-sf_scalbn.o)
                0x80002b18                scalbnf
 .text          0x80002ca0       0xd0 /opt/libdragon/bin/../lib/gcc/mips64-elf/14.2.0/../../../../mips64-elf/lib/libm.a(libm_a-math_errf.o)
                0x80002d08                __math_uflowf
                0x80002d10                __math_oflowf
                0x80002d18                __math_divzerof
                0x80002d48                __math_invalidf
 .text          0x80002d70      0x9a0 /opt/libdragon/bin/../lib/gcc/mips64-elf/14.2.0/../../../../mips64-elf/lib/libm.a(libm_a-kf_rem_pio2.o)
                0x80002d70                __kernel_rem_pio2f
 .text          0x80003710       0x18 /opt/libdragon/bin/../lib/gcc/mips64-elf/14.2.0/../../../../mips64-elf/lib/libc.a(libc_a-abort.o)
                0x80003710                abort
 .text          0x80003728       0x18 /opt/libdragon/bin/../lib/gcc/mips64-elf/14.2.0/../../../../mips64-elf/lib/libc.a(libc_a-calloc.o)
                0x80003728                calloc
 .text          0x80003740      0x120 /opt/libdragon/bin/../lib/gcc/mips64-elf/14.2.0/../../../../mips64-elf/lib/libc.a(libc_a-callocr.o)
                0x80003740                _calloc_r
 .text          0x80003860       0x20 /opt/libdragon/bin/../lib/gcc/mips64-elf/14.2.0/../../../../mips64-elf/lib/libc.a(libc_a-malloc.o)
                0x80003860                malloc
                0x80003870                free
 .text          0x80003880      0x8c8 /opt/libdragon/bin/../lib/gcc/mips64-elf/14.2.0/../../../../mips64-elf/lib/libc.a(libc_a-mallocr.o)
                0x80003880                _malloc_r
 .text          0x80004148       0x20 /opt/libdragon/bin/../lib/gcc/mips64-elf/14.2.0/../../../../mips64-elf/lib/libc.a(libc_a-mlock.o)
                0x80004148                __malloc_lock
                0x80004158                __malloc_unlock
 .text          0x80004168       0xc0 /opt/libdragon/bin/../lib/gcc/mips64-elf/14.2.0/../../../../mips64-elf/lib/libc.a(libc_a-mstats.o)
                0x80004168                mallinfo
                0x80004198                malloc_stats
                0x800041a0                mallopt
                0x800041b8                _mstats_r
                0x800041f0                mstats
 .text          0x80004228       0x18 /opt/libdragon/bin/../lib/gcc/mips64-elf/14.2.0/../../../../mips64-elf/lib/libc.a(libc_a-realloc.o)
                0x80004228                realloc
 .text          0x80004240      0x600 /opt/libdragon/bin/../lib/gcc/mips64-elf/14.2.0/../../../../mips64-elf/lib/libc.a(libc_a-reallocr.o)
                0x80004240                _realloc_r
 .text          0x80004840       0x18 /opt/libdragon/bin/../lib/gcc/mips64-elf/14.2.0/../../../../mips64-elf/lib/libc.a(libc_a-malign.o)
                0x80004840                memalign
 .text          0x80004858      0x200 /opt/libdragon/bin/../lib/gcc/mips64-elf/14.2.0/../../../../mips64-elf/lib/libc.a(libc_a-malignr.o)
                0x80004858                _memalign_r
 .text          0x80004a58       0xf8 /opt/libdragon/bin/../lib/gcc/mips64-elf/14.2.0/../../../../mips64-elf/lib/libc.a(libc_a-malloptr.o)
                0x80004a58                _mallopt_r
 .text          0x80004b50      0xb00 /opt/libdragon/bin/../lib/gcc/mips64-elf/14.2.0/../../../../mips64-elf/lib/libc.a(libc_a-qsort.o)
                0x80004b50                qsort
 .text          0x80005650       0x68 /opt/libdragon/bin/../lib/gcc/mips64-elf/14.2.0/../../../../mips64-elf/lib/libc.a(libc_a-fiprintf.o)
                0x80005650                _fiprintf_r
                0x80005678                fiprintf
 .text          0x800056b8     0x2a08 /opt/libdragon/bin/../lib/gcc/mips64-elf/14.2.0/../../../../mips64-elf/lib/libc.a(libc_a-vfprintf.o)
                0x800056b8                _vfprintf_r
                0x80007fa8                vfprintf
 .text          0x800080c0     0x1500 /opt/libdragon/bin/../lib/gcc/mips64-elf/14.2.0/../../../../mips64-elf/lib/libc.a(libc_a-vfiprintf.o)
                0x800080c0                _vfiprintf_r
                0x800094a8                vfiprintf
 .text          0x800095c0       0x40 /opt/libdragon/bin/../lib/gcc/mips64-elf/14.2.0/../../../../mips64-elf/lib/libc.a(libc_a-sprint_r.o)
                0x800095c0                __sprint_r
 .text          0x80009600      0x1b0 /opt/libdragon/bin/../lib/gcc/mips64-elf/14.2.0/../../../../mips64-elf/lib/libc.a(libc_a-fclose.o)
                0x80009600                _fclose_r
                0x800097a0                fclose
 .text          0x800097b0      0x1e0 /opt/libdragon/bin/../lib/gcc/mips64-elf/14.2.0/../../../../mips64-elf/lib/libc.a(libc_a-fdopen.o)
                0x800097b0                _fdopen_r
                0x80009978                fdopen
 .text          0x80009990      0x458 /opt/libdragon/bin/../lib/gcc/mips64-elf/14.2.0/../../../../mips64-elf/lib/libc.a(libc_a-fflush.o)
                0x80009990                __sflush_r
                0x80009be8                _fflush_r
                0x80009cf0                fflush
 .text          0x80009de8      0x510 /opt/libdragon/bin/../lib/gcc/mips64-elf/14.2.0/../../../../mips64-elf/lib/libc.a(libc_a-findfp.o)
                0x8000a080                __sfp
                0x8000a1f0                __sinit
                0x8000a268                __sfp_lock_acquire
                0x8000a278                __sfp_lock_release
                0x8000a288                __fp_lock_all
                0x8000a2c0                __fp_unlock_all
 .text          0x8000a2f8       0xc8 /opt/libdragon/bin/../lib/gcc/mips64-elf/14.2.0/../../../../mips64-elf/lib/libc.a(libc_a-flags.o)
                0x8000a2f8                __sflags
 .text          0x8000a3c0       0x68 /opt/libdragon/bin/../lib/gcc/mips64-elf/14.2.0/../../../../mips64-elf/lib/libc.a(libc_a-fprintf.o)
                0x8000a3c0                _fprintf_r
                0x8000a3e8                fprintf
 .text          0x8000a428      0x190 /opt/libdragon/bin/../lib/gcc/mips64-elf/14.2.0/../../../../mips64-elf/lib/libc.a(libc_a-fputc.o)
                0x8000a428                _fputc_r
                0x8000a4f0                fputc
 .text          0x8000a5b8      0x3d0 /opt/libdragon/bin/../lib/gcc/mips64-elf/14.2.0/../../../../mips64-elf/lib/libc.a(libc_a-fread.o)
                0x8000a5b8                _fread_r
                0x8000a958                fread
 .text          0x8000a988       0x20 /opt/libdragon/bin/../lib/gcc/mips64-elf/14.2.0/../../../../mips64-elf/lib/libc.a(libc_a-fseek.o)
                0x8000a988                _fseek_r
                0x8000a990                fseek
 .text          0x8000a9a8      0x508 /opt/libdragon/bin/../lib/gcc/mips64-elf/14.2.0/../../../../mips64-elf/lib/libc.a(libc_a-fvwrite.o)
                0x8000a9a8                __sfvwrite_r
 .text          0x8000aeb0       0xc0 /opt/libdragon/bin/../lib/gcc/mips64-elf/14.2.0/../../../../mips64-elf/lib/libc.a(libc_a-fwalk.o)
                0x8000aeb0                _fwalk_sglue
 .text          0x8000af70      0x250 /opt/libdragon/bin/../lib/gcc/mips64-elf/14.2.0/../../../../mips64-elf/lib/libc.a(libc_a-fwrite.o)
                0x8000af70                _fwrite_r
                0x8000b190                fwrite
 .text          0x8000b1c0       0x78 /opt/libdragon/bin/../lib/gcc/mips64-elf/14.2.0/../../../../mips64-elf/lib/libc.a(libc_a-printf.o)
                0x8000b1c0                _printf_r
                0x8000b1f8                printf
 .text          0x8000b238      0x240 /opt/libdragon/bin/../lib/gcc/mips64-elf/14.2.0/../../../../mips64-elf/lib/libc.a(libc_a-putc.o)
                0x8000b238                _putc_r
                0x8000b348                putc
 .text          0x8000b478       0x20 /opt/libdragon/bin/../lib/gcc/mips64-elf/14.2.0/../../../../mips64-elf/lib/libc.a(libc_a-putchar.o)
                0x8000b478                _putchar_r
                0x8000b480                putchar
 .text          0x8000b498      0x1a8 /opt/libdragon/bin/../lib/gcc/mips64-elf/14.2.0/../../../../mips64-elf/lib/libc.a(libc_a-puts.o)
                0x8000b498                _puts_r
                0x8000b630                puts
 .text          0x8000b640      0x200 /opt/libdragon/bin/../lib/gcc/mips64-elf/14.2.0/../../../../mips64-elf/lib/libc.a(libc_a-refill.o)
                0x8000b668                __srefill_r
 .text          0x8000b840       0x78 /opt/libdragon/bin/../lib/gcc/mips64-elf/14.2.0/../../../../mips64-elf/lib/libc.a(libc_a-rewind.o)
                0x8000b840                _rewind_r
                0x8000b878                rewind
 .text          0x8000b8b8      0x2f0 /opt/libdragon/bin/../lib/gcc/mips64-elf/14.2.0/../../../../mips64-elf/lib/libc.a(libc_a-setvbuf.o)
                0x8000b8b8                setvbuf
 .text          0x8000bba8      0x1c8 /opt/libdragon/bin/../lib/gcc/mips64-elf/14.2.0/../../../../mips64-elf/lib/libc.a(libc_a-snprintf.o)
                0x8000bba8                _snprintf_r
                0x8000bc88                snprintf
 .text          0x8000bd70       0xe0 /opt/libdragon/bin/../lib/gcc/mips64-elf/14.2.0/../../../../mips64-elf/lib/libc.a(libc_a-sprintf.o)
                0x8000bd70                _sprintf_r
                0x8000bdd8                sprintf
 .text          0x8000be50      0x190 /opt/libdragon/bin/../lib/gcc/mips64-elf/14.2.0/../../../../mips64-elf/lib/libc.a(libc_a-stdio.o)
                0x8000be50                __sread
                0x8000bea8                __seofread
                0x8000beb0                __swrite
                0x8000bf70                __sseek
                0x8000bfd8                __sclose
 .text          0x8000bfe0       0x30 /opt/libdragon/bin/../lib/gcc/mips64-elf/14.2.0/../../../../mips64-elf/lib/libc.a(libc_a-vprintf.o)
                0x8000bfe0                vprintf
                0x8000bff8                _vprintf_r
 .text          0x8000c010      0x1d0 /opt/libdragon/bin/../lib/gcc/mips64-elf/14.2.0/../../../../mips64-elf/lib/libc.a(libc_a-wbuf.o)
                0x8000c010                __swbuf_r
                0x8000c1c8                __swbuf
 .text          0x8000c1e0      0x1e0 /opt/libdragon/bin/../lib/gcc/mips64-elf/14.2.0/../../../../mips64-elf/lib/libc.a(libc_a-wsetup.o)
                0x8000c1e0                __swsetup_r
 .text          0x8000c3c0      0x550 /opt/libdragon/bin/../lib/gcc/mips64-elf/14.2.0/../../../../mips64-elf/lib/libc.a(libc_a-fseeko.o)
                0x8000c3c0                _fseeko_r
                0x8000c8f8                fseeko
 .text          0x8000c910      0x488 /opt/libdragon/bin/../lib/gcc/mips64-elf/14.2.0/../../../../mips64-elf/lib/libc.a(libc_a-funopen.o)
                0x8000cb70                _funopen_r
                0x8000cd60                funopen
 .text          0x8000cd98      0x168 /opt/libdragon/bin/../lib/gcc/mips64-elf/14.2.0/../../../../mips64-elf/lib/libc.a(libc_a-vasnprintf.o)
                0x8000cd98                _vasnprintf_r
                0x8000ce48                vasnprintf
 .text          0x8000cf00       0xf0 /opt/libdragon/bin/../lib/gcc/mips64-elf/14.2.0/../../../../mips64-elf/lib/libc.a(libc_a-memchr.o)
                0x8000cf00                memchr
 .text          0x8000cff0       0x80 /opt/libdragon/bin/../lib/gcc/mips64-elf/14.2.0/../../../../mips64-elf/lib/libc.a(libc_a-memcmp.o)
                0x8000cff0                memcmp
 .text          0x8000d070      0x168 /opt/libdragon/bin/../lib/gcc/mips64-elf/14.2.0/../../../../mips64-elf/lib/libc.a(libc_a-memmove.o)
                0x8000d070                memmove
 .text          0x8000d1d8       0x98 /opt/libdragon/bin/../lib/gcc/mips64-elf/14.2.0/../../../../mips64-elf/lib/libc.a(libc_a-strcat.o)
                0x8000d1d8                strcat
 .text          0x8000d270      0x188 /opt/libdragon/bin/../lib/gcc/mips64-elf/14.2.0/../../../../mips64-elf/lib/libc.a(libc_a-strchr.o)
                0x8000d270                strchr
 .text          0x8000d3f8       0xa8 /opt/libdragon/bin/../lib/gcc/mips64-elf/14.2.0/../../../../mips64-elf/lib/libc.a(libc_a-strcpy.o)
                0x8000d3f8                strcpy
 .text          0x8000d4a0       0x10 /opt/libdragon/bin/../lib/gcc/mips64-elf/14.2.0/../../../../mips64-elf/lib/libc.a(libc_a-strdup.o)
                0x8000d4a0                strdup
 .text          0x8000d4b0       0x68 /opt/libdragon/bin/../lib/gcc/mips64-elf/14.2.0/../../../../mips64-elf/lib/libc.a(libc_a-strdup_r.o)
                0x8000d4b0                _strdup_r
 .text          0x8000d518      0x460 /opt/libdragon/bin/../lib/gcc/mips64-elf/14.2.0/../../../../mips64-elf/lib/libc.a(libc_a-strerror.o)
                0x8000d518                _strerror_r
                0x8000d948                strerror
                0x8000d960                strerror_l
 .text          0x8000d978       0xc8 /opt/libdragon/bin/../lib/gcc/mips64-elf/14.2.0/../../../../mips64-elf/lib/libc.a(libc_a-strncmp.o)
                0x8000d978                strncmp
 .text          0x8000da40       0x70 /opt/libdragon/bin/../lib/gcc/mips64-elf/14.2.0/../../../../mips64-elf/lib/libc.a(libc_a-strrchr.o)
                0x8000da40                strrchr
 .text          0x8000dab0      0xbb8 /opt/libdragon/bin/../lib/gcc/mips64-elf/14.2.0/../../../../mips64-elf/lib/libc.a(libc_a-strstr.o)
                0x8000e368                strstr
 .text          0x8000e668        0x8 /opt/libdragon/bin/../lib/gcc/mips64-elf/14.2.0/../../../../mips64-elf/lib/libc.a(libc_a-u_strerr.o)
                0x8000e668                _user_strerror
 .text          0x8000e670       0x90 /opt/libdragon/bin/../lib/gcc/mips64-elf/14.2.0/../../../../mips64-elf/lib/libc.a(libc_a-stpcpy.o)
                0x8000e670                stpcpy
 .text          0x8000e700      0x598 /opt/libdragon/bin/../lib/gcc/mips64-elf/14.2.0/../../../../mips64-elf/lib/libc.a(libc_a-signal.o)
                0x8000e700                _init_signal_r
                0x8000e768                _signal_r
                0x8000e818                _raise_r
                0x8000e8d0                __sigtramp_r
                0x8000e9c0                raise
                0x8000ea88                signal
                0x8000eb40                _init_signal
                0x8000ebb0                __sigtramp
 .text          0x8000ec98       0x28 /opt/libdragon/bin/../lib/gcc/mips64-elf/14.2.0/../../../../mips64-elf/lib/libc.a(libc_a-localeconv.o)
                0x8000ec98                __localeconv_l
                0x8000eca0                _localeconv_r
                0x8000ecb0                localeconv
 .text          0x8000ecc0       0x50 /opt/libdragon/bin/../lib/gcc/mips64-elf/14.2.0/../../../../mips64-elf/lib/libc.a(libc_a-closer.o)
                0x8000ecc0                _close_r
 .text          0x8000ed10       0x58 /opt/libdragon/bin/../lib/gcc/mips64-elf/14.2.0/../../../../mips64-elf/lib/libc.a(libc_a-fstatr.o)
                0x8000ed10                _fstat_r
 .text          0x8000ed68       0x60 /opt/libdragon/bin/../lib/gcc/mips64-elf/14.2.0/../../../../mips64-elf/lib/libc.a(libc_a-lseekr.o)
                0x8000ed68                _lseek_r
 .text          0x8000edc8       0x60 /opt/libdragon/bin/../lib/gcc/mips64-elf/14.2.0/../../../../mips64-elf/lib/libc.a(libc_a-readr.o)
                0x8000edc8                _read_r
 .text          0x8000ee28       0x60 /opt/libdragon/bin/../lib/gcc/mips64-elf/14.2.0/../../../../mips64-elf/lib/libc.a(libc_a-signalr.o)
                0x8000ee28                _kill_r
                0x8000ee80                _getpid_r
 .text          0x8000ee88       0x50 /opt/libdragon/bin/../lib/gcc/mips64-elf/14.2.0/../../../../mips64-elf/lib/libc.a(libc_a-sbrkr.o)
                0x8000ee88                _sbrk_r
 .text          0x8000eed8       0x60 /opt/libdragon/bin/../lib/gcc/mips64-elf/14.2.0/../../../../mips64-elf/lib/libc.a(libc_a-writer.o)
                0x8000eed8                _write_r
 .text          0x8000ef38        0x8 /opt/libdragon/bin/../lib/gcc/mips64-elf/14.2.0/../../../../mips64-elf/lib/libc.a(libc_a-errno.o)
                0x8000ef38                __errno
 .text          0x8000ef40       0x18 /opt/libdragon/bin/../lib/gcc/mips64-elf/14.2.0/../../../../mips64-elf/lib/libc.a(libc_a-strlen.o)
                0x8000ef40                strlen
 .text          0x8000ef58      0x240 /opt/libdragon/bin/../lib/gcc/mips64-elf/14.2.0/../../../../mips64-elf/lib/libc.a(libc_a-strcmp.o)
                0x8000ef58                strcmp
 .text          0x8000f198      0x11c /opt/libdragon/bin/../lib/gcc/mips64-elf/14.2.0/../../../../mips64-elf/lib/libc.a(libc_a-memset.o)
                0x8000f198                memset
 .text          0x8000f2b4      0x370 /opt/libdragon/bin/../lib/gcc/mips64-elf/14.2.0/../../../../mips64-elf/lib/libc.a(libc_a-memcpy.o)
                0x8000f2b4                memcpy
 *fill*         0x8000f624        0x4 
 .text          0x8000f628     0x1810 /opt/libdragon/bin/../lib/gcc/mips64-elf/14.2.0/../../../../mips64-elf/lib/libc.a(libc_a-dtoa.o)
                0x8000f878                _dtoa_r
 .text          0x80010e38      0x470 /opt/libdragon/bin/../lib/gcc/mips64-elf/14.2.0/../../../../mips64-elf/lib/libc.a(libc_a-freer.o)
                0x80010e38                _malloc_trim_r
                0x80010f78                _free_r
 .text          0x800112a8      0x170 /opt/libdragon/bin/../lib/gcc/mips64-elf/14.2.0/../../../../mips64-elf/lib/libc.a(libc_a-mallinfor.o)
                0x800112a8                __malloc_update_mallinfo
                0x80011330                _mallinfo_r
 .text          0x80011418       0xa0 /opt/libdragon/bin/../lib/gcc/mips64-elf/14.2.0/../../../../mips64-elf/lib/libc.a(libc_a-mallstatsr.o)
                0x80011418                _malloc_stats_r
 .text          0x800114b8     0x1480 /opt/libdragon/bin/../lib/gcc/mips64-elf/14.2.0/../../../../mips64-elf/lib/libc.a(libc_a-mprec.o)
                0x800114b8                _Balloc
                0x80011568                _Bfree
                0x80011598                __multadd
                0x800116f0                __s2b
                0x80011870                __hi0bits
                0x80011918                __lo0bits
                0x80011a30                __i2b
                0x80011b08                __multiply
                0x80011d90                __pow5mult
                0x80011ef8                __lshift
                0x800120b0                __mcmp
                0x80012118                __mdiff
                0x80012390                __ulp
                0x80012440                __b2d
                0x800125d8                __d2b
                0x80012730                __ratio
                0x800127f0                _mprec_log10
                0x80012830                __copybits
                0x800128b8                __any_on
 .text          0x80012938     0x2718 /opt/libdragon/bin/../lib/gcc/mips64-elf/14.2.0/../../../../mips64-elf/lib/libc.a(libc_a-svfprintf.o)
                0x80012938                _svfprintf_r
 .text          0x80015050       0xc8 /opt/libdragon/bin/../lib/gcc/mips64-elf/14.2.0/../../../../mips64-elf/lib/libc.a(libc_a-ssprint_r.o)
                0x80015050                __ssprint_r
 .text          0x80015118      0x230 /opt/libdragon/bin/../lib/gcc/mips64-elf/14.2.0/../../../../mips64-elf/lib/libc.a(libc_a-makebuf.o)
                0x80015118                __smakebuf_r
                0x80015298                __swhatbuf_r
 .text          0x80015348       0x40 /opt/libdragon/bin/../lib/gcc/mips64-elf/14.2.0/../../../../mips64-elf/lib/libc.a(libc_a-strnlen.o)
                0x80015348                strnlen
 .text          0x80015388       0x50 /opt/libdragon/bin/../lib/gcc/mips64-elf/14.2.0/../../../../mips64-elf/lib/libc.a(libc_a-isattyr.o)
                0x80015388                _isatty_r
 .text          0x800153d8       0x70 /opt/libdragon/bin/../lib/gcc/mips64-elf/14.2.0/../../../../mips64-elf/lib/libc.a(libc_a-mbtowc_r.o)
                0x800153d8                _mbtowc_r
                0x800153e8                __ascii_mbtowc
 .text          0x80015448       0x48 /opt/libdragon/bin/../lib/gcc/mips64-elf/14.2.0/../../../../mips64-elf/lib/libc.a(libc_a-wctomb_r.o)
                0x80015448                _wctomb_r
                0x80015458                __ascii_wctomb
 .text          0x80015490      0x188 /opt/libdragon/bin/../lib/gcc/mips64-elf/14.2.0/../../../../mips64-elf/lib/libc.a(libc_a-ssputs_r.o)
                0x80015490                __ssputs_r
 *(.text.*)
 *fill*         0x80015618        0x8 
 .text.bullet_init
                0x80015620       0xc0 build/bullets.o
                0x80015620                bullet_init
 .text.bullet_update
                0x800156e0      0x2a0 build/bullets.o
                0x800156e0                bullet_update
 .text.bullet_draw
                0x80015980      0x140 build/bullets.o
                0x80015980                bullet_draw
 .text.camera_init
                0x80015ac0      0x100 build/camera.o
                0x80015ac0                camera_init
 .text.camera_update
                0x80015bc0       0xe0 build/camera.o
                0x80015bc0                camera_update
 .text.camera_get_viewport
                0x80015ca0       0x20 build/camera.o
                0x80015ca0                camera_get_viewport
 .text.camera_toggle_mode
                0x80015cc0       0x20 build/camera.o
                0x80015cc0                camera_toggle_mode
 .text.check_overlap
                0x80015ce0       0x60 build/collision.o
                0x80015ce0                check_overlap
 .text.enemy_prune_dead
                0x80015d40      0x120 build/health.o
                0x80015d40                enemy_prune_dead
 .text.startup.main
                0x80015e60      0x640 build/main.o
                0x80015e60                main
 .text.map_init
                0x800164a0       0x80 build/map.o
                0x800164a0                map_init
 .text.map_draw
                0x80016520       0x60 build/map.o
                0x80016520                map_draw
 .text.player_init
                0x80016580      0x180 build/slayer.o
                0x80016580                player_init
 .text.player_draw
                0x80016700      0x100 build/slayer.o
                0x80016700                player_draw
 .text.player_update
                0x80016800      0x360 build/slayer.o
                0x80016800                player_update
 .text.zombie_init
                0x80016b60      0x120 build/zombie.o
                0x80016b60                zombie_init
 .text.zombie_update
                0x80016c80      0x1c0 build/zombie.o
                0x80016c80                zombie_update
 .text.zombie_draw
                0x80016e40       0xc0 build/zombie.o
                0x80016e40                zombie_draw
 .text.zombie_update_all
                0x80016f00       0xa0 build/zombie.o
                0x80016f00                zombie_update_all
 .text.zombie_draw_all
                0x80016fa0       0x60 build/zombie.o
                0x80016fa0                zombie_draw_all
 .text.t3d_vec3_cross
                0x80017000       0x54 /mnt/c/Users/lesli/workspace/tiny3d_Rum//build/libt3d.a
 .text.t3d_vec3_norm
                0x80017054       0x54 /mnt/c/Users/lesli/workspace/tiny3d_Rum//build/libt3d.a
 .text.t3d_quat_nlerp
                0x800170a8       0xdc /mnt/c/Users/lesli/workspace/tiny3d_Rum//build/libt3d.a
                0x800170a8                t3d_quat_nlerp
 .text.t3d_mat4_look_at
                0x80017184      0x130 /mnt/c/Users/lesli/workspace/tiny3d_Rum//build/libt3d.a
                0x80017184                t3d_mat4_look_at
 .text.t3d_mat4_to_frustum
                0x800172b4       0xb4 /mnt/c/Users/lesli/workspace/tiny3d_Rum//build/libt3d.a
                0x800172b4                t3d_mat4_to_frustum
 .text.t3d_mat4_perspective
                0x80017368       0xb4 /mnt/c/Users/lesli/workspace/tiny3d_Rum//build/libt3d.a
                0x80017368                t3d_mat4_perspective
 .text.t3d_mat4_to_fixed
                0x8001741c       0xbc /mnt/c/Users/lesli/workspace/tiny3d_Rum//build/libt3d.a
                0x8001741c                t3d_mat4_to_fixed
 .text.t3d_mat4_to_fixed_3x4
                0x800174d8       0xa8 /mnt/c/Users/lesli/workspace/tiny3d_Rum//build/libt3d.a
                0x800174d8                t3d_mat4_to_fixed_3x4
 .text.t3d_mat4_from_srt
                0x80017580      0x130 /mnt/c/Users/lesli/workspace/tiny3d_Rum//build/libt3d.a
                0x80017580                t3d_mat4_from_srt
 .text.t3d_mat4_from_srt_euler
                0x800176b0      0x17c /mnt/c/Users/lesli/workspace/tiny3d_Rum//build/libt3d.a
                0x800176b0                t3d_mat4_from_srt_euler
 .text.t3d_mat4fp_from_srt_euler
                0x8001782c       0x34 /mnt/c/Users/lesli/workspace/tiny3d_Rum//build/libt3d.a
                0x8001782c                t3d_mat4fp_from_srt_euler
 .text.t3d_mat4_mul
                0x80017860       0x70 /mnt/c/Users/lesli/workspace/tiny3d_Rum//build/libt3d.a
 .text.t3d_matrix_stack
                0x800178d0       0x6c /mnt/c/Users/lesli/workspace/tiny3d_Rum//build/libt3d.a
 .text.t3d_dmem_set_u16
                0x8001793c       0x48 /mnt/c/Users/lesli/workspace/tiny3d_Rum//build/libt3d.a
 .text.t3d_dmem_set_u32
                0x80017984       0x44 /mnt/c/Users/lesli/workspace/tiny3d_Rum//build/libt3d.a
 .text.t3d_init
                0x800179c8       0xc0 /mnt/c/Users/lesli/workspace/tiny3d_Rum//build/libt3d.a
                0x800179c8                t3d_init
 .text.t3d_screen_clear_color
                0x80017a88       0x24 /mnt/c/Users/lesli/workspace/tiny3d_Rum//build/libt3d.a
                0x80017a88                t3d_screen_clear_color
 .text.t3d_screen_clear_depth
                0x80017aac       0x24 /mnt/c/Users/lesli/workspace/tiny3d_Rum//build/libt3d.a
                0x80017aac                t3d_screen_clear_depth
 .text.t3d_matrix_set
                0x80017ad0       0x10 /mnt/c/Users/lesli/workspace/tiny3d_Rum//build/libt3d.a
                0x80017ad0                t3d_matrix_set
 .text.t3d_matrix_push
                0x80017ae0       0x10 /mnt/c/Users/lesli/workspace/tiny3d_Rum//build/libt3d.a
                0x80017ae0                t3d_matrix_push
 .text.t3d_matrix_pop
                0x80017af0       0x18 /mnt/c/Users/lesli/workspace/tiny3d_Rum//build/libt3d.a
                0x80017af0                t3d_matrix_pop
 .text.t3d_matrix_set_proj
                0x80017b08       0x4c /mnt/c/Users/lesli/workspace/tiny3d_Rum//build/libt3d.a
                0x80017b08                t3d_matrix_set_proj
 .text.t3d_vert_load
                0x80017b54       0x84 /mnt/c/Users/lesli/workspace/tiny3d_Rum//build/libt3d.a
                0x80017b54                t3d_vert_load
 .text.t3d_frame_start
                0x80017bd8       0x58 /mnt/c/Users/lesli/workspace/tiny3d_Rum//build/libt3d.a
                0x80017bd8                t3d_frame_start
 .text.t3d_light_set_count
                0x80017c30        0xc /mnt/c/Users/lesli/workspace/tiny3d_Rum//build/libt3d.a
                0x80017c30                t3d_light_set_count
 .text.t3d_light_set_ambient
                0x80017c3c       0x54 /mnt/c/Users/lesli/workspace/tiny3d_Rum//build/libt3d.a
                0x80017c3c                t3d_light_set_ambient
 .text.t3d_light_set_directional
                0x80017c90      0x1a0 /mnt/c/Users/lesli/workspace/tiny3d_Rum//build/libt3d.a
                0x80017c90                t3d_light_set_directional
 .text.t3d_state_set_drawflags
                0x80017e30       0x98 /mnt/c/Users/lesli/workspace/tiny3d_Rum//build/libt3d.a
                0x80017e30                t3d_state_set_drawflags
 .text.t3d_state_set_vertex_fx
                0x80017ec8       0xb4 /mnt/c/Users/lesli/workspace/tiny3d_Rum//build/libt3d.a
                0x80017ec8                t3d_state_set_vertex_fx
 .text.t3d_tri_draw
                0x80017f7c       0xa4 /mnt/c/Users/lesli/workspace/tiny3d_Rum//build/libt3d.a
                0x80017f7c                t3d_tri_draw
 .text.t3d_tri_draw_strip
                0x80018020       0xa8 /mnt/c/Users/lesli/workspace/tiny3d_Rum//build/libt3d.a
                0x80018020                t3d_tri_draw_strip
 .text.t3d_viewport_attach
                0x800180c8      0x37c /mnt/c/Users/lesli/workspace/tiny3d_Rum//build/libt3d.a
                0x800180c8                t3d_viewport_attach
 .text.t3d_viewport_get
                0x80018444        0x8 /mnt/c/Users/lesli/workspace/tiny3d_Rum//build/libt3d.a
                0x80018444                t3d_viewport_get
 .text.t3d_viewport_set_perspective
                0x8001844c       0x4c /mnt/c/Users/lesli/workspace/tiny3d_Rum//build/libt3d.a
                0x8001844c                t3d_viewport_set_perspective
 .text.t3d_viewport_set_projection
                0x80018498       0x40 /mnt/c/Users/lesli/workspace/tiny3d_Rum//build/libt3d.a
                0x80018498                t3d_viewport_set_projection
 .text.t3d_viewport_look_at
                0x800184d8       0x58 /mnt/c/Users/lesli/workspace/tiny3d_Rum//build/libt3d.a
                0x800184d8                t3d_viewport_look_at
 .text.t3d_indexbuffer_convert
                0x80018530       0x58 /mnt/c/Users/lesli/workspace/tiny3d_Rum//build/libt3d.a
                0x80018530                t3d_indexbuffer_convert
 .text.set_texture
                0x80018588      0x2d4 /mnt/c/Users/lesli/workspace/tiny3d_Rum//build/libt3d.a
 .text.t3d_model_load
                0x8001885c      0x3fc /mnt/c/Users/lesli/workspace/tiny3d_Rum//build/libt3d.a
                0x8001885c                t3d_model_load
 .text.t3d_model_draw_object
                0x80018c58      0x20c /mnt/c/Users/lesli/workspace/tiny3d_Rum//build/libt3d.a
                0x80018c58                t3d_model_draw_object
 .text.t3d_model_draw_material
                0x80018e64      0x368 /mnt/c/Users/lesli/workspace/tiny3d_Rum//build/libt3d.a
                0x80018e64                t3d_model_draw_material
 .text.t3d_model_get_animation
                0x800191cc       0xb4 /mnt/c/Users/lesli/workspace/tiny3d_Rum//build/libt3d.a
                0x800191cc                t3d_model_get_animation
 .text.t3d_model_iter_next
                0x80019280       0x68 /mnt/c/Users/lesli/workspace/tiny3d_Rum//build/libt3d.a
                0x80019280                t3d_model_iter_next
 .text.t3d_model_draw_custom
                0x800192e8      0x100 /mnt/c/Users/lesli/workspace/tiny3d_Rum//build/libt3d.a
                0x800192e8                t3d_model_draw_custom
 .text.t3d_skeleton_clone
                0x800193e8       0xd0 /mnt/c/Users/lesli/workspace/tiny3d_Rum//build/libt3d.a
                0x800193e8                t3d_skeleton_clone
 .text.t3d_skeleton_reset
                0x800194b8       0xa0 /mnt/c/Users/lesli/workspace/tiny3d_Rum//build/libt3d.a
                0x800194b8                t3d_skeleton_reset
 .text.t3d_skeleton_create_buffered
                0x80019558      0x108 /mnt/c/Users/lesli/workspace/tiny3d_Rum//build/libt3d.a
                0x80019558                t3d_skeleton_create_buffered
 .text.t3d_skeleton_blend
                0x80019660      0x150 /mnt/c/Users/lesli/workspace/tiny3d_Rum//build/libt3d.a
                0x80019660                t3d_skeleton_blend
 .text.t3d_skeleton_update
                0x800197b0      0x23c /mnt/c/Users/lesli/workspace/tiny3d_Rum//build/libt3d.a
                0x800197b0                t3d_skeleton_update
 .text.rewind_anim
                0x800199ec       0x74 /mnt/c/Users/lesli/workspace/tiny3d_Rum//build/libt3d.a
 .text.t3d_anim_create
                0x80019a60       0xb4 /mnt/c/Users/lesli/workspace/tiny3d_Rum//build/libt3d.a
                0x80019a60                t3d_anim_create
 .text.t3d_anim_attach
                0x80019b14      0x1a4 /mnt/c/Users/lesli/workspace/tiny3d_Rum//build/libt3d.a
                0x80019b14                t3d_anim_attach
 .text.t3d_anim_update
                0x80019cb8      0x384 /mnt/c/Users/lesli/workspace/tiny3d_Rum//build/libt3d.a
                0x80019cb8                t3d_anim_update
 .text.tpx_dmem_set_u32
                0x8001a03c       0x48 /mnt/c/Users/lesli/workspace/tiny3d_Rum//build/libt3d.a
 .text.tpx_matrix_stack
                0x8001a084       0x6c /mnt/c/Users/lesli/workspace/tiny3d_Rum//build/libt3d.a
 .text.tpx_particle_draw_generic
                0x8001a0f0       0xfc /mnt/c/Users/lesli/workspace/tiny3d_Rum//build/libt3d.a
 .text.tpx_state_from_t3d
                0x8001a1ec       0xec /mnt/c/Users/lesli/workspace/tiny3d_Rum//build/libt3d.a
                0x8001a1ec                tpx_state_from_t3d
 .text.tpx_state_set_scale
                0x8001a2d8       0xb8 /mnt/c/Users/lesli/workspace/tiny3d_Rum//build/libt3d.a
                0x8001a2d8                tpx_state_set_scale
 .text.tpx_particle_draw
                0x8001a390        0x8 /mnt/c/Users/lesli/workspace/tiny3d_Rum//build/libt3d.a
                0x8001a390                tpx_particle_draw
 .text.tpx_matrix_set
                0x8001a398       0x10 /mnt/c/Users/lesli/workspace/tiny3d_Rum//build/libt3d.a
                0x8001a398                tpx_matrix_set
 .text.tpx_init
                0x8001a3a8       0x9c /mnt/c/Users/lesli/workspace/tiny3d_Rum//build/libt3d.a
                0x8001a3a8                tpx_init
 .text.tpx_matrix_push
                0x8001a444       0x10 /mnt/c/Users/lesli/workspace/tiny3d_Rum//build/libt3d.a
                0x8001a444                tpx_matrix_push
 .text.tpx_matrix_pop
                0x8001a454       0x18 /mnt/c/Users/lesli/workspace/tiny3d_Rum//build/libt3d.a
                0x8001a454                tpx_matrix_pop
 *fill*         0x8001a46c       0x14 
 .text.data_cache_hit_writeback
                0x8001a480       0x60 /opt/libdragon/bin/../lib/gcc/mips64-elf/14.2.0/../../../../mips64-elf/lib/libdragon.a(n64sys.o)
                0x8001a480                data_cache_hit_writeback
 .text.__data_cache_hit_invalidate
                0x8001a4e0       0x60 /opt/libdragon/bin/../lib/gcc/mips64-elf/14.2.0/../../../../mips64-elf/lib/libdragon.a(n64sys.o)
                0x8001a4e0                __data_cache_hit_invalidate
 .text.data_cache_hit_writeback_invalidate
                0x8001a540       0x60 /opt/libdragon/bin/../lib/gcc/mips64-elf/14.2.0/../../../../mips64-elf/lib/libdragon.a(n64sys.o)
                0x8001a540                data_cache_hit_writeback_invalidate
 .text.inst_cache_hit_invalidate
                0x8001a5a0       0x60 /opt/libdragon/bin/../lib/gcc/mips64-elf/14.2.0/../../../../mips64-elf/lib/libdragon.a(n64sys.o)
                0x8001a5a0                inst_cache_hit_invalidate
 .text.malloc_uncached_aligned
                0x8001a600       0xc0 /opt/libdragon/bin/../lib/gcc/mips64-elf/14.2.0/../../../../mips64-elf/lib/libdragon.a(n64sys.o)
                0x8001a600                malloc_uncached_aligned
 .text.malloc_uncached
                0x8001a6c0       0x20 /opt/libdragon/bin/../lib/gcc/mips64-elf/14.2.0/../../../../mips64-elf/lib/libdragon.a(n64sys.o)
                0x8001a6c0                malloc_uncached
 .text.free_uncached
                0x8001a6e0       0x20 /opt/libdragon/bin/../lib/gcc/mips64-elf/14.2.0/../../../../mips64-elf/lib/libdragon.a(n64sys.o)
                0x8001a6e0                free_uncached
 .text.get_memory_size
                0x8001a700       0x20 /opt/libdragon/bin/../lib/gcc/mips64-elf/14.2.0/../../../../mips64-elf/lib/libdragon.a(n64sys.o)
                0x8001a700                get_memory_size
 .text.get_ticks
                0x8001a720       0x40 /opt/libdragon/bin/../lib/gcc/mips64-elf/14.2.0/../../../../mips64-elf/lib/libdragon.a(n64sys.o)
                0x8001a720                get_ticks
 .text.get_ticks_us
                0x8001a760       0x60 /opt/libdragon/bin/../lib/gcc/mips64-elf/14.2.0/../../../../mips64-elf/lib/libdragon.a(n64sys.o)
                0x8001a760                get_ticks_us
 .text.wait_ms  0x8001a7c0       0x40 /opt/libdragon/bin/../lib/gcc/mips64-elf/14.2.0/../../../../mips64-elf/lib/libdragon.a(n64sys.o)
                0x8001a7c0                wait_ms
 .text.die      0x8001a800       0x60 /opt/libdragon/bin/../lib/gcc/mips64-elf/14.2.0/../../../../mips64-elf/lib/libdragon.a(n64sys.o)
                0x8001a800                die
 .text.sys_get_heap_stats
                0x8001a860       0x40 /opt/libdragon/bin/../lib/gcc/mips64-elf/14.2.0/../../../../mips64-elf/lib/libdragon.a(n64sys.o)
                0x8001a860                sys_get_heap_stats
 .text.startup.__init_cop1
                0x8001a8a0       0x40 /opt/libdragon/bin/../lib/gcc/mips64-elf/14.2.0/../../../../mips64-elf/lib/libdragon.a(n64sys.o)
                0x8001a8a0                __init_cop1
 .text.__MI_handler
                0x8001a8e0      0x380 /opt/libdragon/bin/../lib/gcc/mips64-elf/14.2.0/../../../../mips64-elf/lib/libdragon.a(interrupt.o)
                0x8001a8e0                __MI_handler
 .text.__MI_BB_handler
                0x8001ac60      0x300 /opt/libdragon/bin/../lib/gcc/mips64-elf/14.2.0/../../../../mips64-elf/lib/libdragon.a(interrupt.o)
                0x8001ac60                __MI_BB_handler
 .text.__TI_handler
                0x8001af60       0x80 /opt/libdragon/bin/../lib/gcc/mips64-elf/14.2.0/../../../../mips64-elf/lib/libdragon.a(interrupt.o)
                0x8001af60                __TI_handler
 .text.__CART_handler
                0x8001afe0      0x100 /opt/libdragon/bin/../lib/gcc/mips64-elf/14.2.0/../../../../mips64-elf/lib/libdragon.a(interrupt.o)
                0x8001afe0                __CART_handler
 .text.__RESET_handler
                0x8001b0e0       0x60 /opt/libdragon/bin/../lib/gcc/mips64-elf/14.2.0/../../../../mips64-elf/lib/libdragon.a(interrupt.o)
                0x8001b0e0                __RESET_handler
 .text.register_AI_handler
                0x8001b140       0x60 /opt/libdragon/bin/../lib/gcc/mips64-elf/14.2.0/../../../../mips64-elf/lib/libdragon.a(interrupt.o)
                0x8001b140                register_AI_handler
 .text.register_VI_handler
                0x8001b1a0       0x60 /opt/libdragon/bin/../lib/gcc/mips64-elf/14.2.0/../../../../mips64-elf/lib/libdragon.a(interrupt.o)
                0x8001b1a0                register_VI_handler
 .text.unregister_VI_handler
                0x8001b200       0x60 /opt/libdragon/bin/../lib/gcc/mips64-elf/14.2.0/../../../../mips64-elf/lib/libdragon.a(interrupt.o)
                0x8001b200                unregister_VI_handler
 .text.register_DP_handler
                0x8001b260       0x60 /opt/libdragon/bin/../lib/gcc/mips64-elf/14.2.0/../../../../mips64-elf/lib/libdragon.a(interrupt.o)
                0x8001b260                register_DP_handler
 .text.register_SI_handler
                0x8001b2c0       0x60 /opt/libdragon/bin/../lib/gcc/mips64-elf/14.2.0/../../../../mips64-elf/lib/libdragon.a(interrupt.o)
                0x8001b2c0                register_SI_handler
 .text.register_SP_handler
                0x8001b320       0x60 /opt/libdragon/bin/../lib/gcc/mips64-elf/14.2.0/../../../../mips64-elf/lib/libdragon.a(interrupt.o)
                0x8001b320                register_SP_handler
 .text.register_TI_handler
                0x8001b380       0x60 /opt/libdragon/bin/../lib/gcc/mips64-elf/14.2.0/../../../../mips64-elf/lib/libdragon.a(interrupt.o)
                0x8001b380                register_TI_handler
 .text.set_AI_interrupt
                0x8001b3e0       0x20 /opt/libdragon/bin/../lib/gcc/mips64-elf/14.2.0/../../../../mips64-elf/lib/libdragon.a(interrupt.o)
                0x8001b3e0                set_AI_interrupt
 .text.set_VI_interrupt
                0x8001b400       0x40 /opt/libdragon/bin/../lib/gcc/mips64-elf/14.2.0/../../../../mips64-elf/lib/libdragon.a(interrupt.o)
                0x8001b400                set_VI_interrupt
 .text.set_DP_interrupt
                0x8001b440       0x20 /opt/libdragon/bin/../lib/gcc/mips64-elf/14.2.0/../../../../mips64-elf/lib/libdragon.a(interrupt.o)
                0x8001b440                set_DP_interrupt
 .text.set_SI_interrupt
                0x8001b460       0x20 /opt/libdragon/bin/../lib/gcc/mips64-elf/14.2.0/../../../../mips64-elf/lib/libdragon.a(interrupt.o)
                0x8001b460                set_SI_interrupt
 .text.set_SP_interrupt
                0x8001b480       0x20 /opt/libdragon/bin/../lib/gcc/mips64-elf/14.2.0/../../../../mips64-elf/lib/libdragon.a(interrupt.o)
                0x8001b480                set_SP_interrupt
 .text.set_TI_interrupt
                0x8001b4a0       0x40 /opt/libdragon/bin/../lib/gcc/mips64-elf/14.2.0/../../../../mips64-elf/lib/libdragon.a(interrupt.o)
                0x8001b4a0                set_TI_interrupt
 .text.startup.__init_interrupts
                0x8001b4e0       0x60 /opt/libdragon/bin/../lib/gcc/mips64-elf/14.2.0/../../../../mips64-elf/lib/libdragon.a(interrupt.o)
                0x8001b4e0                __init_interrupts
 .text.disable_interrupts
                0x8001b540       0x40 /opt/libdragon/bin/../lib/gcc/mips64-elf/14.2.0/../../../../mips64-elf/lib/libdragon.a(interrupt.o)
                0x8001b540                disable_interrupts
 .text.enable_interrupts
                0x8001b580       0x80 /opt/libdragon/bin/../lib/gcc/mips64-elf/14.2.0/../../../../mips64-elf/lib/libdragon.a(interrupt.o)
                0x8001b580                enable_interrupts
 .text.get_interrupts_state
                0x8001b600       0x20 /opt/libdragon/bin/../lib/gcc/mips64-elf/14.2.0/../../../../mips64-elf/lib/libdragon.a(interrupt.o)
                0x8001b600                get_interrupts_state
 .text.exception_reset_time
                0x8001b620       0x20 /opt/libdragon/bin/../lib/gcc/mips64-elf/14.2.0/../../../../mips64-elf/lib/libdragon.a(interrupt.o)
                0x8001b620                exception_reset_time
 .text.sinf_approx
                0x8001b640      0x120 /opt/libdragon/bin/../lib/gcc/mips64-elf/14.2.0/../../../../mips64-elf/lib/libdragon.a(fmath.o)
 .text.fm_sinf  0x8001b760       0x80 /opt/libdragon/bin/../lib/gcc/mips64-elf/14.2.0/../../../../mips64-elf/lib/libdragon.a(fmath.o)
                0x8001b760                fm_sinf
 .text.fm_cosf  0x8001b7e0       0xa0 /opt/libdragon/bin/../lib/gcc/mips64-elf/14.2.0/../../../../mips64-elf/lib/libdragon.a(fmath.o)
                0x8001b7e0                fm_cosf
 .text.__stderr_write
                0x8001b880       0x80 /opt/libdragon/bin/../lib/gcc/mips64-elf/14.2.0/../../../../mips64-elf/lib/libdragon.a(debug.o)
 .text.usblog_write
                0x8001b900       0x20 /opt/libdragon/bin/../lib/gcc/mips64-elf/14.2.0/../../../../mips64-elf/lib/libdragon.a(debug.o)
 .text.isviewer_write
                0x8001b920       0xe0 /opt/libdragon/bin/../lib/gcc/mips64-elf/14.2.0/../../../../mips64-elf/lib/libdragon.a(debug.o)
 .text.cb.0     0x8001ba00       0xa0 /opt/libdragon/bin/../lib/gcc/mips64-elf/14.2.0/../../../../mips64-elf/lib/libdragon.a(debug.o)
 .text.debug_init_usblog
                0x8001baa0       0xe0 /opt/libdragon/bin/../lib/gcc/mips64-elf/14.2.0/../../../../mips64-elf/lib/libdragon.a(debug.o)
                0x8001baa0                debug_init_usblog
 .text.debug_init_isviewer
                0x8001bb80       0xe0 /opt/libdragon/bin/../lib/gcc/mips64-elf/14.2.0/../../../../mips64-elf/lib/libdragon.a(debug.o)
                0x8001bb80                debug_init_isviewer
 .text.debug_assert_func_f
                0x8001bc60       0xe0 /opt/libdragon/bin/../lib/gcc/mips64-elf/14.2.0/../../../../mips64-elf/lib/libdragon.a(debug.o)
                0x8001bc60                debug_assert_func_f
 .text.debug_assert_func
                0x8001bd40       0x20 /opt/libdragon/bin/../lib/gcc/mips64-elf/14.2.0/../../../../mips64-elf/lib/libdragon.a(debug.o)
                0x8001bd40                debug_assert_func
 .text.debug_hexdump
                0x8001bd60      0x280 /opt/libdragon/bin/../lib/gcc/mips64-elf/14.2.0/../../../../mips64-elf/lib/libdragon.a(debug.o)
                0x8001bd60                debug_hexdump
 .text.__debug_backtrace
                0x8001bfe0      0x120 /opt/libdragon/bin/../lib/gcc/mips64-elf/14.2.0/../../../../mips64-elf/lib/libdragon.a(debug.o)
                0x8001bfe0                __debug_backtrace
 .text.debug_backtrace
                0x8001c100       0x20 /opt/libdragon/bin/../lib/gcc/mips64-elf/14.2.0/../../../../mips64-elf/lib/libdragon.a(debug.o)
                0x8001c100                debug_backtrace
 .text.usb_64drive_read
                0x8001c120       0x60 /opt/libdragon/bin/../lib/gcc/mips64-elf/14.2.0/../../../../mips64-elf/lib/libdragon.a(usb.o)
 .text.usb_64drive_poll
                0x8001c180      0x1a0 /opt/libdragon/bin/../lib/gcc/mips64-elf/14.2.0/../../../../mips64-elf/lib/libdragon.a(usb.o)
 .text.usb_everdrive_usbbusy
                0x8001c320       0xe0 /opt/libdragon/bin/../lib/gcc/mips64-elf/14.2.0/../../../../mips64-elf/lib/libdragon.a(usb.o)
 .text.usb_everdrive_readusb
                0x8001c400       0xc0 /opt/libdragon/bin/../lib/gcc/mips64-elf/14.2.0/../../../../mips64-elf/lib/libdragon.a(usb.o)
 .text.usb_everdrive_poll
                0x8001c4c0      0x220 /opt/libdragon/bin/../lib/gcc/mips64-elf/14.2.0/../../../../mips64-elf/lib/libdragon.a(usb.o)
 .text.usb_everdrive_write
                0x8001c6e0      0x1c0 /opt/libdragon/bin/../lib/gcc/mips64-elf/14.2.0/../../../../mips64-elf/lib/libdragon.a(usb.o)
 .text.usb_everdrive_read
                0x8001c8a0       0x60 /opt/libdragon/bin/../lib/gcc/mips64-elf/14.2.0/../../../../mips64-elf/lib/libdragon.a(usb.o)
 .text.usb_sc64_read
                0x8001c900       0x60 /opt/libdragon/bin/../lib/gcc/mips64-elf/14.2.0/../../../../mips64-elf/lib/libdragon.a(usb.o)
 .text.usb_sc64_poll
                0x8001c960      0x160 /opt/libdragon/bin/../lib/gcc/mips64-elf/14.2.0/../../../../mips64-elf/lib/libdragon.a(usb.o)
 .text.usb_write
                0x8001cac0       0x40 /opt/libdragon/bin/../lib/gcc/mips64-elf/14.2.0/../../../../mips64-elf/lib/libdragon.a(usb.o)
                0x8001cac0                usb_write
 .text.usb_sendheartbeat
                0x8001cb00       0x60 /opt/libdragon/bin/../lib/gcc/mips64-elf/14.2.0/../../../../mips64-elf/lib/libdragon.a(usb.o)
                0x8001cb00                usb_sendheartbeat
 .text.usb_initialize
                0x8001cb60      0x1e0 /opt/libdragon/bin/../lib/gcc/mips64-elf/14.2.0/../../../../mips64-elf/lib/libdragon.a(usb.o)
                0x8001cb60                usb_initialize
 .text.usb_64drive_wait
                0x8001cd40       0xc0 /opt/libdragon/bin/../lib/gcc/mips64-elf/14.2.0/../../../../mips64-elf/lib/libdragon.a(usb.o)
                0x8001cd40                usb_64drive_wait
 .text.usb_64drive_write
                0x8001ce00      0x240 /opt/libdragon/bin/../lib/gcc/mips64-elf/14.2.0/../../../../mips64-elf/lib/libdragon.a(usb.o)
 .text.usb_sc64_execute_cmd
                0x8001d040       0xc0 /opt/libdragon/bin/../lib/gcc/mips64-elf/14.2.0/../../../../mips64-elf/lib/libdragon.a(usb.o)
                0x8001d040                usb_sc64_execute_cmd
 .text.usb_sc64_write
                0x8001d100      0x2c0 /opt/libdragon/bin/../lib/gcc/mips64-elf/14.2.0/../../../../mips64-elf/lib/libdragon.a(usb.o)
 .text.get_next_token
                0x8001d3c0       0xc0 /opt/libdragon/bin/../lib/gcc/mips64-elf/14.2.0/../../../../mips64-elf/lib/libdragon.a(dragonfs.o)
 .text.__fstat  0x8001d480       0x40 /opt/libdragon/bin/../lib/gcc/mips64-elf/14.2.0/../../../../mips64-elf/lib/libdragon.a(dragonfs.o)
 .text.lookup_file
                0x8001d4c0      0x260 /opt/libdragon/bin/../lib/gcc/mips64-elf/14.2.0/../../../../mips64-elf/lib/libdragon.a(dragonfs.o)
 .text.__close  0x8001d720       0x40 /opt/libdragon/bin/../lib/gcc/mips64-elf/14.2.0/../../../../mips64-elf/lib/libdragon.a(dragonfs.o)
 .text.__ioctl  0x8001d760       0x60 /opt/libdragon/bin/../lib/gcc/mips64-elf/14.2.0/../../../../mips64-elf/lib/libdragon.a(dragonfs.o)
 .text.recurse_path
                0x8001d7c0      0x3e0 /opt/libdragon/bin/../lib/gcc/mips64-elf/14.2.0/../../../../mips64-elf/lib/libdragon.a(dragonfs.o)
 .text.__findnext
                0x8001dba0      0x100 /opt/libdragon/bin/../lib/gcc/mips64-elf/14.2.0/../../../../mips64-elf/lib/libdragon.a(dragonfs.o)
 .text.__dfs_findfirst
                0x8001dca0       0xe0 /opt/libdragon/bin/../lib/gcc/mips64-elf/14.2.0/../../../../mips64-elf/lib/libdragon.a(dragonfs.o)
 .text.__findfirst
                0x8001dd80       0x60 /opt/libdragon/bin/../lib/gcc/mips64-elf/14.2.0/../../../../mips64-elf/lib/libdragon.a(dragonfs.o)
 .text.__lseek  0x8001dde0       0xa0 /opt/libdragon/bin/../lib/gcc/mips64-elf/14.2.0/../../../../mips64-elf/lib/libdragon.a(dragonfs.o)
 .text.dfs_open
                0x8001de80      0x1a0 /opt/libdragon/bin/../lib/gcc/mips64-elf/14.2.0/../../../../mips64-elf/lib/libdragon.a(dragonfs.o)
                0x8001de80                dfs_open
 .text.__open   0x8001e020       0xc0 /opt/libdragon/bin/../lib/gcc/mips64-elf/14.2.0/../../../../mips64-elf/lib/libdragon.a(dragonfs.o)
 .text.dfs_read
                0x8001e0e0      0x1c0 /opt/libdragon/bin/../lib/gcc/mips64-elf/14.2.0/../../../../mips64-elf/lib/libdragon.a(dragonfs.o)
                0x8001e0e0                dfs_read
 .text.__read   0x8001e2a0       0x20 /opt/libdragon/bin/../lib/gcc/mips64-elf/14.2.0/../../../../mips64-elf/lib/libdragon.a(dragonfs.o)
 .text.dfs_rom_addr
                0x8001e2c0      0x140 /opt/libdragon/bin/../lib/gcc/mips64-elf/14.2.0/../../../../mips64-elf/lib/libdragon.a(dragonfs.o)
                0x8001e2c0                dfs_rom_addr
 .text.dfs_init
                0x8001e400      0x220 /opt/libdragon/bin/../lib/gcc/mips64-elf/14.2.0/../../../../mips64-elf/lib/libdragon.a(dragonfs.o)
                0x8001e400                dfs_init
 .text.audio_callback.part.0
                0x8001e620      0x1e0 /opt/libdragon/bin/../lib/gcc/mips64-elf/14.2.0/../../../../mips64-elf/lib/libdragon.a(audio.o)
 .text.audio_callback
                0x8001e800       0x60 /opt/libdragon/bin/../lib/gcc/mips64-elf/14.2.0/../../../../mips64-elf/lib/libdragon.a(audio.o)
 .text.audio_init
                0x8001e860      0x200 /opt/libdragon/bin/../lib/gcc/mips64-elf/14.2.0/../../../../mips64-elf/lib/libdragon.a(audio.o)
                0x8001e860                audio_init
 .text.audio_write_begin
                0x8001ea60      0x100 /opt/libdragon/bin/../lib/gcc/mips64-elf/14.2.0/../../../../mips64-elf/lib/libdragon.a(audio.o)
                0x8001ea60                audio_write_begin
 .text.audio_write_end
                0x8001eb60       0x80 /opt/libdragon/bin/../lib/gcc/mips64-elf/14.2.0/../../../../mips64-elf/lib/libdragon.a(audio.o)
                0x8001eb60                audio_write_end
 .text.audio_can_write
                0x8001ebe0       0x40 /opt/libdragon/bin/../lib/gcc/mips64-elf/14.2.0/../../../../mips64-elf/lib/libdragon.a(audio.o)
                0x8001ebe0                audio_can_write
 .text.audio_get_frequency
                0x8001ec20       0x20 /opt/libdragon/bin/../lib/gcc/mips64-elf/14.2.0/../../../../mips64-elf/lib/libdragon.a(audio.o)
                0x8001ec20                audio_get_frequency
 .text.audio_get_buffer_length
                0x8001ec40       0x20 /opt/libdragon/bin/../lib/gcc/mips64-elf/14.2.0/../../../../mips64-elf/lib/libdragon.a(audio.o)
                0x8001ec40                audio_get_buffer_length
 .text.display_show.part.0
                0x8001ec60      0x140 /opt/libdragon/bin/../lib/gcc/mips64-elf/14.2.0/../../../../mips64-elf/lib/libdragon.a(display.o)
 .text.__display_callback
                0x8001eda0      0x3a0 /opt/libdragon/bin/../lib/gcc/mips64-elf/14.2.0/../../../../mips64-elf/lib/libdragon.a(display.o)
 .text.display_init
                0x8001f140      0x940 /opt/libdragon/bin/../lib/gcc/mips64-elf/14.2.0/../../../../mips64-elf/lib/libdragon.a(display.o)
                0x8001f140                display_init
 .text.display_close
                0x8001fa80      0x140 /opt/libdragon/bin/../lib/gcc/mips64-elf/14.2.0/../../../../mips64-elf/lib/libdragon.a(display.o)
                0x8001fa80                display_close
 .text.display_try_get
                0x8001fbc0       0xc0 /opt/libdragon/bin/../lib/gcc/mips64-elf/14.2.0/../../../../mips64-elf/lib/libdragon.a(display.o)
                0x8001fbc0                display_try_get
 .text.display_get
                0x8001fc80      0x100 /opt/libdragon/bin/../lib/gcc/mips64-elf/14.2.0/../../../../mips64-elf/lib/libdragon.a(display.o)
                0x8001fc80                display_get
 .text.display_get_zbuf
                0x8001fd80      0x140 /opt/libdragon/bin/../lib/gcc/mips64-elf/14.2.0/../../../../mips64-elf/lib/libdragon.a(display.o)
                0x8001fd80                display_get_zbuf
 .text.display_show
                0x8001fec0       0x20 /opt/libdragon/bin/../lib/gcc/mips64-elf/14.2.0/../../../../mips64-elf/lib/libdragon.a(display.o)
                0x8001fec0                display_show
 .text.display_show_force
                0x8001fee0       0x40 /opt/libdragon/bin/../lib/gcc/mips64-elf/14.2.0/../../../../mips64-elf/lib/libdragon.a(display.o)
                0x8001fee0                display_show_force
 .text.display_get_width
                0x8001ff20       0x20 /opt/libdragon/bin/../lib/gcc/mips64-elf/14.2.0/../../../../mips64-elf/lib/libdragon.a(display.o)
                0x8001ff20                display_get_width
 .text.display_get_height
                0x8001ff40       0x20 /opt/libdragon/bin/../lib/gcc/mips64-elf/14.2.0/../../../../mips64-elf/lib/libdragon.a(display.o)
                0x8001ff40                display_get_height
 .text.display_get_bitdepth
                0x8001ff60       0x20 /opt/libdragon/bin/../lib/gcc/mips64-elf/14.2.0/../../../../mips64-elf/lib/libdragon.a(display.o)
                0x8001ff60                display_get_bitdepth
 .text.display_get_fps
                0x8001ff80       0x20 /opt/libdragon/bin/../lib/gcc/mips64-elf/14.2.0/../../../../mips64-elf/lib/libdragon.a(display.o)
                0x8001ff80                display_get_fps
 .text.tex_format_name
                0x8001ffa0       0x40 /opt/libdragon/bin/../lib/gcc/mips64-elf/14.2.0/../../../../mips64-elf/lib/libdragon.a(surface.o)
                0x8001ffa0                tex_format_name
 .text.surface_alloc
                0x8001ffe0       0xe0 /opt/libdragon/bin/../lib/gcc/mips64-elf/14.2.0/../../../../mips64-elf/lib/libdragon.a(surface.o)
                0x8001ffe0                surface_alloc
 .text.surface_free
                0x800200c0       0x80 /opt/libdragon/bin/../lib/gcc/mips64-elf/14.2.0/../../../../mips64-elf/lib/libdragon.a(surface.o)
                0x800200c0                surface_free
 .text.seekfn_cmp
                0x80020140       0xa0 /opt/libdragon/bin/../lib/gcc/mips64-elf/14.2.0/../../../../mips64-elf/lib/libdragon.a(asset.o)
 .text.closefn_none
                0x800201e0       0x40 /opt/libdragon/bin/../lib/gcc/mips64-elf/14.2.0/../../../../mips64-elf/lib/libdragon.a(asset.o)
 .text.closefn_cmp
                0x80020220       0x40 /opt/libdragon/bin/../lib/gcc/mips64-elf/14.2.0/../../../../mips64-elf/lib/libdragon.a(asset.o)
 .text.readfn_cmp
                0x80020260       0x80 /opt/libdragon/bin/../lib/gcc/mips64-elf/14.2.0/../../../../mips64-elf/lib/libdragon.a(asset.o)
 .text.seekfn_none
                0x800202e0       0x80 /opt/libdragon/bin/../lib/gcc/mips64-elf/14.2.0/../../../../mips64-elf/lib/libdragon.a(asset.o)
 .text.readfn_none
                0x80020360       0x60 /opt/libdragon/bin/../lib/gcc/mips64-elf/14.2.0/../../../../mips64-elf/lib/libdragon.a(asset.o)
 .text.must_open.part.0
                0x800203c0      0x100 /opt/libdragon/bin/../lib/gcc/mips64-elf/14.2.0/../../../../mips64-elf/lib/libdragon.a(asset.o)
 .text.asset_read
                0x800204c0      0x420 /opt/libdragon/bin/../lib/gcc/mips64-elf/14.2.0/../../../../mips64-elf/lib/libdragon.a(asset.o)
 .text.asset_read_header
                0x800208e0      0x1e0 /opt/libdragon/bin/../lib/gcc/mips64-elf/14.2.0/../../../../mips64-elf/lib/libdragon.a(asset.o)
 .text.__asset_init_compression_lvl2
                0x80020ac0       0x60 /opt/libdragon/bin/../lib/gcc/mips64-elf/14.2.0/../../../../mips64-elf/lib/libdragon.a(asset.o)
                0x80020ac0                __asset_init_compression_lvl2
 .text.must_fopen
                0x80020b20       0x40 /opt/libdragon/bin/../lib/gcc/mips64-elf/14.2.0/../../../../mips64-elf/lib/libdragon.a(asset.o)
                0x80020b20                must_fopen
 .text.asset_load
                0x80020b60      0x140 /opt/libdragon/bin/../lib/gcc/mips64-elf/14.2.0/../../../../mips64-elf/lib/libdragon.a(asset.o)
                0x80020b60                asset_load
 .text.asset_fopen
                0x80020ca0      0x2e0 /opt/libdragon/bin/../lib/gcc/mips64-elf/14.2.0/../../../../mips64-elf/lib/libdragon.a(asset.o)
                0x80020ca0                asset_fopen
 .text.decompress_lz4_full_inplace
                0x80020f80       0x20 /opt/libdragon/bin/../lib/gcc/mips64-elf/14.2.0/../../../../mips64-elf/lib/libdragon.a(lz4_dec.o)
                0x80020f80                decompress_lz4_full_inplace
 .text.decompress_lz4_init
                0x80020fa0       0x60 /opt/libdragon/bin/../lib/gcc/mips64-elf/14.2.0/../../../../mips64-elf/lib/libdragon.a(lz4_dec.o)
                0x80020fa0                decompress_lz4_init
 .text.decompress_lz4_reset
                0x80021000       0x40 /opt/libdragon/bin/../lib/gcc/mips64-elf/14.2.0/../../../../mips64-elf/lib/libdragon.a(lz4_dec.o)
                0x80021000                decompress_lz4_reset
 .text.decompress_lz4_read
                0x80021040      0x400 /opt/libdragon/bin/../lib/gcc/mips64-elf/14.2.0/../../../../mips64-elf/lib/libdragon.a(lz4_dec.o)
                0x80021040                decompress_lz4_read
 .text.decompress_lz4_full_fast
                0x80021440      0x1c0 /opt/libdragon/bin/../lib/gcc/mips64-elf/14.2.0/../../../../mips64-elf/lib/libdragon.a(lz4_dec_fast.o)
                0x80021440                decompress_lz4_full_fast
 .text.__ringbuf_init
                0x80021600       0x80 /opt/libdragon/bin/../lib/gcc/mips64-elf/14.2.0/../../../../mips64-elf/lib/libdragon.a(ringbuf.o)
                0x80021600                __ringbuf_init
 .text.__ringbuf_write
                0x80021680       0xc0 /opt/libdragon/bin/../lib/gcc/mips64-elf/14.2.0/../../../../mips64-elf/lib/libdragon.a(ringbuf.o)
                0x80021680                __ringbuf_write
 .text.__ringbuf_copy
                0x80021740      0x1a0 /opt/libdragon/bin/../lib/gcc/mips64-elf/14.2.0/../../../../mips64-elf/lib/libdragon.a(ringbuf.o)
                0x80021740                __ringbuf_copy
 .text.refill   0x800218e0      0x100 /opt/libdragon/bin/../lib/gcc/mips64-elf/14.2.0/../../../../mips64-elf/lib/libdragon.a(aplib_dec.o)
 .text.decompress_reset.part.0.constprop.0
                0x800219e0       0xa0 /opt/libdragon/bin/../lib/gcc/mips64-elf/14.2.0/../../../../mips64-elf/lib/libdragon.a(aplib_dec.o)
 .text.decompress_aplib_partial.part.0
                0x80021a80      0x940 /opt/libdragon/bin/../lib/gcc/mips64-elf/14.2.0/../../../../mips64-elf/lib/libdragon.a(aplib_dec.o)
 .text.decompress_aplib_init
                0x800223c0       0x60 /opt/libdragon/bin/../lib/gcc/mips64-elf/14.2.0/../../../../mips64-elf/lib/libdragon.a(aplib_dec.o)
                0x800223c0                decompress_aplib_init
 .text.decompress_aplib_reset
                0x80022420       0x40 /opt/libdragon/bin/../lib/gcc/mips64-elf/14.2.0/../../../../mips64-elf/lib/libdragon.a(aplib_dec.o)
                0x80022420                decompress_aplib_reset
 .text.decompress_aplib_read
                0x80022460       0x40 /opt/libdragon/bin/../lib/gcc/mips64-elf/14.2.0/../../../../mips64-elf/lib/libdragon.a(aplib_dec.o)
                0x80022460                decompress_aplib_read
 .text.decompress_aplib_full_inplace
                0x800224a0       0x20 /opt/libdragon/bin/../lib/gcc/mips64-elf/14.2.0/../../../../mips64-elf/lib/libdragon.a(aplib_dec.o)
                0x800224a0                decompress_aplib_full_inplace
 .text.joypad_gcn_origin_callback
                0x800224c0       0xe0 /opt/libdragon/bin/../lib/gcc/mips64-elf/14.2.0/../../../../mips64-elf/lib/libdragon.a(joypad.o)
 .text.joypad_read_callback
                0x800225a0       0x60 /opt/libdragon/bin/../lib/gcc/mips64-elf/14.2.0/../../../../mips64-elf/lib/libdragon.a(joypad.o)
 .text.joypad_device_changed
                0x80022600      0x120 /opt/libdragon/bin/../lib/gcc/mips64-elf/14.2.0/../../../../mips64-elf/lib/libdragon.a(joypad.o)
 .text.joypad_identify_callback
                0x80022720      0x280 /opt/libdragon/bin/../lib/gcc/mips64-elf/14.2.0/../../../../mips64-elf/lib/libdragon.a(joypad.o)
 .text.joypad_read_async.part.0
                0x800229a0      0x240 /opt/libdragon/bin/../lib/gcc/mips64-elf/14.2.0/../../../../mips64-elf/lib/libdragon.a(joypad.o)
 .text.joypad_identify_async.part.0
                0x80022be0      0x140 /opt/libdragon/bin/../lib/gcc/mips64-elf/14.2.0/../../../../mips64-elf/lib/libdragon.a(joypad.o)
 .text.joypad_vi_interrupt_callback
                0x80022d20       0x80 /opt/libdragon/bin/../lib/gcc/mips64-elf/14.2.0/../../../../mips64-elf/lib/libdragon.a(joypad.o)
 .text.joypad_read_n64_inputs
                0x80022da0      0x260 /opt/libdragon/bin/../lib/gcc/mips64-elf/14.2.0/../../../../mips64-elf/lib/libdragon.a(joypad.o)
                0x80022da0                joypad_read_n64_inputs
 .text.joypad_poll
                0x80023000      0x5a0 /opt/libdragon/bin/../lib/gcc/mips64-elf/14.2.0/../../../../mips64-elf/lib/libdragon.a(joypad.o)
                0x80023000                joypad_poll
 .text.joypad_init
                0x800235a0      0x160 /opt/libdragon/bin/../lib/gcc/mips64-elf/14.2.0/../../../../mips64-elf/lib/libdragon.a(joypad.o)
                0x800235a0                joypad_init
 .text.joypad_get_inputs
                0x80023700       0xa0 /opt/libdragon/bin/../lib/gcc/mips64-elf/14.2.0/../../../../mips64-elf/lib/libdragon.a(joypad.o)
                0x80023700                joypad_get_inputs
 .text.joypad_get_buttons_pressed
                0x800237a0       0xa0 /opt/libdragon/bin/../lib/gcc/mips64-elf/14.2.0/../../../../mips64-elf/lib/libdragon.a(joypad.o)
                0x800237a0                joypad_get_buttons_pressed
 .text.joypad_transfer_pak_wait_timer_callback
                0x80023840       0xe0 /opt/libdragon/bin/../lib/gcc/mips64-elf/14.2.0/../../../../mips64-elf/lib/libdragon.a(joypad_accessory.o)
 .text.joypad_accessory_check_read_crc_error
                0x80023920      0x1a0 /opt/libdragon/bin/../lib/gcc/mips64-elf/14.2.0/../../../../mips64-elf/lib/libdragon.a(joypad_accessory.o)
 .text.joypad_transfer_pak_enable_read_callback
                0x80023ac0       0xc0 /opt/libdragon/bin/../lib/gcc/mips64-elf/14.2.0/../../../../mips64-elf/lib/libdragon.a(joypad_accessory.o)
 .text.joypad_accessory_write_crc_error_check
                0x80023b80      0x1c0 /opt/libdragon/bin/../lib/gcc/mips64-elf/14.2.0/../../../../mips64-elf/lib/libdragon.a(joypad_accessory.o)
 .text.joypad_accessory_detect_write_callback
                0x80023d40      0x2a0 /opt/libdragon/bin/../lib/gcc/mips64-elf/14.2.0/../../../../mips64-elf/lib/libdragon.a(joypad_accessory.o)
 .text.joypad_transfer_pak_enable_write_callback
                0x80023fe0      0x180 /opt/libdragon/bin/../lib/gcc/mips64-elf/14.2.0/../../../../mips64-elf/lib/libdragon.a(joypad_accessory.o)
 .text.joypad_accessory_detect_read_callback
                0x80024160      0x300 /opt/libdragon/bin/../lib/gcc/mips64-elf/14.2.0/../../../../mips64-elf/lib/libdragon.a(joypad_accessory.o)
 .text.joypad_transfer_pak_wait_timer_init
                0x80024460       0xe0 /opt/libdragon/bin/../lib/gcc/mips64-elf/14.2.0/../../../../mips64-elf/lib/libdragon.a(joypad_accessory.o)
                0x80024460                joypad_transfer_pak_wait_timer_init
 .text.joypad_accessory_detect_async
                0x80024540      0x120 /opt/libdragon/bin/../lib/gcc/mips64-elf/14.2.0/../../../../mips64-elf/lib/libdragon.a(joypad_accessory.o)
                0x80024540                joypad_accessory_detect_async
 .text.rsp_load_code
                0x80024660      0x100 /opt/libdragon/bin/../lib/gcc/mips64-elf/14.2.0/../../../../mips64-elf/lib/libdragon.a(rsp.o)
                0x80024660                rsp_load_code
 .text.rsp_load_data
                0x80024760       0xe0 /opt/libdragon/bin/../lib/gcc/mips64-elf/14.2.0/../../../../mips64-elf/lib/libdragon.a(rsp.o)
                0x80024760                rsp_load_data
 .text.rsp_load
                0x80024840       0x60 /opt/libdragon/bin/../lib/gcc/mips64-elf/14.2.0/../../../../mips64-elf/lib/libdragon.a(rsp.o)
                0x80024840                rsp_load
 .text.rsp_read_code
                0x800248a0       0xe0 /opt/libdragon/bin/../lib/gcc/mips64-elf/14.2.0/../../../../mips64-elf/lib/libdragon.a(rsp.o)
                0x800248a0                rsp_read_code
 .text.rsp_read_data
                0x80024980       0xe0 /opt/libdragon/bin/../lib/gcc/mips64-elf/14.2.0/../../../../mips64-elf/lib/libdragon.a(rsp.o)
                0x80024980                rsp_read_data
 .text.__rsp_run_async
                0x80024a60       0x40 /opt/libdragon/bin/../lib/gcc/mips64-elf/14.2.0/../../../../mips64-elf/lib/libdragon.a(rsp.o)
                0x80024a60                __rsp_run_async
 .text.__rsp_crash
                0x80024aa0      0xc40 /opt/libdragon/bin/../lib/gcc/mips64-elf/14.2.0/../../../../mips64-elf/lib/libdragon.a(rsp.o)
                0x80024aa0                __rsp_crash
 .text.__rsp_check_assert
                0x800256e0       0x80 /opt/libdragon/bin/../lib/gcc/mips64-elf/14.2.0/../../../../mips64-elf/lib/libdragon.a(rsp.o)
                0x800256e0                __rsp_check_assert
 .text.rsp_wait
                0x80025760      0x100 /opt/libdragon/bin/../lib/gcc/mips64-elf/14.2.0/../../../../mips64-elf/lib/libdragon.a(rsp.o)
                0x80025760                rsp_wait
 .text.rsp_run  0x80025860       0x60 /opt/libdragon/bin/../lib/gcc/mips64-elf/14.2.0/../../../../mips64-elf/lib/libdragon.a(rsp.o)
                0x80025860                rsp_run
 .text.cb.2     0x800258c0       0x60 /opt/libdragon/bin/../lib/gcc/mips64-elf/14.2.0/../../../../mips64-elf/lib/libdragon.a(inspector.o)
 .text.cb.1     0x80025920       0x60 /opt/libdragon/bin/../lib/gcc/mips64-elf/14.2.0/../../../../mips64-elf/lib/libdragon.a(inspector.o)
 .text.inspector_print_backtrace
                0x80025980      0x180 /opt/libdragon/bin/../lib/gcc/mips64-elf/14.2.0/../../../../mips64-elf/lib/libdragon.a(inspector.o)
 .text.cb.0     0x80025b00      0x120 /opt/libdragon/bin/../lib/gcc/mips64-elf/14.2.0/../../../../mips64-elf/lib/libdragon.a(inspector.o)
 .text.cb.3     0x80025c20      0x120 /opt/libdragon/bin/../lib/gcc/mips64-elf/14.2.0/../../../../mips64-elf/lib/libdragon.a(inspector.o)
 .text.inspector_stdout
                0x80025d40      0x300 /opt/libdragon/bin/../lib/gcc/mips64-elf/14.2.0/../../../../mips64-elf/lib/libdragon.a(inspector.o)
 .text.title    0x80026040       0xa0 /opt/libdragon/bin/../lib/gcc/mips64-elf/14.2.0/../../../../mips64-elf/lib/libdragon.a(inspector.o)
 .text.mips_disasm
                0x800260e0      0x6e0 /opt/libdragon/bin/../lib/gcc/mips64-elf/14.2.0/../../../../mips64-elf/lib/libdragon.a(inspector.o)
 .text.inspector
                0x800267c0     0x10a0 /opt/libdragon/bin/../lib/gcc/mips64-elf/14.2.0/../../../../mips64-elf/lib/libdragon.a(inspector.o)
 .text.handler.4
                0x80027860       0x40 /opt/libdragon/bin/../lib/gcc/mips64-elf/14.2.0/../../../../mips64-elf/lib/libdragon.a(inspector.o)
 .text.__inspector_exception
                0x800278a0       0x20 /opt/libdragon/bin/../lib/gcc/mips64-elf/14.2.0/../../../../mips64-elf/lib/libdragon.a(inspector.o)
                0x800278a0                __inspector_exception
 .text.__inspector_assertion
                0x800278c0       0x20 /opt/libdragon/bin/../lib/gcc/mips64-elf/14.2.0/../../../../mips64-elf/lib/libdragon.a(inspector.o)
                0x800278c0                __inspector_assertion
 .text.startup.__inspector_init
                0x800278e0       0x20 /opt/libdragon/bin/../lib/gcc/mips64-elf/14.2.0/../../../../mips64-elf/lib/libdragon.a(inspector.o)
                0x800278e0                __inspector_init
 .text.__sprite_upgrade.part.0
                0x80027900       0x40 /opt/libdragon/bin/../lib/gcc/mips64-elf/14.2.0/../../../../mips64-elf/lib/libdragon.a(sprite.o)
 .text.sprite_load_buf.part.0
                0x80027940       0x40 /opt/libdragon/bin/../lib/gcc/mips64-elf/14.2.0/../../../../mips64-elf/lib/libdragon.a(sprite.o)
 .text.__sprite_ext
                0x80027980       0xa0 /opt/libdragon/bin/../lib/gcc/mips64-elf/14.2.0/../../../../mips64-elf/lib/libdragon.a(sprite.o)
                0x80027980                __sprite_ext
 .text.sprite_load_buf
                0x80027a20       0xe0 /opt/libdragon/bin/../lib/gcc/mips64-elf/14.2.0/../../../../mips64-elf/lib/libdragon.a(sprite.o)
                0x80027a20                sprite_load_buf
 .text.sprite_load
                0x80027b00       0xe0 /opt/libdragon/bin/../lib/gcc/mips64-elf/14.2.0/../../../../mips64-elf/lib/libdragon.a(sprite.o)
                0x80027b00                sprite_load
 .text.sprite_get_pixels
                0x80027be0       0x60 /opt/libdragon/bin/../lib/gcc/mips64-elf/14.2.0/../../../../mips64-elf/lib/libdragon.a(sprite.o)
                0x80027be0                sprite_get_pixels
 .text.sprite_get_lod_pixels
                0x80027c40      0x160 /opt/libdragon/bin/../lib/gcc/mips64-elf/14.2.0/../../../../mips64-elf/lib/libdragon.a(sprite.o)
                0x80027c40                sprite_get_lod_pixels
 .text.sprite_get_detail_texparms
                0x80027da0       0xa0 /opt/libdragon/bin/../lib/gcc/mips64-elf/14.2.0/../../../../mips64-elf/lib/libdragon.a(sprite.o)
                0x80027da0                sprite_get_detail_texparms
 .text.sprite_get_detail_pixels
                0x80027e40      0x160 /opt/libdragon/bin/../lib/gcc/mips64-elf/14.2.0/../../../../mips64-elf/lib/libdragon.a(sprite.o)
                0x80027e40                sprite_get_detail_pixels
 .text.sprite_get_palette
                0x80027fa0       0x60 /opt/libdragon/bin/../lib/gcc/mips64-elf/14.2.0/../../../../mips64-elf/lib/libdragon.a(sprite.o)
                0x80027fa0                sprite_get_palette
 .text.sprite_get_texparms
                0x80028000       0xc0 /opt/libdragon/bin/../lib/gcc/mips64-elf/14.2.0/../../../../mips64-elf/lib/libdragon.a(sprite.o)
                0x80028000                sprite_get_texparms
 .text.sprite_fits_tmem
                0x800280c0       0x40 /opt/libdragon/bin/../lib/gcc/mips64-elf/14.2.0/../../../../mips64-elf/lib/libdragon.a(sprite.o)
                0x800280c0                sprite_fits_tmem
 .text.sprite_is_shq
                0x80028100       0x40 /opt/libdragon/bin/../lib/gcc/mips64-elf/14.2.0/../../../../mips64-elf/lib/libdragon.a(sprite.o)
                0x80028100                sprite_is_shq
 .text.dma_write_raw_async.part.0
                0x80028140       0x40 /opt/libdragon/bin/../lib/gcc/mips64-elf/14.2.0/../../../../mips64-elf/lib/libdragon.a(dma.o)
 .text.dma_read_raw_async
                0x80028180       0xa0 /opt/libdragon/bin/../lib/gcc/mips64-elf/14.2.0/../../../../mips64-elf/lib/libdragon.a(dma.o)
                0x80028180                dma_read_raw_async
 .text.dma_read_async
                0x80028220      0x4e0 /opt/libdragon/bin/../lib/gcc/mips64-elf/14.2.0/../../../../mips64-elf/lib/libdragon.a(dma.o)
                0x80028220                dma_read_async
 .text.dma_read
                0x80028700       0x40 /opt/libdragon/bin/../lib/gcc/mips64-elf/14.2.0/../../../../mips64-elf/lib/libdragon.a(dma.o)
                0x80028700                dma_read
 .text.dma_write
                0x80028740       0xa0 /opt/libdragon/bin/../lib/gcc/mips64-elf/14.2.0/../../../../mips64-elf/lib/libdragon.a(dma.o)
                0x80028740                dma_write
 .text.io_read  0x800287e0       0x60 /opt/libdragon/bin/../lib/gcc/mips64-elf/14.2.0/../../../../mips64-elf/lib/libdragon.a(dma.o)
                0x800287e0                io_read
 .text.io_write
                0x80028840       0x60 /opt/libdragon/bin/../lib/gcc/mips64-elf/14.2.0/../../../../mips64-elf/lib/libdragon.a(dma.o)
                0x80028840                io_write
 .text.timer_update_compare
                0x800288a0       0x40 /opt/libdragon/bin/../lib/gcc/mips64-elf/14.2.0/../../../../mips64-elf/lib/libdragon.a(timer.o)
 .text.timer_poll
                0x800288e0      0x1a0 /opt/libdragon/bin/../lib/gcc/mips64-elf/14.2.0/../../../../mips64-elf/lib/libdragon.a(timer.o)
 .text.timer_init
                0x80028a80       0x60 /opt/libdragon/bin/../lib/gcc/mips64-elf/14.2.0/../../../../mips64-elf/lib/libdragon.a(timer.o)
                0x80028a80                timer_init
 .text.new_timer_context
                0x80028ae0      0x100 /opt/libdragon/bin/../lib/gcc/mips64-elf/14.2.0/../../../../mips64-elf/lib/libdragon.a(timer.o)
                0x80028ae0                new_timer_context
 .text.restart_timer
                0x80028be0       0x80 /opt/libdragon/bin/../lib/gcc/mips64-elf/14.2.0/../../../../mips64-elf/lib/libdragon.a(timer.o)
                0x80028be0                restart_timer
 .text.stop_timer
                0x80028c60       0xe0 /opt/libdragon/bin/../lib/gcc/mips64-elf/14.2.0/../../../../mips64-elf/lib/libdragon.a(timer.o)
                0x80028c60                stop_timer
 .text.cb.0     0x80028d40       0x40 /opt/libdragon/bin/../lib/gcc/mips64-elf/14.2.0/../../../../mips64-elf/lib/libdragon.a(exception.o)
 .text.cb.1     0x80028d80       0x80 /opt/libdragon/bin/../lib/gcc/mips64-elf/14.2.0/../../../../mips64-elf/lib/libdragon.a(exception.o)
 .text.is_unmapped_kx64
                0x80028e00      0x1e0 /opt/libdragon/bin/../lib/gcc/mips64-elf/14.2.0/../../../../mips64-elf/lib/libdragon.a(exception.o)
 .text.__get_exception_name.isra.0
                0x80028fe0      0x580 /opt/libdragon/bin/../lib/gcc/mips64-elf/14.2.0/../../../../mips64-elf/lib/libdragon.a(exception.o)
 .text.__exception_dump_header
                0x80029560      0x340 /opt/libdragon/bin/../lib/gcc/mips64-elf/14.2.0/../../../../mips64-elf/lib/libdragon.a(exception.o)
                0x80029560                __exception_dump_header
 .text.__exception_dump_gpr
                0x800298a0      0x180 /opt/libdragon/bin/../lib/gcc/mips64-elf/14.2.0/../../../../mips64-elf/lib/libdragon.a(exception.o)
                0x800298a0                __exception_dump_gpr
 .text.__exception_dump_fpr
                0x80029a20      0x2e0 /opt/libdragon/bin/../lib/gcc/mips64-elf/14.2.0/../../../../mips64-elf/lib/libdragon.a(exception.o)
                0x80029a20                __exception_dump_fpr
 .text.exception_default_handler
                0x80029d00      0x1a0 /opt/libdragon/bin/../lib/gcc/mips64-elf/14.2.0/../../../../mips64-elf/lib/libdragon.a(exception.o)
                0x80029d00                exception_default_handler
 .text.__onCriticalException
                0x80029ea0       0x80 /opt/libdragon/bin/../lib/gcc/mips64-elf/14.2.0/../../../../mips64-elf/lib/libdragon.a(exception.o)
                0x80029ea0                __onCriticalException
 .text.register_syscall_handler
                0x80029f20      0x1a0 /opt/libdragon/bin/../lib/gcc/mips64-elf/14.2.0/../../../../mips64-elf/lib/libdragon.a(exception.o)
                0x80029f20                register_syscall_handler
 .text.__onSyscallException
                0x8002a0c0      0x1a0 /opt/libdragon/bin/../lib/gcc/mips64-elf/14.2.0/../../../../mips64-elf/lib/libdragon.a(exception.o)
                0x8002a0c0                __onSyscallException
 .text.__register_frame_info
                0x8002a260       0x20 /opt/libdragon/bin/../lib/gcc/mips64-elf/14.2.0/../../../../mips64-elf/lib/libdragon.a(do_ctors.o)
                0x8002a260                __register_frame_info
 .text.__wrap___do_global_ctors
                0x8002a280       0xe0 /opt/libdragon/bin/../lib/gcc/mips64-elf/14.2.0/../../../../mips64-elf/lib/libdragon.a(do_ctors.o)
                0x8002a280                __wrap___do_global_ctors
 .text.rspq_switch_context
                0x8002a360       0x60 /opt/libdragon/bin/../lib/gcc/mips64-elf/14.2.0/../../../../mips64-elf/lib/libdragon.a(rspq.o)
 .text.rspq_flush_internal
                0x8002a3c0       0x40 /opt/libdragon/bin/../lib/gcc/mips64-elf/14.2.0/../../../../mips64-elf/lib/libdragon.a(rspq.o)
 .text.rspq_sp_interrupt
                0x8002a400       0xa0 /opt/libdragon/bin/../lib/gcc/mips64-elf/14.2.0/../../../../mips64-elf/lib/libdragon.a(rspq.o)
 .text.rspq_init_context
                0x8002a4a0       0xa0 /opt/libdragon/bin/../lib/gcc/mips64-elf/14.2.0/../../../../mips64-elf/lib/libdragon.a(rspq.o)
 .text.rspq_switch_buffer.part.0
                0x8002a540       0x40 /opt/libdragon/bin/../lib/gcc/mips64-elf/14.2.0/../../../../mips64-elf/lib/libdragon.a(rspq.o)
 .text.rspq_crash_handler
                0x8002a580      0x320 /opt/libdragon/bin/../lib/gcc/mips64-elf/14.2.0/../../../../mips64-elf/lib/libdragon.a(rspq.o)
 .text.rspq_assert_handler
                0x8002a8a0      0x100 /opt/libdragon/bin/../lib/gcc/mips64-elf/14.2.0/../../../../mips64-elf/lib/libdragon.a(rspq.o)
 .text.rspq_init
                0x8002a9a0      0x3c0 /opt/libdragon/bin/../lib/gcc/mips64-elf/14.2.0/../../../../mips64-elf/lib/libdragon.a(rspq.o)
                0x8002a9a0                rspq_init
 .text.rspq_flush
                0x8002ad60       0x40 /opt/libdragon/bin/../lib/gcc/mips64-elf/14.2.0/../../../../mips64-elf/lib/libdragon.a(rspq.o)
                0x8002ad60                rspq_flush
 .text.rspq_highpri_begin
                0x8002ada0      0x120 /opt/libdragon/bin/../lib/gcc/mips64-elf/14.2.0/../../../../mips64-elf/lib/libdragon.a(rspq.o)
                0x8002ada0                rspq_highpri_begin
 .text.rspq_highpri_end
                0x8002aec0       0xa0 /opt/libdragon/bin/../lib/gcc/mips64-elf/14.2.0/../../../../mips64-elf/lib/libdragon.a(rspq.o)
                0x8002aec0                rspq_highpri_end
 .text.rspq_block_begin
                0x8002af60      0x100 /opt/libdragon/bin/../lib/gcc/mips64-elf/14.2.0/../../../../mips64-elf/lib/libdragon.a(rspq.o)
                0x8002af60                rspq_block_begin
 .text.rspq_block_end
                0x8002b060       0xa0 /opt/libdragon/bin/../lib/gcc/mips64-elf/14.2.0/../../../../mips64-elf/lib/libdragon.a(rspq.o)
                0x8002b060                rspq_block_end
 .text.__rspq_deferred_poll
                0x8002b100       0xe0 /opt/libdragon/bin/../lib/gcc/mips64-elf/14.2.0/../../../../mips64-elf/lib/libdragon.a(rspq.o)
                0x8002b100                __rspq_deferred_poll
 .text.rspq_next_buffer
                0x8002b1e0      0x2e0 /opt/libdragon/bin/../lib/gcc/mips64-elf/14.2.0/../../../../mips64-elf/lib/libdragon.a(rspq.o)
                0x8002b1e0                rspq_next_buffer
 .text.rspq_block_run
                0x8002b4c0      0x100 /opt/libdragon/bin/../lib/gcc/mips64-elf/14.2.0/../../../../mips64-elf/lib/libdragon.a(rspq.o)
                0x8002b4c0                rspq_block_run
 .text.rspq_syncpoint_new
                0x8002b5c0       0xe0 /opt/libdragon/bin/../lib/gcc/mips64-elf/14.2.0/../../../../mips64-elf/lib/libdragon.a(rspq.o)
                0x8002b5c0                rspq_syncpoint_new
 .text.rspq_overlay_register_internal
                0x8002b6a0      0x540 /opt/libdragon/bin/../lib/gcc/mips64-elf/14.2.0/../../../../mips64-elf/lib/libdragon.a(rspq.o)
 .text.rspq_overlay_register
                0x8002bbe0       0x20 /opt/libdragon/bin/../lib/gcc/mips64-elf/14.2.0/../../../../mips64-elf/lib/libdragon.a(rspq.o)
                0x8002bbe0                rspq_overlay_register
 .text.rspq_overlay_register_static
                0x8002bc00       0x60 /opt/libdragon/bin/../lib/gcc/mips64-elf/14.2.0/../../../../mips64-elf/lib/libdragon.a(rspq.o)
                0x8002bc00                rspq_overlay_register_static
 .text.rspq_highpri_sync
                0x8002bc60      0x160 /opt/libdragon/bin/../lib/gcc/mips64-elf/14.2.0/../../../../mips64-elf/lib/libdragon.a(rspq.o)
                0x8002bc60                rspq_highpri_sync
 .text.rspq_syncpoint_wait
                0x8002bdc0      0x160 /opt/libdragon/bin/../lib/gcc/mips64-elf/14.2.0/../../../../mips64-elf/lib/libdragon.a(rspq.o)
                0x8002bdc0                rspq_syncpoint_wait
 .text.rspq_wait
                0x8002bf20      0x240 /opt/libdragon/bin/../lib/gcc/mips64-elf/14.2.0/../../../../mips64-elf/lib/libdragon.a(rspq.o)
                0x8002bf20                rspq_wait
 .text.rspq_overlay_get_state
                0x8002c160      0x160 /opt/libdragon/bin/../lib/gcc/mips64-elf/14.2.0/../../../../mips64-elf/lib/libdragon.a(rspq.o)
                0x8002c160                rspq_overlay_get_state
 .text.__rdpq_interrupt
                0x8002c2c0       0xc0 /opt/libdragon/bin/../lib/gcc/mips64-elf/14.2.0/../../../../mips64-elf/lib/libdragon.a(rdpq.o)
 .text.rdpq_assert_handler
                0x8002c380       0xc0 /opt/libdragon/bin/../lib/gcc/mips64-elf/14.2.0/../../../../mips64-elf/lib/libdragon.a(rdpq.o)
 .text.rdpq_set_tile
                0x8002c440      0x260 /opt/libdragon/bin/../lib/gcc/mips64-elf/14.2.0/../../../../mips64-elf/lib/libdragon.a(rdpq.o)
                0x8002c440                rdpq_set_tile
 .text.rdpq_config_set
                0x8002c6a0       0x20 /opt/libdragon/bin/../lib/gcc/mips64-elf/14.2.0/../../../../mips64-elf/lib/libdragon.a(rdpq.o)
                0x8002c6a0                rdpq_config_set
 .text.rdpq_config_disable
                0x8002c6c0       0x20 /opt/libdragon/bin/../lib/gcc/mips64-elf/14.2.0/../../../../mips64-elf/lib/libdragon.a(rdpq.o)
                0x8002c6c0                rdpq_config_disable
 .text.__rdpq_block_begin
                0x8002c6e0       0x40 /opt/libdragon/bin/../lib/gcc/mips64-elf/14.2.0/../../../../mips64-elf/lib/libdragon.a(rdpq.o)
                0x8002c6e0                __rdpq_block_begin
 .text.__rdpq_block_next_buffer
                0x8002c720      0x1e0 /opt/libdragon/bin/../lib/gcc/mips64-elf/14.2.0/../../../../mips64-elf/lib/libdragon.a(rdpq.o)
                0x8002c720                __rdpq_block_next_buffer
 .text.rdpq_fence
                0x8002c900      0x140 /opt/libdragon/bin/../lib/gcc/mips64-elf/14.2.0/../../../../mips64-elf/lib/libdragon.a(rdpq.o)
                0x8002c900                rdpq_fence
 .text.__rdpq_block_end
                0x8002ca40       0x40 /opt/libdragon/bin/../lib/gcc/mips64-elf/14.2.0/../../../../mips64-elf/lib/libdragon.a(rdpq.o)
                0x8002ca40                __rdpq_block_end
 .text.__rdpq_block_run
                0x8002ca80       0xa0 /opt/libdragon/bin/../lib/gcc/mips64-elf/14.2.0/../../../../mips64-elf/lib/libdragon.a(rdpq.o)
                0x8002ca80                __rdpq_block_run
 .text.__rdpq_block_reserve
                0x8002cb20      0x120 /opt/libdragon/bin/../lib/gcc/mips64-elf/14.2.0/../../../../mips64-elf/lib/libdragon.a(rdpq.o)
                0x8002cb20                __rdpq_block_reserve
 .text.__rdpq_block_update
                0x8002cc40      0x120 /opt/libdragon/bin/../lib/gcc/mips64-elf/14.2.0/../../../../mips64-elf/lib/libdragon.a(rdpq.o)
                0x8002cc40                __rdpq_block_update
 .text.__rdpq_write8
                0x8002cd60       0xe0 /opt/libdragon/bin/../lib/gcc/mips64-elf/14.2.0/../../../../mips64-elf/lib/libdragon.a(rdpq.o)
                0x8002cd60                __rdpq_write8
 .text.__rdpq_autosync_change
                0x8002ce40      0x140 /opt/libdragon/bin/../lib/gcc/mips64-elf/14.2.0/../../../../mips64-elf/lib/libdragon.a(rdpq.o)
                0x8002ce40                __rdpq_autosync_change
 .text.__rdpq_write8_syncchange
                0x8002cf80       0x60 /opt/libdragon/bin/../lib/gcc/mips64-elf/14.2.0/../../../../mips64-elf/lib/libdragon.a(rdpq.o)
                0x8002cf80                __rdpq_write8_syncchange
 .text.rdpq_set_blend_color
                0x8002cfe0       0x20 /opt/libdragon/bin/../lib/gcc/mips64-elf/14.2.0/../../../../mips64-elf/lib/libdragon.a(rdpq.o)
                0x8002cfe0                rdpq_set_blend_color
 .text.rdpq_set_env_color
                0x8002d000       0x20 /opt/libdragon/bin/../lib/gcc/mips64-elf/14.2.0/../../../../mips64-elf/lib/libdragon.a(rdpq.o)
                0x8002d000                rdpq_set_env_color
 .text.__rdpq_fixup_write8_syncchange
                0x8002d020      0x140 /opt/libdragon/bin/../lib/gcc/mips64-elf/14.2.0/../../../../mips64-elf/lib/libdragon.a(rdpq.o)
                0x8002d020                __rdpq_fixup_write8_syncchange
 .text.rdpq_set_prim_color
                0x8002d160       0x20 /opt/libdragon/bin/../lib/gcc/mips64-elf/14.2.0/../../../../mips64-elf/lib/libdragon.a(rdpq.o)
                0x8002d160                rdpq_set_prim_color
 .text.__rdpq_write8_syncchangeuse
                0x8002d180       0x80 /opt/libdragon/bin/../lib/gcc/mips64-elf/14.2.0/../../../../mips64-elf/lib/libdragon.a(rdpq.o)
                0x8002d180                __rdpq_write8_syncchangeuse
 .text.__rdpq_set_scissor
                0x8002d200      0x100 /opt/libdragon/bin/../lib/gcc/mips64-elf/14.2.0/../../../../mips64-elf/lib/libdragon.a(rdpq.o)
                0x8002d200                __rdpq_set_scissor
 .text.__rdpq_set_fill_color
                0x8002d300      0x100 /opt/libdragon/bin/../lib/gcc/mips64-elf/14.2.0/../../../../mips64-elf/lib/libdragon.a(rdpq.o)
                0x8002d300                __rdpq_set_fill_color
 .text.__rdpq_set_color_image
                0x8002d400      0x140 /opt/libdragon/bin/../lib/gcc/mips64-elf/14.2.0/../../../../mips64-elf/lib/libdragon.a(rdpq.o)
                0x8002d400                __rdpq_set_color_image
 .text.rdpq_set_color_image
                0x8002d540      0x200 /opt/libdragon/bin/../lib/gcc/mips64-elf/14.2.0/../../../../mips64-elf/lib/libdragon.a(rdpq.o)
                0x8002d540                rdpq_set_color_image
 .text.rdpq_set_z_image
                0x8002d740       0xc0 /opt/libdragon/bin/../lib/gcc/mips64-elf/14.2.0/../../../../mips64-elf/lib/libdragon.a(rdpq.o)
                0x8002d740                rdpq_set_z_image
 .text.rdpq_set_texture_image
                0x8002d800      0x160 /opt/libdragon/bin/../lib/gcc/mips64-elf/14.2.0/../../../../mips64-elf/lib/libdragon.a(rdpq.o)
                0x8002d800                rdpq_set_texture_image
 .text.__rdpq_set_other_modes
                0x8002d960      0x140 /opt/libdragon/bin/../lib/gcc/mips64-elf/14.2.0/../../../../mips64-elf/lib/libdragon.a(rdpq.o)
                0x8002d960                __rdpq_set_other_modes
 .text.rdpq_init
                0x8002daa0      0x1c0 /opt/libdragon/bin/../lib/gcc/mips64-elf/14.2.0/../../../../mips64-elf/lib/libdragon.a(rdpq.o)
                0x8002daa0                rdpq_init
 .text.__rdpq_change_other_modes
                0x8002dc60      0x180 /opt/libdragon/bin/../lib/gcc/mips64-elf/14.2.0/../../../../mips64-elf/lib/libdragon.a(rdpq.o)
                0x8002dc60                __rdpq_change_other_modes
 .text.rdpq_set_tile_autotmem
                0x8002dde0       0xa0 /opt/libdragon/bin/../lib/gcc/mips64-elf/14.2.0/../../../../mips64-elf/lib/libdragon.a(rdpq.o)
                0x8002dde0                rdpq_set_tile_autotmem
 .text.rdpq_sync_full
                0x8002de80      0x120 /opt/libdragon/bin/../lib/gcc/mips64-elf/14.2.0/../../../../mips64-elf/lib/libdragon.a(rdpq.o)
                0x8002de80                rdpq_sync_full
 .text.rdpq_sync_pipe
                0x8002dfa0       0x60 /opt/libdragon/bin/../lib/gcc/mips64-elf/14.2.0/../../../../mips64-elf/lib/libdragon.a(rdpq.o)
                0x8002dfa0                rdpq_sync_pipe
 .text.rdpq_sync_tile
                0x8002e000       0x60 /opt/libdragon/bin/../lib/gcc/mips64-elf/14.2.0/../../../../mips64-elf/lib/libdragon.a(rdpq.o)
                0x8002e000                rdpq_sync_tile
 .text.rdpq_sync_load